Configuration on demand is an incubating feature.
Mocha test framework for Wasm target is not supported. For KotlinWasmNode used
> Task :kotlinWasmKotlinNpmCachesSetup
> Task :summon-core:kmpPartiallyResolvedDependenciesChecker
> Task :summon-core:wasmJsPackageJson UP-TO-DATE
> Task :summon-core:wasmJsTestPackageJson UP-TO-DATE
> Task :summon-core:wasmJsPublicPackageJson UP-TO-DATE
> Task :summon-core:wasmJsTestPublicPackageJson UP-TO-DATE
> Task :summon-core:checkKotlinGradlePluginConfigurationErrors SKIPPED
> Task :summon-core:compileKotlinWasmJs UP-TO-DATE
> Task :summon-core:wasmJsProcessResources NO-SOURCE
> Task :summon-core:wasmJsMainClasses UP-TO-DATE
> Task :summon-core:compileTestKotlinWasmJs UP-TO-DATE
> Task :summon-core:wasmJsTestProcessResources UP-TO-DATE
> Task :summon-core:wasmJsTestClasses UP-TO-DATE
> Task :summon-core:compileTestDevelopmentExecutableKotlinWasmJs UP-TO-DATE
> Task :summon-core:wasmJsTestTestDevelopmentExecutableCompileSync UP-TO-DATE
> Task :kotlinWasmNodeJsSetup UP-TO-DATE
> Task :kotlinWasmRestoreYarnLock UP-TO-DATE
> Task :kotlinWasmYarnSetup UP-TO-DATE
> Task :kotlinWasmPackageJsonUmbrella UP-TO-DATE
> Task :wasmRootPackageJson UP-TO-DATE
> Task :summon-core:kotlinWasmNodeJsSetup UP-TO-DATE
> Task :kotlinWasmNpmInstall UP-TO-DATE
> Task :kotlinWasmStoreYarnLock UP-TO-DATE
> Task :kotlinWasmToolingSetup UP-TO-DATE

codes.yousef.summon.accessibility.AccessibilityTreeTest.testCreateRoleModifier[wasmJs, node] PASSED

codes.yousef.summon.accessibility.AccessibilityTreeTest.testCreateLabelModifier[wasmJs, node] PASSED

codes.yousef.summon.accessibility.AccessibilityTreeTest.testCreateRelationshipModifier[wasmJs, node] PASSED

codes.yousef.summon.accessibility.AccessibilityTreeTest.testInspectAccessibility[wasmJs, node] PASSED

codes.yousef.summon.accessibility.AccessibilityTreeTest.testModifierInspectAccessibilityExtension[wasmJs, node] PASSED

codes.yousef.summon.accessibility.AccessibilityTreeTest.testAccessibilityNodeCreation[wasmJs, node] PASSED

codes.yousef.summon.accessibility.AccessibilityTreeTest.testAccessibilityTreeCreation[wasmJs, node] PASSED

codes.yousef.summon.accessibility.AccessibilityTreeTest.testFindNode[wasmJs, node] PASSED

codes.yousef.summon.accessibility.AccessibilityTreeTest.testFindAllNodes[wasmJs, node] PASSED

codes.yousef.summon.accessibility.ContrastCheckingTest.testCheckContrastWithNormalText[wasmJs, node] PASSED

codes.yousef.summon.accessibility.ContrastCheckingTest.testCheckContrastWithLargeText[wasmJs, node] PASSED

codes.yousef.summon.accessibility.ContrastCheckingTest.testHexToRgbConversion[wasmJs, node] PASSED

codes.yousef.summon.accessibility.ContrastCheckingTest.testSuggestColors[wasmJs, node] PASSED

codes.yousef.summon.accessibility.ContrastCheckingTest.testAlreadyPassingColors[wasmJs, node] PASSED

codes.yousef.summon.accessibility.FocusManagementTest.testCreateFocusModifier[wasmJs, node] PASSED

codes.yousef.summon.accessibility.FocusManagementTest.testCreateFocusPoint[wasmJs, node] PASSED

codes.yousef.summon.accessibility.FocusManagementTest.testCreateFocusTrap[wasmJs, node] PASSED

codes.yousef.summon.accessibility.FocusManagementTest.testCreateFocusScope[wasmJs, node] PASSED

codes.yousef.summon.accessibility.FocusManagementTest.testFocusManagerRegistration[wasmJs, node] PASSED

codes.yousef.summon.accessibility.FocusManagementTest.testFocusManagerClearFocus[wasmJs, node] PASSED

codes.yousef.summon.accessibility.FocusManagementTest.testGenerateRandomId[wasmJs, node] PASSED

codes.yousef.summon.accessibility.KeyboardNavigationTest.testFocusableExtension[wasmJs, node] PASSED

codes.yousef.summon.accessibility.KeyboardNavigationTest.testFocusTrapExtension[wasmJs, node] PASSED

codes.yousef.summon.accessibility.KeyboardNavigationTest.testAutoFocusExtension[wasmJs, node] PASSED

codes.yousef.summon.accessibility.KeyboardNavigationTest.testKeyboardHandlersExtension[wasmJs, node] PASSED

codes.yousef.summon.accessibility.KeyboardNavigationTest.testKeyboardNavigationExtensionWithDefaults[wasmJs, node] PASSED

codes.yousef.summon.accessibility.KeyboardNavigationTest.testKeyboardNavigationExtensionWithFullConfig[wasmJs, node] PASSED

codes.yousef.summon.accessibility.KeyboardNavigationTest.testKeyboardKeysConstants[wasmJs, node] PASSED

codes.yousef.summon.animation.AnimationModifiersTest.testBasicAnimate[wasmJs, node] PASSED

codes.yousef.summon.animation.AnimationModifiersTest.testSpringAnimation[wasmJs, node] PASSED

codes.yousef.summon.animation.AnimationModifiersTest.testAnimateWithEasing[wasmJs, node] PASSED

codes.yousef.summon.animation.AnimationModifiersTest.testFadeInAnimation[wasmJs, node] PASSED

codes.yousef.summon.animation.AnimationModifiersTest.testFadeOutAnimation[wasmJs, node] PASSED

codes.yousef.summon.animation.AnimationModifiersTest.testSlideInFromTopAnimation[wasmJs, node] PASSED

codes.yousef.summon.animation.AnimationModifiersTest.testZoomInAnimation[wasmJs, node] PASSED

codes.yousef.summon.animation.AnimationModifiersTest.testPulseAnimation[wasmJs, node] PASSED

codes.yousef.summon.animation.AnimationModifiersTest.testTransition[wasmJs, node] PASSED

codes.yousef.summon.animation.AnimationModifiersTest.testAnimOpacity[wasmJs, node] PASSED

codes.yousef.summon.animation.AnimationModifiersTest.testSlideIn[wasmJs, node] PASSED

codes.yousef.summon.animation.AnimationModifiersTest.testSlideOut[wasmJs, node] PASSED

codes.yousef.summon.animation.AnimationModifiersTest.testScale[wasmJs, node] PASSED

codes.yousef.summon.animation.AnimationModifiersTest.testAnimStyle[wasmJs, node] PASSED

codes.yousef.summon.animation.AnimationTest.testSpringAnimationDefaults[wasmJs, node] PASSED

codes.yousef.summon.animation.AnimationTest.testSpringAnimationCustomValues[wasmJs, node] PASSED

codes.yousef.summon.animation.AnimationTest.testSpringAnimationGetValue[wasmJs, node] PASSED

codes.yousef.summon.animation.AnimationTest.testSpringAnimationToCssAnimationString[wasmJs, node] PASSED

codes.yousef.summon.animation.AnimationTest.testSpringAnimationToCssKeyframes[wasmJs, node] PASSED

codes.yousef.summon.animation.AnimationTest.testTweenAnimationDefaults[wasmJs, node] PASSED

codes.yousef.summon.animation.AnimationTest.testTweenAnimationCustomValues[wasmJs, node] PASSED

codes.yousef.summon.animation.AnimationTest.testTweenAnimationGetValue[wasmJs, node] PASSED

codes.yousef.summon.animation.AnimationTest.testTweenAnimationToCssAnimationString[wasmJs, node] PASSED

codes.yousef.summon.animation.AnimationTest.testTweenAnimationToCssKeyframes[wasmJs, node] PASSED

codes.yousef.summon.animation.AnimationTest.testEasingGetValueBoundaries[wasmJs, node] PASSED

codes.yousef.summon.animation.AnimationTest.testEasingToCssString[wasmJs, node] PASSED

codes.yousef.summon.annotation.ComposableTest.testComposableAnnotationOnFunction[wasmJs, node] PASSED

codes.yousef.summon.annotation.ComposableTest.testComposableAnnotationOnPropertyGetter[wasmJs, node] PASSED

codes.yousef.summon.annotation.ComposableTest.testComposableAnnotationAsTypeParameter[wasmJs, node] PASSED

codes.yousef.summon.annotation.ComposableTest.testStandardComposableTypealias[wasmJs, node] PASSED

codes.yousef.summon.annotation.ComposableTest.testStandardComposableIsInterchangeable[wasmJs, node] PASSED

codes.yousef.summon.components.ModifierComponentsTest.testMarkerInterfacesCanBeImplemented[wasmJs, node] PASSED

codes.yousef.summon.components.ModifierComponentsTest.testTypeChecking[wasmJs, node] PASSED

codes.yousef.summon.components.display.IconTest.testIconWithDefaultParameters[wasmJs, node] PASSED

codes.yousef.summon.components.display.IconTest.testIconWithCustomModifier[wasmJs, node] PASSED

codes.yousef.summon.components.display.IconTest.testIconWithSizeAndColor[wasmJs, node] PASSED

codes.yousef.summon.components.display.IconTest.testIconWithOnClick[wasmJs, node] PASSED

codes.yousef.summon.components.display.IconTest.testIconWithAriaLabel[wasmJs, node] PASSED

codes.yousef.summon.components.display.IconTest.testMaterialIcon[wasmJs, node] PASSED

codes.yousef.summon.components.display.IconTest.testSvgIcon[wasmJs, node] PASSED

codes.yousef.summon.components.display.ImageTest.testImageWithDefaultParameters[wasmJs, node] PASSED

codes.yousef.summon.components.display.ImageTest.testImageWithCustomModifier[wasmJs, node] PASSED

codes.yousef.summon.components.display.ImageTest.testImageWithWidthAndHeight[wasmJs, node] PASSED

codes.yousef.summon.components.display.ImageTest.testImageWithContentDescription[wasmJs, node] PASSED

codes.yousef.summon.components.display.ImageTest.testImageWithLoadingStrategy[wasmJs, node] PASSED

codes.yousef.summon.components.display.RichTextTest.testRichTextWithSafeHTML[wasmJs, node] PASSED

codes.yousef.summon.components.display.RichTextTest.testRichTextWithSanitizationDisabled[wasmJs, node] PASSED

codes.yousef.summon.components.display.RichTextTest.testRichTextSanitizesXSSAttempts[wasmJs, node] PASSED

codes.yousef.summon.components.display.RichTextTest.testHtmlComponentForTrustedContent[wasmJs, node] PASSED

codes.yousef.summon.components.display.RichTextTest.testRawHtmlBuilderDisablesSanitization[wasmJs, node] PASSED

codes.yousef.summon.components.display.RichTextTest.testMarkdownComponent[wasmJs, node] PASSED

codes.yousef.summon.components.display.RichTextTest.testRichTextWithModifier[wasmJs, node] PASSED

codes.yousef.summon.components.display.RichTextTest.testRichTextWithEmptyContent[wasmJs, node] PASSED

codes.yousef.summon.components.display.RichTextTest.testAllowedTagsPreservation[wasmJs, node] PASSED

codes.yousef.summon.components.display.TextTest.testTextWithDefaultParameters[wasmJs, node] PASSED

codes.yousef.summon.components.display.TextTest.testTextWithStyling[wasmJs, node] PASSED

codes.yousef.summon.components.display.TextTest.testTextWithMaxLines[wasmJs, node] PASSED

codes.yousef.summon.components.display.TextTest.testTextWithAccessibility[wasmJs, node] PASSED

codes.yousef.summon.components.display.TextTest.testLabel[wasmJs, node] PASSED

codes.yousef.summon.components.display.TextTest.testTextComponent[wasmJs, node] PASSED

codes.yousef.summon.components.display.TextUtilsTest.testH1[wasmJs, node] PASSED

codes.yousef.summon.components.display.TextUtilsTest.testParagraph[wasmJs, node] PASSED

codes.yousef.summon.components.display.TextUtilsTest.testErrorText[wasmJs, node] PASSED

codes.yousef.summon.components.display.TextUtilsTest.testScreenReaderText[wasmJs, node] PASSED

codes.yousef.summon.components.feedback.AlertBuilderTest.testAlertBuilderDefaultValues[wasmJs, node] PASSED

codes.yousef.summon.components.feedback.AlertBuilderTest.testAlertBuilderCustomValues[wasmJs, node] PASSED

codes.yousef.summon.components.feedback.AlertTest.testAlertWithDefaultParameters[wasmJs, node] PASSED

codes.yousef.summon.components.feedback.AlertTest.testAlertWithCustomVariant[wasmJs, node] PASSED

codes.yousef.summon.components.feedback.AlertTest.testAlertWithCustomModifier[wasmJs, node] PASSED

codes.yousef.summon.components.feedback.AlertTest.testAlertWithDismissCallback[wasmJs, node] PASSED

codes.yousef.summon.components.feedback.AlertTest.testAlertWithStringMessage[wasmJs, node] PASSED

codes.yousef.summon.components.feedback.AlertVariantTest.testEnumValues[wasmJs, node] PASSED

codes.yousef.summon.components.feedback.AlertVariantTest.testEnumCount[wasmJs, node] PASSED

codes.yousef.summon.components.feedback.AlertVariantTest.testEnumNames[wasmJs, node] PASSED

codes.yousef.summon.components.feedback.AlertVariantTest.testEnumOrdinals[wasmJs, node] PASSED

codes.yousef.summon.components.feedback.BadgeTest.testBadgeWithDefaultParameters[wasmJs, node] PASSED

codes.yousef.summon.components.feedback.BadgeTest.testBadgeWithCustomType[wasmJs, node] PASSED

codes.yousef.summon.components.feedback.BadgeTest.testBadgeWithCustomShape[wasmJs, node] PASSED

codes.yousef.summon.components.feedback.BadgeTest.testBadgeWithOutlinedStyle[wasmJs, node] PASSED

codes.yousef.summon.components.feedback.BadgeTest.testBadgeWithCustomSize[wasmJs, node] PASSED

codes.yousef.summon.components.feedback.BadgeTest.testBadgeWithClickHandler[wasmJs, node] PASSED

codes.yousef.summon.components.feedback.BadgeTest.testStatusBadge[wasmJs, node] PASSED

codes.yousef.summon.components.feedback.BadgeTest.testCounterBadge[wasmJs, node] PASSED

codes.yousef.summon.components.feedback.BadgeTest.testDotBadge[wasmJs, node] PASSED

codes.yousef.summon.components.feedback.ProgressBarTest.testProgressBarWithSpecificValue[wasmJs, node] PASSED

codes.yousef.summon.components.feedback.ProgressBarTest.testProgressBarIndeterminate[wasmJs, node] PASSED

codes.yousef.summon.components.feedback.ProgressTest.testProgressDataClass[wasmJs, node] PASSED

codes.yousef.summon.components.feedback.ProgressTest.testIsIndeterminate[wasmJs, node] PASSED

codes.yousef.summon.components.feedback.ProgressTest.testGetPercentage[wasmJs, node] PASSED

codes.yousef.summon.components.feedback.ProgressTest.testGetTypeStyles[wasmJs, node] PASSED

codes.yousef.summon.components.feedback.ProgressTest.testGetAnimationStyles[wasmJs, node] PASSED

codes.yousef.summon.components.feedback.ProgressTest.testGetAnimationKeyframes[wasmJs, node] PASSED

codes.yousef.summon.components.feedback.ProgressTest.testGetAccessibilityAttributes[wasmJs, node] PASSED

codes.yousef.summon.components.feedback.ProgressTest.testLinearProgressFunction[wasmJs, node] PASSED

codes.yousef.summon.components.feedback.ProgressTest.testCircularProgressFunction[wasmJs, node] PASSED

codes.yousef.summon.components.feedback.ProgressTest.testLoadingFunction[wasmJs, node] PASSED

codes.yousef.summon.components.feedback.ProgressTest.testLinearProgressComposable[wasmJs, node] PASSED

codes.yousef.summon.components.feedback.ProgressTest.testCircularProgressComposable[wasmJs, node] PASSED

codes.yousef.summon.components.feedback.ProgressTest.testIndeterminateProgressComposable[wasmJs, node] PASSED

codes.yousef.summon.components.feedback.SnackbarHostTest.testSnackbarDataDefaults[wasmJs, node] PASSED

codes.yousef.summon.components.feedback.SnackbarHostTest.testSnackbarDataCustomValues[wasmJs, node] PASSED

codes.yousef.summon.components.feedback.SnackbarHostTest.testSnackbarHostStateInitialState[wasmJs, node] PASSED

codes.yousef.summon.components.feedback.SnackbarHostTest.testSnackbarHostStateShowSnackbar[wasmJs, node] PASSED

codes.yousef.summon.components.feedback.SnackbarHostTest.testSnackbarHostStateRemoveSnackbar[wasmJs, node] PASSED

codes.yousef.summon.components.feedback.SnackbarHostTest.testSnackbarHostStateClearAll[wasmJs, node] PASSED

codes.yousef.summon.components.feedback.SnackbarHostTest.testRememberSnackbarHostState[wasmJs, node] PASSED

codes.yousef.summon.components.feedback.SnackbarTest.testSnackbarVariantColors[wasmJs, node] PASSED

codes.yousef.summon.components.feedback.SnackbarTest.testSnackbarWithDefaultParameters[wasmJs, node] PASSED

codes.yousef.summon.components.feedback.SnackbarTest.testSnackbarWithAction[wasmJs, node] PASSED

codes.yousef.summon.components.feedback.SnackbarTest.testSnackbarWithCustomVariant[wasmJs, node] PASSED

codes.yousef.summon.components.feedback.SnackbarTest.testSnackbarWithCustomPosition[wasmJs, node] PASSED

codes.yousef.summon.components.feedback.SnackbarTest.testSnackbarWithCustomDuration[wasmJs, node] PASSED

codes.yousef.summon.components.feedback.SnackbarTest.testSnackbarWithCustomModifier[wasmJs, node] PASSED

codes.yousef.summon.components.feedback.TooltipTest.testGetPlacementStyles[wasmJs, node] PASSED

codes.yousef.summon.components.feedback.TooltipTest.testGetArrowStyles[wasmJs, node] PASSED

codes.yousef.summon.components.feedback.TooltipTest.testGetAccessibilityAttributes[wasmJs, node] PASSED

codes.yousef.summon.components.feedback.TooltipTest.testGetTriggerAttributes[wasmJs, node] PASSED

codes.yousef.summon.components.foundation.BasicTextTest.testBasicTextWithDefaultParameters[wasmJs, node] PASSED

codes.yousef.summon.components.foundation.BasicTextTest.testBasicTextWithCustomStyle[wasmJs, node] PASSED

codes.yousef.summon.components.foundation.BasicTextTest.testBasicTextWithCustomModifier[wasmJs, node] PASSED

codes.yousef.summon.components.foundation.BasicTextTest.testBasicTextWithTextLayoutCallback[wasmJs, node] PASSED

codes.yousef.summon.components.foundation.HtmlPrimitivesTest.canvasEmitsAttributesAndDimensions[wasmJs, node] PASSED

codes.yousef.summon.components.foundation.HtmlPrimitivesTest.scriptTagSupportsExternalSources[wasmJs, node] PASSED

codes.yousef.summon.components.foundation.HtmlPrimitivesTest.scriptTagSupportsInlineContent[wasmJs, node] PASSED

codes.yousef.summon.components.foundation.ThemeProviderTest.testThemeProviderWithDefaultTheme[wasmJs, node] PASSED

codes.yousef.summon.components.foundation.ThemeProviderTest.testThemeProviderWithCustomTheme[wasmJs, node] PASSED

codes.yousef.summon.components.foundation.ThemeProviderTest.testNestedThemeProviders[wasmJs, node] PASSED

codes.yousef.summon.components.foundation.ThemeProviderTest.testThemeWithDesignTokens[wasmJs, node] PASSED

codes.yousef.summon.components.foundation.ThemeProviderTest.testThemeUtilityFunctions[wasmJs, node] PASSED

codes.yousef.summon.components.foundation.ThemeProviderTest.testThemeBreakpoints[wasmJs, node] PASSED

codes.yousef.summon.components.foundation.ThemeProviderTest.testThemeTypography[wasmJs, node] PASSED

codes.yousef.summon.components.foundation.ThemeProviderTest.testDarkThemeVariant[wasmJs, node] PASSED

codes.yousef.summon.components.input.ButtonStateTest.testButtonClickUpdatesState[wasmJs, node] STANDARD_OUT
    [DEBUG_LOG] Button component called
    [DEBUG_LOG] Simulating button click...
    [DEBUG_LOG] Button clicked!
    [DEBUG_LOG] Button click simulation complete

codes.yousef.summon.components.input.ButtonStateTest.testButtonClickUpdatesState[wasmJs, node] PASSED

codes.yousef.summon.components.input.ButtonStateTest.testMultipleButtonClicksUpdateState[wasmJs, node] STANDARD_OUT
    [DEBUG_LOG] Clicking button 3 times...
    [DEBUG_LOG] Button clicked, count now: 1
    [DEBUG_LOG] Button clicked, count now: 2
    [DEBUG_LOG] Button clicked, count now: 3

codes.yousef.summon.components.input.ButtonStateTest.testMultipleButtonClicksUpdateState[wasmJs, node] PASSED

codes.yousef.summon.components.input.ButtonStateTest.testButtonStateChangeTriggersRecomposition[wasmJs, node] STANDARD_OUT
    [DEBUG_LOG] Simulating button click to test state change...
    [DEBUG_LOG] Button onClick called, click count: 1
    [DEBUG_LOG] Button state change test complete

codes.yousef.summon.components.input.ButtonStateTest.testButtonStateChangeTriggersRecomposition[wasmJs, node] PASSED

codes.yousef.summon.components.input.ButtonTest.testDefaultButton[wasmJs, node] PASSED

codes.yousef.summon.components.input.ButtonTest.testButtonVariants[wasmJs, node] PASSED

codes.yousef.summon.components.input.ButtonTest.testButtonWithIconAndLabel[wasmJs, node] PASSED

codes.yousef.summon.components.input.ButtonTest.testDisabledButton[wasmJs, node] PASSED

codes.yousef.summon.components.input.ButtonTest.buttonSupportsDataAttributesAndNullableOnClick[wasmJs, node] PASSED

codes.yousef.summon.components.input.CheckboxTest.testCheckboxWithDefaultParameters[wasmJs, node] PASSED

codes.yousef.summon.components.input.CheckboxTest.testCheckboxWithCustomModifier[wasmJs, node] PASSED

codes.yousef.summon.components.input.CheckboxTest.testDisabledCheckbox[wasmJs, node] PASSED

codes.yousef.summon.components.input.CheckboxTest.testCheckboxWithValidation[wasmJs, node] PASSED

codes.yousef.summon.components.input.CheckboxTest.testStatefulCheckbox[wasmJs, node] PASSED

codes.yousef.summon.components.input.DatePickerTest.testBasicDatePickerRendering[wasmJs, node] PASSED

codes.yousef.summon.components.input.DatePickerTest.testDisabledDatePicker[wasmJs, node] PASSED

codes.yousef.summon.components.input.DatePickerTest.testDatePickerRangeValidation[wasmJs, node] PASSED

codes.yousef.summon.components.input.FileUploadTest.testBasicFileUploadRenderingAndCallback[wasmJs, node] PASSED

codes.yousef.summon.components.input.FileUploadTest.testDisabledFileUpload[wasmJs, node] PASSED

codes.yousef.summon.components.input.FileUploadTest.testStatefulFileUpload[wasmJs, node] PASSED

codes.yousef.summon.components.input.FormFieldTest.testBasicFormFieldRendering[wasmJs, node] PASSED

codes.yousef.summon.components.input.FormFieldTest.testFormFieldWithLabel[wasmJs, node] PASSED

codes.yousef.summon.components.input.FormFieldTest.testFormFieldWithRequiredState[wasmJs, node] PASSED

codes.yousef.summon.components.input.FormFieldTest.testFormFieldWithErrorStateAndText[wasmJs, node] PASSED

codes.yousef.summon.components.input.FormFieldTest.testFormFieldWithErrorStateNoErrorText[wasmJs, node] PASSED

codes.yousef.summon.components.input.FormFieldTest.testFormFieldWithHelperText[wasmJs, node] PASSED

codes.yousef.summon.components.input.FormFieldTest.testFormFieldHelperTextTakesPrecedenceWhenNoError[wasmJs, node] PASSED

codes.yousef.summon.components.input.FormFieldTest.testFormFieldErrorTextTakesPrecedenceWhenError[wasmJs, node] PASSED

codes.yousef.summon.components.input.FormStateTest.testRegisterField[wasmJs, node] PASSED

codes.yousef.summon.components.input.FormStateTest.testValidate_AllValid[wasmJs, node] PASSED

codes.yousef.summon.components.input.FormStateTest.testValidate_SomeInvalid[wasmJs, node] PASSED

codes.yousef.summon.components.input.FormStateTest.testValidate_AllInvalid[wasmJs, node] PASSED

codes.yousef.summon.components.input.FormStateTest.testValidate_NoFields[wasmJs, node] PASSED

codes.yousef.summon.components.input.FormStateTest.testSubmit_ValidForm[wasmJs, node] PASSED

codes.yousef.summon.components.input.FormStateTest.testSubmit_InvalidForm[wasmJs, node] PASSED

codes.yousef.summon.components.input.FormStateTest.testSubmit_NoFields[wasmJs, node] PASSED

codes.yousef.summon.components.input.MarkdownEditorTest.rendersTextAreaWithProvidedValue[wasmJs, node] PASSED

codes.yousef.summon.components.input.MarkdownEditorTest.rendersPreviewWhenEnabled[wasmJs, node] PASSED

codes.yousef.summon.components.input.MarkdownEditorTest.skipsPreviewWhenDisabled[wasmJs, node] PASSED

codes.yousef.summon.components.input.RadioButtonTest.testBasicRadioButtonRendering[wasmJs, node] PASSED

codes.yousef.summon.components.input.RadioButtonTest.testInitialSelectedState[wasmJs, node] PASSED

codes.yousef.summon.components.input.RadioButtonTest.testDisabledRadioButton[wasmJs, node] PASSED

codes.yousef.summon.components.input.RangeSliderTest.testBasicRangeSliderRendering[wasmJs, node] PASSED

codes.yousef.summon.components.input.RangeSliderTest.testDisabledRangeSlider[wasmJs, node] PASSED

codes.yousef.summon.components.input.RangeSliderTest.testStatefulRangeSlider[wasmJs, node] PASSED

codes.yousef.summon.components.input.SelectTest.testBasicSelectRendering[wasmJs, node] PASSED

codes.yousef.summon.components.input.SelectTest.testSelectWithInitialValue[wasmJs, node] PASSED

codes.yousef.summon.components.input.SelectTest.testDisabledSelect[wasmJs, node] PASSED

codes.yousef.summon.components.input.SelectTest.testSelectWithLabel[wasmJs, node] PASSED

codes.yousef.summon.components.input.SelectTest.testSelectWithPlaceholder[wasmJs, node] PASSED

codes.yousef.summon.components.input.SelectTest.testSelectOnChangeCallback[wasmJs, node] PASSED

codes.yousef.summon.components.input.SelectTest.testSelectWithMultiple[wasmJs, node] PASSED

codes.yousef.summon.components.input.SelectTest.testSelectWithSize[wasmJs, node] PASSED

codes.yousef.summon.components.input.SelectTest.testSelectWithCustomModifier[wasmJs, node] PASSED

codes.yousef.summon.components.input.SelectTest.testSelectWithAllOptions[wasmJs, node] PASSED

codes.yousef.summon.components.input.SliderTest.testSliderInitializationAndInteraction[wasmJs, node] PASSED

codes.yousef.summon.components.input.SliderTest.testDisabledSlider[wasmJs, node] PASSED

codes.yousef.summon.components.input.SliderTest.testStatefulSlider[wasmJs, node] PASSED

codes.yousef.summon.components.input.SwitchTest.testSwitchInteractionAndRecomposition[wasmJs, node] PASSED

codes.yousef.summon.components.input.SwitchTest.testStatefulSwitch[wasmJs, node] PASSED

codes.yousef.summon.components.input.SwitchTest.testStatefulSwitchDefaultInitialState[wasmJs, node] PASSED

codes.yousef.summon.components.input.SwitchTest.testDisabledSwitchDoesNotCallCallback[wasmJs, node] PASSED

codes.yousef.summon.components.input.TextAreaTest.testBasicTextAreaRendering[wasmJs, node] PASSED

codes.yousef.summon.components.input.TextAreaTest.testStatefulTextArea[wasmJs, node] PASSED

codes.yousef.summon.components.input.TextFieldTest.testTextFieldWithDefaultParameters[wasmJs, node] PASSED

codes.yousef.summon.components.input.TextFieldTest.testTextFieldWithPlaceholder[wasmJs, node] PASSED

codes.yousef.summon.components.input.TextFieldTest.testTextFieldWithDifferentTypes[wasmJs, node] PASSED

codes.yousef.summon.components.input.TextFieldTest.testDisabledTextField[wasmJs, node] PASSED

codes.yousef.summon.components.input.TextFieldTest.testReadOnlyTextField[wasmJs, node] PASSED

codes.yousef.summon.components.input.TextFieldTest.testTextFieldWithValidation[wasmJs, node] PASSED

codes.yousef.summon.components.input.TextFieldTest.testStatefulTextField[wasmJs, node] PASSED

codes.yousef.summon.components.input.TimePickerTest.testBasicTimePickerRendering[wasmJs, node] PASSED

codes.yousef.summon.components.input.TimePickerTest.testDisabledTimePicker[wasmJs, node] PASSED

codes.yousef.summon.components.input.TimePickerTest.testStatefulTimePicker[wasmJs, node] PASSED

codes.yousef.summon.components.integrationtest.FeatureIntegrationTest.testGlobalStyleWithThemeProvider[wasmJs, node] PASSED

codes.yousef.summon.components.integrationtest.FeatureIntegrationTest.testRichTextWithGlobalStyling[wasmJs, node] PASSED

codes.yousef.summon.components.integrationtest.FeatureIntegrationTest.testCompleteUIWithAllFeatures[wasmJs, node] PASSED

codes.yousef.summon.components.integrationtest.FeatureIntegrationTest.testHtmlSanitizationWithGlobalStyles[wasmJs, node] PASSED

codes.yousef.summon.components.integrationtest.FeatureIntegrationTest.testThemeProviderNesting[wasmJs, node] PASSED

codes.yousef.summon.components.layout.AspectRatioTest.testAspectRatioWithDefaultModifier[wasmJs, node] PASSED

codes.yousef.summon.components.layout.AspectRatioTest.testAspectRatioWithCustomModifier[wasmJs, node] PASSED

codes.yousef.summon.components.layout.AspectRatioTest.testAspectRatioWithDifferentRatios[wasmJs, node] PASSED

codes.yousef.summon.components.layout.BoxTest.testBoxWithDefaultModifier[wasmJs, node] PASSED

codes.yousef.summon.components.layout.BoxTest.testBoxWithCustomModifier[wasmJs, node] PASSED

codes.yousef.summon.components.layout.CardTest.testCardWithDefaultModifier[wasmJs, node] PASSED

codes.yousef.summon.components.layout.CardTest.testCardWithCustomModifier[wasmJs, node] PASSED

codes.yousef.summon.components.layout.CardTest.testCardWithCustomElevationAndBorderRadius[wasmJs, node] PASSED

codes.yousef.summon.components.layout.CardTest.testCardWithOnClickHandler[wasmJs, node] PASSED

codes.yousef.summon.components.layout.ColumnTest.testColumnWithDefaultModifier[wasmJs, node] PASSED

codes.yousef.summon.components.layout.ColumnTest.testColumnWithCustomModifier[wasmJs, node] PASSED

codes.yousef.summon.components.layout.DivTest.testDivWithDefaultModifier[wasmJs, node] PASSED

codes.yousef.summon.components.layout.DivTest.testDivWithCustomModifier[wasmJs, node] PASSED

codes.yousef.summon.components.layout.DivTest.testSpanWithDefaultModifier[wasmJs, node] PASSED

codes.yousef.summon.components.layout.DivTest.testSpanWithCustomModifier[wasmJs, node] PASSED

codes.yousef.summon.components.layout.DividerTest.testDividerWithDefaultModifier[wasmJs, node] PASSED

codes.yousef.summon.components.layout.DividerTest.testDividerWithCustomModifier[wasmJs, node] PASSED

codes.yousef.summon.components.layout.DividerTest.testDividerWithCustomParameters[wasmJs, node] PASSED

codes.yousef.summon.components.layout.ExpansionPanelTest.testExpansionPanelWithDefaultModifier[wasmJs, node] PASSED

codes.yousef.summon.components.layout.ExpansionPanelTest.testExpansionPanelWithCustomModifier[wasmJs, node] PASSED

codes.yousef.summon.components.layout.ExpansionPanelTest.testExpansionPanelWithCustomParameters[wasmJs, node] PASSED

codes.yousef.summon.components.layout.GridTest.testGridWithDefaultParameters[wasmJs, node] PASSED

codes.yousef.summon.components.layout.GridTest.testGridWithAllParameters[wasmJs, node] PASSED

codes.yousef.summon.components.layout.GridTest.testGridWithCustomModifier[wasmJs, node] PASSED

codes.yousef.summon.components.layout.LazyColumnTest.testLazyColumnWithDefaultParameters[wasmJs, node] PASSED

codes.yousef.summon.components.layout.LazyColumnTest.testLazyColumnWithCustomModifier[wasmJs, node] PASSED

codes.yousef.summon.components.layout.LazyColumnTest.testLazyColumnWithItems[wasmJs, node] PASSED

codes.yousef.summon.components.layout.LazyColumnTest.testLazyListState[wasmJs, node] PASSED

codes.yousef.summon.components.layout.LazyListScopeTest.testSingleItem[wasmJs, node] PASSED

codes.yousef.summon.components.layout.LazyListScopeTest.testItems[wasmJs, node] PASSED

codes.yousef.summon.components.layout.LazyListScopeTest.testItemsIndexed[wasmJs, node] PASSED

codes.yousef.summon.components.layout.LazyListScopeTest.testStickyHeader[wasmJs, node] PASSED

codes.yousef.summon.components.layout.LazyListScopeTest.testSectionDivider[wasmJs, node] PASSED

codes.yousef.summon.components.layout.LazyListScopeTest.testSpacing[wasmJs, node] PASSED

codes.yousef.summon.components.layout.LazyListScopeTest.testMixedItems[wasmJs, node] PASSED

codes.yousef.summon.components.layout.LazyRowTest.testLazyRowWithDefaultParameters[wasmJs, node] PASSED

codes.yousef.summon.components.layout.LazyRowTest.testLazyRowWithCustomModifier[wasmJs, node] PASSED

codes.yousef.summon.components.layout.LazyRowTest.testLazyRowWithItems[wasmJs, node] PASSED

codes.yousef.summon.components.layout.ResponsiveLayoutTest.testResponsiveLayoutWithDefaultParameters[wasmJs, node] PASSED

codes.yousef.summon.components.layout.ResponsiveLayoutTest.testResponsiveLayoutWithCustomModifier[wasmJs, node] PASSED

codes.yousef.summon.components.layout.ResponsiveLayoutTest.testResponsiveLayoutWithServerSideRendering[wasmJs, node] PASSED

codes.yousef.summon.components.layout.ResponsiveLayoutTest.testScreenSizeEnum[wasmJs, node] PASSED

codes.yousef.summon.components.layout.ResponsiveLayoutTest.testResponsiveBreakpoints[wasmJs, node] PASSED

codes.yousef.summon.components.layout.RowTest.testRowWithDefaultParameters[wasmJs, node] PASSED

codes.yousef.summon.components.layout.RowTest.testRowWithCustomModifier[wasmJs, node] PASSED

codes.yousef.summon.components.layout.RowTest.testAlignmentAndArrangementEnums[wasmJs, node] PASSED

codes.yousef.summon.components.layout.SpacerTest.testSpacerWithDefaultModifier[wasmJs, node] PASSED

codes.yousef.summon.components.layout.SpacerTest.testSpacerWithCustomModifier[wasmJs, node] PASSED

codes.yousef.summon.components.navigation.LinkTest.testBasicLinkRendering[wasmJs, node] PASSED

codes.yousef.summon.components.navigation.LinkTest.linkSuppressesFallbackTextByDefault[wasmJs, node] PASSED

codes.yousef.summon.components.navigation.LinkTest.linkAllowsExplicitFallbackText[wasmJs, node] PASSED

codes.yousef.summon.components.navigation.LinkTest.clientNavigationModeOverwritesHrefAndSetsDataHref[wasmJs, node] PASSED

codes.yousef.summon.components.navigation.LinkTest.testLinkWithTargetBlank[wasmJs, node] PASSED

codes.yousef.summon.components.navigation.LinkTest.testExternalLinkFlag[wasmJs, node] PASSED

codes.yousef.summon.components.navigation.LinkTest.testNoFollowLinkFlag[wasmJs, node] PASSED

codes.yousef.summon.components.navigation.LinkTest.testCombinedFlagsAndRel[wasmJs, node] PASSED

codes.yousef.summon.components.navigation.LinkTest.testAriaAttributes[wasmJs, node] PASSED

codes.yousef.summon.components.navigation.LinkTest.testLinkWithTitle[wasmJs, node] PASSED

codes.yousef.summon.components.navigation.LinkTest.testLinkWithCustomModifier[wasmJs, node] PASSED

codes.yousef.summon.components.navigation.LinkTest.testLinkWithAllAttributes[wasmJs, node] PASSED

codes.yousef.summon.components.navigation.LinkTest.testInternalLinkWithNoAttributes[wasmJs, node] PASSED

codes.yousef.summon.components.navigation.LinkTest.testRelativeLink[wasmJs, node] PASSED

codes.yousef.summon.components.navigation.LinkTest.testAnchorLink[wasmJs, node] PASSED

codes.yousef.summon.components.navigation.LinkTest.testLinkWithMultipleRelValues[wasmJs, node] PASSED

codes.yousef.summon.components.navigation.LinkTest.testLinkWithEmptyHref[wasmJs, node] PASSED

codes.yousef.summon.components.navigation.LinkTest.testMailtoLink[wasmJs, node] PASSED

codes.yousef.summon.components.navigation.LinkTest.testTelLink[wasmJs, node] PASSED

codes.yousef.summon.components.navigation.LinkTest.testLinkTargetSelf[wasmJs, node] PASSED

codes.yousef.summon.components.navigation.LinkTest.testLinkTargetParent[wasmJs, node] PASSED

codes.yousef.summon.components.navigation.LinkTest.testLinkTargetTop[wasmJs, node] PASSED

codes.yousef.summon.components.navigation.LinkTest.anchorLinkAppliesDataAttributesAndLabelExactlyOnce[wasmJs, node] PASSED

codes.yousef.summon.components.navigation.LinkTest.linkSupportsStructuredDataAttributes[wasmJs, node] PASSED

codes.yousef.summon.components.navigation.LinkTest.clientNavigationPrefersExplicitDataHref[wasmJs, node] PASSED

codes.yousef.summon.components.navigation.LinkTest.buttonLinkCarriesDataAttributesToModifier[wasmJs, node] PASSED

codes.yousef.summon.components.navigation.TabLayoutTest.testTabLayoutRenderingWithDefaults[wasmJs, node] PASSED

codes.yousef.summon.components.navigation.TabLayoutTest.testTabLayoutRenderingWithCustomSelection[wasmJs, node] PASSED

codes.yousef.summon.components.navigation.TabLayoutTest.testTabLayoutWithNoSelectionCallback[wasmJs, node] PASSED

codes.yousef.summon.components.styles.GlobalStyleTest.testGlobalStyleWithBasicCSS[wasmJs, node] PASSED

codes.yousef.summon.components.styles.GlobalStyleTest.testGlobalStyleWithKeyframes[wasmJs, node] PASSED

codes.yousef.summon.components.styles.GlobalStyleTest.testGlobalKeyframes[wasmJs, node] PASSED

codes.yousef.summon.components.styles.GlobalStyleTest.testCssVariables[wasmJs, node] PASSED

codes.yousef.summon.components.styles.GlobalStyleTest.testMediaQuery[wasmJs, node] PASSED

codes.yousef.summon.components.styles.GlobalStyleTest.testMultipleGlobalStyles[wasmJs, node] PASSED

codes.yousef.summon.core.ComposableTest.testBasicComposableAnnotation[wasmJs, node] PASSED

codes.yousef.summon.core.ComposableTest.testComposableWithParameters[wasmJs, node] PASSED

codes.yousef.summon.core.ComposableTest.testNestedComposableFunctions[wasmJs, node] PASSED

codes.yousef.summon.core.ComposableTest.testComposableWithCustomObjects[wasmJs, node] PASSED

codes.yousef.summon.core.ComposableTest.testComposableWithComposeManagerContext[wasmJs, node] PASSED

codes.yousef.summon.core.CompositionContextTest.testCreateRootContext[wasmJs, node] PASSED

codes.yousef.summon.core.CompositionContextTest.testCreateChildContext[wasmJs, node] PASSED

codes.yousef.summon.core.CompositionContextTest.testAddAndGetComposables[wasmJs, node] PASSED

codes.yousef.summon.core.CompositionContextTest.testWithContext[wasmJs, node] PASSED

codes.yousef.summon.core.CompositionContextTest.testNestedWithContext[wasmJs, node] PASSED

codes.yousef.summon.core.CompositionContextTest.testSummonRenderException[wasmJs, node] PASSED

codes.yousef.summon.core.CompositionContextTest.testTestRendererDispose[wasmJs, node] PASSED

codes.yousef.summon.core.LocalDateTest.testFormat[wasmJs, node] PASSED

codes.yousef.summon.core.LocalDateTest.testFormatIso[wasmJs, node] PASSED

codes.yousef.summon.core.LocalDateTest.testParseLocalDate[wasmJs, node] PASSED

codes.yousef.summon.core.LocalDateTest.testIsBefore[wasmJs, node] PASSED

codes.yousef.summon.core.LocalDateTest.testIsAfter[wasmJs, node] PASSED

codes.yousef.summon.core.LocalTimeTest.testConstructorAndValidation[wasmJs, node] PASSED

codes.yousef.summon.core.LocalTimeTest.testToString[wasmJs, node] PASSED

codes.yousef.summon.core.LocalTimeTest.testParse[wasmJs, node] PASSED

codes.yousef.summon.core.LocalTimeTest.testFormatNoArgs[wasmJs, node] PASSED

codes.yousef.summon.core.LocalTimeTest.testFormatWithPattern[wasmJs, node] PASSED

codes.yousef.summon.core.LocalTimeTest.testIsBefore[wasmJs, node] PASSED

codes.yousef.summon.core.LocalTimeTest.testIsAfter[wasmJs, node] PASSED

codes.yousef.summon.core.PlatformRendererProviderTest.testGetRendererIsDeprecated[wasmJs, node] PASSED

codes.yousef.summon.core.PlatformRendererProviderTest.testSetRendererIsDeprecated[wasmJs, node] PASSED

codes.yousef.summon.core.PlatformRendererProviderTest.testPlatformRendererProviderExists[wasmJs, node] PASSED

codes.yousef.summon.core.PlatformTargetTest.platform targets should be distinct sealed class instances[wasmJs, node] PASSED

codes.yousef.summon.core.PlatformTargetTest.platform targets should have consistent identity[wasmJs, node] PASSED

codes.yousef.summon.core.PlatformTargetTest.platform targets should support when expressions[wasmJs, node] PASSED

codes.yousef.summon.core.PlatformTargetTest.browser targets should be identifiable[wasmJs, node] PASSED

codes.yousef.summon.core.PlatformTargetTest.server target should be identifiable[wasmJs, node] PASSED

codes.yousef.summon.core.PlatformTargetTest.platform target capabilities should be deterministic[wasmJs, node] PASSED

codes.yousef.summon.core.PlatformTargetTest.platform target toString should be meaningful[wasmJs, node] PASSED

codes.yousef.summon.core.PlatformDetectionTest.platformTarget should be WebAssembly when implemented[wasmJs, node] PASSED

codes.yousef.summon.core.PlatformDetectionTest.browserInfo should be detected when implemented[wasmJs, node] PASSED

codes.yousef.summon.core.PlatformDetectionTest.platformCapabilities should work when implemented[wasmJs, node] PASSED

codes.yousef.summon.core.PlatformDetectionTest.platformDetectionObject should work when implemented[wasmJs, node] PASSED

codes.yousef.summon.core.PlatformDetectionTest.platformSummary should work when implemented[wasmJs, node] PASSED

codes.yousef.summon.core.PlatformDetectionTest.platformValidation should work when implemented[wasmJs, node] PASSED

codes.yousef.summon.core.error.WasmErrorReportingTest.testWasmErrorDetection[wasmJs, node] PASSED

codes.yousef.summon.core.error.WasmErrorReportingTest.testErrorReportingIntegration[wasmJs, node] PASSED

codes.yousef.summon.core.error.WasmErrorReportingTest.testFallbackMechanismTriggers[wasmJs, node] PASSED

codes.yousef.summon.core.error.WasmErrorReportingTest.testErrorSeverityClassification[wasmJs, node] PASSED

codes.yousef.summon.core.error.WasmErrorReportingTest.testUserImpactAssessment[wasmJs, node] PASSED

codes.yousef.summon.core.error.WasmErrorReportingTest.testErrorRecoveryStrategies[wasmJs, node] PASSED

codes.yousef.summon.core.error.WasmErrorReportingTest.testErrorAggregationAndAnalytics[wasmJs, node] PASSED

codes.yousef.summon.core.error.WasmErrorReportingTest.testErrorReportingPrivacy[wasmJs, node] PASSED

codes.yousef.summon.core.error.WasmErrorReportingTest.testErrorReportingPerformanceImpact[wasmJs, node] PASSED

codes.yousef.summon.core.error.WasmErrorReportingTest.testErrorReportingResilience[wasmJs, node] PASSED

codes.yousef.summon.core.error.WasmErrorReportingTest.testDeveloperErrorExperience[wasmJs, node] PASSED

codes.yousef.summon.core.style.ColorTest.testColorConstructorAndProperties[wasmJs, node] PASSED

codes.yousef.summon.core.style.ColorTest.testWithAlpha[wasmJs, node] PASSED

codes.yousef.summon.core.style.ColorTest.testToRgbaString[wasmJs, node] PASSED

codes.yousef.summon.core.style.ColorTest.testToHexString[wasmJs, node] PASSED

codes.yousef.summon.core.style.ColorTest.testEqualsAndHashCode[wasmJs, node] PASSED

codes.yousef.summon.core.style.ColorTest.testToString[wasmJs, node] PASSED

codes.yousef.summon.core.style.ColorTest.testToCssString[wasmJs, node] PASSED

codes.yousef.summon.core.style.ColorTest.testRgbCreation[wasmJs, node] PASSED

codes.yousef.summon.core.style.ColorTest.testRgbaCreation[wasmJs, node] PASSED

codes.yousef.summon.core.style.ColorTest.testFromHex[wasmJs, node] PASSED

codes.yousef.summon.core.style.ColorTest.testColorConstants[wasmJs, node] PASSED

codes.yousef.summon.e2e.CrossBrowserTestSuite.testBrowserDetectionLogic[wasmJs, node] PASSED

codes.yousef.summon.e2e.CrossBrowserTestSuite.testFeatureParityAcrossTargets[wasmJs, node] PASSED

codes.yousef.summon.e2e.CrossBrowserTestSuite.testErrorHandlingAndFallbacks[wasmJs, node] PASSED

codes.yousef.summon.e2e.CrossBrowserTestSuite.testProgressiveEnhancement[wasmJs, node] PASSED

codes.yousef.summon.e2e.CrossBrowserTestSuite.testPerformanceConsistency[wasmJs, node] PASSED

codes.yousef.summon.e2e.CrossBrowserTestSuite.testAccessibilityCompliance[wasmJs, node] PASSED

codes.yousef.summon.e2e.CrossBrowserTestSuite.testSecurityHeadersAndCSP[wasmJs, node] PASSED

codes.yousef.summon.e2e.HydrationTest.testHydration[wasmJs, node] STANDARD_OUT
    [Summon WASM] WASM PlatformRenderer initialized with root: root
    [Summon WASM] [HydrationManager] Registering component: test-btn-hydration (Button)
    [Summon WASM] Found existing element: test-btn-hydration -> test-btn-hydration
    [Summon WASM] Found existing element: text-971035504 -> wasm-elem-1
    [Summon WASM] Prepared for hydration: scanned markers and enabled hydration mode
    [Summon WASM] [HydrationManager] Starting hydration of 1 components
    [Summon WASM] [HydrationManager] Hydrating component: test-btn-hydration
    [Summon WASM] [HydrationManager] Marking element as hydrated: test-btn-hydration
    [Summon WASM] renderButton called, onClick = HydrationTest$testHydration$lambda$lambda@664958980
    [Summon WASM] createOrReuseElement: Starting for button with ID test-btn-hydration
    [Summon WASM] createOrReuseElement: No element found in recomposition cache for: test-btn-hydration
    [Summon WASM] createOrReuseElement: Found hydration element type: WasmDOMElementWrapper
    [Summon WASM] createOrReuseElement: Reusing valid hydration element: test-btn-hydration
    [Summon WASM] attachEventListenerWithHydration called: eventType=click, elementId=test-btn-hydration, isHydrating=true
    [Summon WASM] Queued event listener for hydration: click on test-btn-hydration
    [Summon WASM] createOrReuseElement: Starting for span with ID text-971035504
    [Summon WASM] createOrReuseElement: No element found in recomposition cache for: text-971035504
    [Summon WASM] createOrReuseElement: Found hydration element type: WasmDOMElementWrapper
    [Summon WASM] createOrReuseElement: Reusing valid hydration element: text-971035504
    [Summon WASM] Appending/Registering Text element wasm-elem-1 to container
    [Summon WASM] Element wasm-elem-1 already in correct container test-btn-hydration, marking as placed
    [Summon WASM] Appending/Registering Button element test-btn-hydration to container
    [Summon WASM] Element test-btn-hydration already in correct container root, marking as placed
    [Summon WASM] [HydrationManager] Successfully hydrated: test-btn-hydration
    [Summon WASM] [HydrationManager] Hydration complete: 1 succeeded, 0 failed
    [Summon WASM] Reattaching 1 event listeners
    [Summon WASM] [Summon WASM] Registering event callback: evh-1-4d522ac5
    [Summon WASM] Successfully registered click handler for test-btn-hydration with ID: evh-1-4d522ac5
    [Summon WASM] Reattached click listener to test-btn-hydration
    [Summon WASM] Hydration finalized: event listeners reattached
    Button found: true
    Button text: 'Click Me'
    Button innerHTML: '<span data-summon-id="text-971035504" id="wasm-elem-1" data-text="Click Me" class="summon-text summon-component">Click Me</span>'
    Attribute value: 'wasm'

codes.yousef.summon.e2e.HydrationTest.testHydration[wasmJs, node] PASSED

codes.yousef.summon.effects.ClipboardAPITest.testWriteAndReadText[wasmJs, node] PASSED

codes.yousef.summon.effects.ClipboardAPITest.testHasText[wasmJs, node] PASSED

codes.yousef.summon.effects.ClipboardAPITest.testClear[wasmJs, node] PASSED

codes.yousef.summon.effects.ClipboardAPITest.testOverwriteText[wasmJs, node] PASSED

codes.yousef.summon.effects.ClipboardAPITest.testEmptyText[wasmJs, node] PASSED

codes.yousef.summon.effects.CommonEffectsExtendedExecutionTest.testUseDocumentTitle[wasmJs, node] STANDARD_OUT
    Document title updated to: Test Title

codes.yousef.summon.effects.CommonEffectsExtendedExecutionTest.testUseDocumentTitle[wasmJs, node] PASSED

codes.yousef.summon.effects.CommonEffectsExtendedExecutionTest.testUseKeyboardShortcut[wasmJs, node] STANDARD_OUT
    Setting up keyboard shortcut for key: A with modifiers: [CTRL]

codes.yousef.summon.effects.CommonEffectsExtendedExecutionTest.testUseKeyboardShortcut[wasmJs, node] PASSED

codes.yousef.summon.effects.CommonEffectsExtendedExecutionTest.testUseClickOutside[wasmJs, node] STANDARD_OUT
    Setting up click outside handler for element: ElementRef@516090753

codes.yousef.summon.effects.CommonEffectsExtendedExecutionTest.testUseClickOutside[wasmJs, node] PASSED

codes.yousef.summon.effects.CommonEffectsExtendedExecutionTest.testUseLocation[wasmJs, node] STANDARD_OUT
    Setting up location listener
    Removing location listener

codes.yousef.summon.effects.CommonEffectsExtendedExecutionTest.testUseLocation[wasmJs, node] PASSED

codes.yousef.summon.effects.CommonEffectsExtendedExecutionTest.testUseLocalStorage[wasmJs, node] STANDARD_OUT
    Initializing from localStorage with key: testKey
    Updating localStorage for key: testKey with value: initialValue
    Stored in localStorage: testKey = initialValue
    No value found in localStorage, using initial value
    Updating localStorage for key: testKey with value: newValue
    Stored in localStorage: testKey = newValue

codes.yousef.summon.effects.CommonEffectsExtendedExecutionTest.testUseLocalStorage[wasmJs, node] PASSED

codes.yousef.summon.effects.CommonEffectsExtendedExecutionTest.testUseMediaQuery[wasmJs, node] STANDARD_OUT
    Setting up media query listener for: (min-width: 768px)
    Initial media query match for '(min-width: 768px)': false
    Removing media query listener for: (min-width: 768px)

codes.yousef.summon.effects.CommonEffectsExtendedExecutionTest.testUseMediaQuery[wasmJs, node] PASSED

codes.yousef.summon.effects.CommonEffectsExtendedExecutionTest.testUseWindowSize[wasmJs, node] STANDARD_OUT
    Setting up window size listener
    Initial window size: 1024x768
    Removing window size listener

codes.yousef.summon.effects.CommonEffectsExtendedExecutionTest.testUseWindowSize[wasmJs, node] PASSED

codes.yousef.summon.effects.CommonEffectsExtendedTest.testUseDocumentTitle[wasmJs, node] PASSED

codes.yousef.summon.effects.CommonEffectsExtendedTest.testUseKeyboardShortcut[wasmJs, node] PASSED

codes.yousef.summon.effects.CommonEffectsExtendedTest.testUseClickOutside[wasmJs, node] PASSED

codes.yousef.summon.effects.CommonEffectsExtendedTest.testUseLocation[wasmJs, node] PASSED

codes.yousef.summon.effects.CommonEffectsExtendedTest.testUseLocalStorage[wasmJs, node] PASSED

codes.yousef.summon.effects.CommonEffectsExtendedTest.testUseMediaQuery[wasmJs, node] PASSED

codes.yousef.summon.effects.CommonEffectsExtendedTest.testUseWindowSize[wasmJs, node] PASSED

codes.yousef.summon.effects.CommonEffectsTest.testUseIntervalControl[wasmJs, node] STANDARD_OUT
    DummyCompositionScope.compose called - block not executed

codes.yousef.summon.effects.CommonEffectsTest.testUseIntervalControl[wasmJs, node] PASSED

codes.yousef.summon.effects.CommonEffectsTest.testUseTimeoutControl[wasmJs, node] STANDARD_OUT
    DummyCompositionScope.compose called - block not executed

codes.yousef.summon.effects.CommonEffectsTest.testUseTimeoutControl[wasmJs, node] PASSED

codes.yousef.summon.effects.EffectCompositionTest.testCombineEffects[wasmJs, node] PASSED

codes.yousef.summon.effects.EffectCompositionTest.testCombineEffectsWithDefaultPriority[wasmJs, node] PASSED

codes.yousef.summon.effects.EffectCompositionTest.testConditionalEffect[wasmJs, node] PASSED

codes.yousef.summon.effects.EffectCompositionTest.testDebouncedEffect[wasmJs, node] PASSED

codes.yousef.summon.effects.EffectCompositionTest.testThrottledEffect[wasmJs, node] PASSED

codes.yousef.summon.effects.EffectCompositionTest.testIntervalEffect[wasmJs, node] PASSED

codes.yousef.summon.effects.EffectCompositionTest.testTimeoutEffect[wasmJs, node] PASSED

codes.yousef.summon.effects.EffectTimerTest.testDebouncedEffectExecution[wasmJs, node] PASSED

codes.yousef.summon.effects.EffectTimerTest.testThrottledEffectExecution[wasmJs, node] PASSED

codes.yousef.summon.effects.EffectsExecutionTest.testEffect[wasmJs, node] PASSED

codes.yousef.summon.effects.EffectsExecutionTest.testOnMount[wasmJs, node] PASSED

codes.yousef.summon.effects.EffectsExecutionTest.testOnDispose[wasmJs, node] PASSED

codes.yousef.summon.effects.EffectsExecutionTest.testEffectWithDeps[wasmJs, node] PASSED

codes.yousef.summon.effects.EffectsExecutionTest.testOnMountWithCleanup[wasmJs, node] PASSED

codes.yousef.summon.effects.EffectsExecutionTest.testEffectWithDepsAndCleanup[wasmJs, node] PASSED

codes.yousef.summon.effects.EffectsExecutionTest.testUseInterval[wasmJs, node] PASSED

codes.yousef.summon.effects.EffectsExecutionTest.testUseTimeout[wasmJs, node] PASSED

codes.yousef.summon.effects.EffectsTest.testEffect[wasmJs, node] PASSED

codes.yousef.summon.effects.EffectsTest.testOnMount[wasmJs, node] PASSED

codes.yousef.summon.effects.EffectsTest.testOnDispose[wasmJs, node] PASSED

codes.yousef.summon.effects.EffectsTest.testEffectWithDeps[wasmJs, node] PASSED

codes.yousef.summon.effects.EffectsTest.testOnMountWithCleanup[wasmJs, node] PASSED

codes.yousef.summon.effects.EffectsTest.testEffectWithDepsAndCleanup[wasmJs, node] PASSED

codes.yousef.summon.effects.SideEffectManagementTest.testLaunchEffect[wasmJs, node] PASSED

codes.yousef.summon.effects.SideEffectManagementTest.testLaunchEffectWithDeps[wasmJs, node] PASSED

codes.yousef.summon.effects.SideEffectManagementTest.testAsyncEffect[wasmJs, node] PASSED

codes.yousef.summon.effects.SideEffectManagementTest.testAsyncEffectWithDeps[wasmJs, node] PASSED

codes.yousef.summon.effects.SideEffectManagementTest.testUpdateStateAsync[wasmJs, node] PASSED

codes.yousef.summon.effects.TimeTest.testCurrentTimeMillis[wasmJs, node] PASSED

codes.yousef.summon.effects.TimeTest.testSetTimeoutAndClearTimeoutBasic[wasmJs, node] STANDARD_OUT
    [Summon WASM] setTimeout executing callback immediately (WASM test environment)

codes.yousef.summon.effects.TimeTest.testSetTimeoutAndClearTimeoutBasic[wasmJs, node] PASSED

codes.yousef.summon.extensions.NumberExtensionsTest.testPixelExtension[wasmJs, node] PASSED

codes.yousef.summon.extensions.NumberExtensionsTest.testRemExtension[wasmJs, node] PASSED

codes.yousef.summon.extensions.NumberExtensionsTest.testEmExtension[wasmJs, node] PASSED

codes.yousef.summon.extensions.NumberExtensionsTest.testPercentExtension[wasmJs, node] PASSED

codes.yousef.summon.extensions.NumberExtensionsTest.testViewportUnits[wasmJs, node] PASSED

codes.yousef.summon.extensions.NumberExtensionsTest.testTypographyUnits[wasmJs, node] PASSED

codes.yousef.summon.extensions.NumberExtensionsTest.testTimeUnits[wasmJs, node] PASSED

codes.yousef.summon.focus.FocusManagementTest.testFocusableParameters[wasmJs, node] PASSED

codes.yousef.summon.focus.FocusManagementTest.testFocusableContainerParameters[wasmJs, node] PASSED

codes.yousef.summon.focus.FocusManagementTest.testFocusableAndFocusableContainerEquivalence[wasmJs, node] PASSED

codes.yousef.summon.focus.KeyboardNavigationTest.testNavigationStateCreation[wasmJs, node] PASSED

codes.yousef.summon.focus.KeyboardNavigationTest.testNavigationStateUpdate[wasmJs, node] STANDARD_OUT
    [Summon WASM] [Summon WASM] Requested animation frame with ID: 0
    [Summon WASM] AnimationFrameCallbackRegistry: Registered callback for frame ID: 0

codes.yousef.summon.focus.KeyboardNavigationTest.testNavigationStateUpdate[wasmJs, node] PASSED

codes.yousef.summon.i18n.DirectionalModifiersTest.testPaddingStartLogic[wasmJs, node] PASSED

codes.yousef.summon.i18n.DirectionalModifiersTest.testPaddingEndLogic[wasmJs, node] PASSED

codes.yousef.summon.i18n.DirectionalModifiersTest.testMarginStartLogic[wasmJs, node] PASSED

codes.yousef.summon.i18n.DirectionalModifiersTest.testMarginEndLogic[wasmJs, node] PASSED

codes.yousef.summon.i18n.DirectionalModifiersTest.testBorderStartLogic[wasmJs, node] PASSED

codes.yousef.summon.i18n.DirectionalModifiersTest.testBorderEndLogic[wasmJs, node] PASSED

codes.yousef.summon.i18n.DirectionalModifiersTest.testFlexRowLogic[wasmJs, node] PASSED

codes.yousef.summon.i18n.DirectionalModifiersTest.testTextAlignmentLogic[wasmJs, node] PASSED

codes.yousef.summon.i18n.DirectionalModifiersTest.testDirectionAttributeLogic[wasmJs, node] PASSED

codes.yousef.summon.i18n.I18nConfigTest.testConfigureLanguages[wasmJs, node] PASSED

codes.yousef.summon.i18n.I18nConfigTest.testDefaultLanguage[wasmJs, node] PASSED

codes.yousef.summon.i18n.I18nConfigTest.testSetDefaultLanguage[wasmJs, node] PASSED

codes.yousef.summon.i18n.I18nConfigTest.testSetNonExistentDefaultLanguage[wasmJs, node] PASSED

codes.yousef.summon.i18n.I18nConfigTest.testReconfiguration[wasmJs, node] PASSED

codes.yousef.summon.i18n.I18nConfigTest.testEmptyConfiguration[wasmJs, node] PASSED

codes.yousef.summon.i18n.I18nUtilsTest.testFormatMessage[wasmJs, node] PASSED

codes.yousef.summon.i18n.I18nUtilsTest.testPluralString[wasmJs, node] PASSED

codes.yousef.summon.i18n.I18nUtilsTest.testGenderString[wasmJs, node] PASSED

codes.yousef.summon.i18n.I18nUtilsTest.testDateFormat[wasmJs, node] PASSED

codes.yousef.summon.i18n.LanguageProviderTest.testChangeLanguage[wasmJs, node] PASSED

codes.yousef.summon.i18n.LanguageProviderTest.testChangeLanguageToRtl[wasmJs, node] PASSED

codes.yousef.summon.i18n.LanguageProviderTest.testChangeLanguageToNonExistent[wasmJs, node] PASSED

codes.yousef.summon.i18n.LanguageProviderTest.testGetCurrentLanguage[wasmJs, node] PASSED

codes.yousef.summon.i18n.LanguageProviderTest.testStringResourceLogic[wasmJs, node] PASSED

codes.yousef.summon.i18n.LanguageTest.testLanguageCreation[wasmJs, node] PASSED

codes.yousef.summon.i18n.LanguageTest.testLanguageEquality[wasmJs, node] PASSED

codes.yousef.summon.i18n.LanguageTest.testLayoutDirectionValues[wasmJs, node] PASSED

codes.yousef.summon.i18n.RtlUtilsTest.testLayoutDirectionEnum[wasmJs, node] PASSED

codes.yousef.summon.i18n.RtlUtilsTest.testLayoutDirectionOrdinals[wasmJs, node] PASSED

codes.yousef.summon.i18n.RtlUtilsTest.testLayoutDirectionNames[wasmJs, node] PASSED

codes.yousef.summon.i18n.RtlUtilsTest.testDirectionalValueLogic[wasmJs, node] PASSED

codes.yousef.summon.i18n.StringResourcesTest.testLoadTranslations[wasmJs, node] PASSED

codes.yousef.summon.i18n.StringResourcesTest.testGetString[wasmJs, node] PASSED

codes.yousef.summon.i18n.StringResourcesTest.testGetStringWithFallback[wasmJs, node] PASSED

codes.yousef.summon.i18n.StringResourcesTest.testClearTranslations[wasmJs, node] PASSED

codes.yousef.summon.i18n.StringResourcesTest.testNestedJsonFlattening[wasmJs, node] PASSED

codes.yousef.summon.lifecycle.LifecycleTest.testLifecycleStatesExist[wasmJs, node] PASSED

codes.yousef.summon.lifecycle.LifecycleTest.testLifecycleStateOrder[wasmJs, node] PASSED

codes.yousef.summon.lifecycle.LifecycleTest.testCurrentLifecycleOwner[wasmJs, node] PASSED

codes.yousef.summon.modifier.AccessibilityModifiersTest.testRoleModifier[wasmJs, node] PASSED

codes.yousef.summon.modifier.AccessibilityModifiersTest.testAriaLabelModifier[wasmJs, node] PASSED

codes.yousef.summon.modifier.AccessibilityModifiersTest.testAriaHiddenModifier[wasmJs, node] PASSED

codes.yousef.summon.modifier.AccessibilityModifiersTest.testAriaCheckedModifier[wasmJs, node] PASSED

codes.yousef.summon.modifier.AccessibilityModifiersTest.testRemoveAttribute[wasmJs, node] PASSED

codes.yousef.summon.modifier.AccessibilityModifiersTest.testFocusableModifier[wasmJs, node] PASSED

codes.yousef.summon.modifier.AccessibilityModifiersTest.testTabbableModifier[wasmJs, node] PASSED

codes.yousef.summon.modifier.AccessibilityModifiersTest.testDisabledModifier[wasmJs, node] PASSED

codes.yousef.summon.modifier.AccessibilityModifiersTest.testAutoFocusModifier[wasmJs, node] PASSED

codes.yousef.summon.modifier.AttributeModifiersTest.buttonTypeSetsAttribute[wasmJs, node] PASSED

codes.yousef.summon.modifier.AutoMarginModifiersTest.testMarginHorizontalAuto_String[wasmJs, node] PASSED

codes.yousef.summon.modifier.AutoMarginModifiersTest.testMarginHorizontalAuto_Number[wasmJs, node] PASSED

codes.yousef.summon.modifier.AutoMarginModifiersTest.testMarginHorizontalAutoZero[wasmJs, node] PASSED

codes.yousef.summon.modifier.AutoMarginModifiersTest.testMarginVerticalAuto_String[wasmJs, node] PASSED

codes.yousef.summon.modifier.AutoMarginModifiersTest.testMarginVerticalAuto_Number[wasmJs, node] PASSED

codes.yousef.summon.modifier.AutoMarginModifiersTest.testMarginVerticalAutoZero[wasmJs, node] PASSED

codes.yousef.summon.modifier.AutoMarginModifiersTest.testMarginAuto[wasmJs, node] PASSED

codes.yousef.summon.modifier.CommonModifiersTest.testBackgroundColor[wasmJs, node] PASSED

codes.yousef.summon.modifier.CoreModifiersTest.testAttributesProperty[wasmJs, node] PASSED

codes.yousef.summon.modifier.CoreModifiersTest.testStylePrefixingLogic[wasmJs, node] PASSED

codes.yousef.summon.modifier.CoreModifiersTest.testApplyIf[wasmJs, node] PASSED

codes.yousef.summon.modifier.CoreModifiersTest.testClone[wasmJs, node] PASSED

codes.yousef.summon.modifier.CoreModifiersTest.testCombine[wasmJs, node] PASSED

codes.yousef.summon.modifier.CoreModifiersTest.testEvent[wasmJs, node] PASSED

codes.yousef.summon.modifier.CssEnumModifiersTest.testPositionEnumModifier[wasmJs, node] PASSED

codes.yousef.summon.modifier.CssEnumModifiersTest.testDisplayEnumModifier[wasmJs, node] PASSED

codes.yousef.summon.modifier.CssEnumModifiersTest.testAlignItemsEnumModifier[wasmJs, node] PASSED

codes.yousef.summon.modifier.CssEnumModifiersTest.testJustifyContentEnumModifier[wasmJs, node] PASSED

codes.yousef.summon.modifier.CssEnumModifiersTest.testFlexDirectionEnumModifier[wasmJs, node] PASSED

codes.yousef.summon.modifier.CssEnumModifiersTest.testVisibilityEnumModifier[wasmJs, node] PASSED

codes.yousef.summon.modifier.CssFunctionsTest.cssMinBuildsFunction[wasmJs, node] PASSED

codes.yousef.summon.modifier.CssFunctionsTest.cssMaxBuildsFunction[wasmJs, node] PASSED

codes.yousef.summon.modifier.CssFunctionsTest.cssClampBuildsFunction[wasmJs, node] PASSED

codes.yousef.summon.modifier.CssFunctionsTest.cssMinRequiresAtLeastTwoValues[wasmJs, node] PASSED

codes.yousef.summon.modifier.DataAttributeExtensionsTest.dataAttributesAppliesPrefixedAttribute[wasmJs, node] PASSED

codes.yousef.summon.modifier.EnhancedCssEnumsTest.testTransformFunctionEnumValues[wasmJs, node] PASSED

codes.yousef.summon.modifier.EnhancedCssEnumsTest.testFilterFunctionEnumValues[wasmJs, node] PASSED

codes.yousef.summon.modifier.EnhancedCssEnumsTest.testFontWeightEnumValues[wasmJs, node] PASSED

codes.yousef.summon.modifier.EnhancedCssEnumsTest.testAnimationDirectionEnumValues[wasmJs, node] PASSED

codes.yousef.summon.modifier.EnhancedCssEnumsTest.testAnimationFillModeEnumValues[wasmJs, node] PASSED

codes.yousef.summon.modifier.EnhancedCssEnumsTest.testBlendModeEnumValues[wasmJs, node] PASSED

codes.yousef.summon.modifier.EnhancedCssEnumsTest.testFlexWrapEnumValues[wasmJs, node] PASSED

codes.yousef.summon.modifier.EnhancedCssEnumsTest.testCursorEnumValues[wasmJs, node] PASSED

codes.yousef.summon.modifier.EnhancedCssEnumsTest.testVisibilityEnumValues[wasmJs, node] PASSED

codes.yousef.summon.modifier.EnhancedCssEnumsTest.testPointerEventsEnumValues[wasmJs, node] PASSED

codes.yousef.summon.modifier.EnhancedCssEnumsTest.testFontStyleEnumValues[wasmJs, node] PASSED

codes.yousef.summon.modifier.LayoutModifierExtrasTest.testMaxWidth[wasmJs, node] PASSED

codes.yousef.summon.modifier.LayoutModifierExtrasTest.testWidth[wasmJs, node] PASSED

codes.yousef.summon.modifier.LayoutModifierExtrasTest.testHeight[wasmJs, node] PASSED

codes.yousef.summon.modifier.LayoutModifierExtrasTest.testPosition[wasmJs, node] PASSED

codes.yousef.summon.modifier.LayoutModifierExtrasTest.testTop[wasmJs, node] PASSED

codes.yousef.summon.modifier.LayoutModifierExtrasTest.testRight[wasmJs, node] PASSED

codes.yousef.summon.modifier.LayoutModifierExtrasTest.testBottom[wasmJs, node] PASSED

codes.yousef.summon.modifier.LayoutModifierExtrasTest.testLeft[wasmJs, node] PASSED

codes.yousef.summon.modifier.LayoutModifierExtrasTest.testFlex[wasmJs, node] PASSED

codes.yousef.summon.modifier.LayoutModifierExtrasTest.testFlexDirection[wasmJs, node] PASSED

codes.yousef.summon.modifier.LayoutModifierExtrasTest.testDisplay[wasmJs, node] PASSED

codes.yousef.summon.modifier.LayoutModifierExtrasTest.testGridTemplateColumns[wasmJs, node] PASSED

codes.yousef.summon.modifier.LayoutModifierExtrasTest.testGridColumnGap[wasmJs, node] PASSED

codes.yousef.summon.modifier.LayoutModifierExtrasTest.testGridRowGap[wasmJs, node] PASSED

codes.yousef.summon.modifier.LayoutModifierExtrasTest.testOverflow[wasmJs, node] PASSED

codes.yousef.summon.modifier.LayoutModifierExtrasTest.testBorder[wasmJs, node] PASSED

codes.yousef.summon.modifier.LayoutModifierExtrasTest.testBorderRadius[wasmJs, node] PASSED

codes.yousef.summon.modifier.LayoutModifierExtrasTest.testFontWeight[wasmJs, node] PASSED

codes.yousef.summon.modifier.LayoutModifierExtrasTest.testColor[wasmJs, node] PASSED

codes.yousef.summon.modifier.LayoutModifiersTest.testMinWidth[wasmJs, node] PASSED

codes.yousef.summon.modifier.LayoutModifiersTest.testMinHeight[wasmJs, node] PASSED

codes.yousef.summon.modifier.LayoutModifiersTest.testMaxHeight[wasmJs, node] PASSED

codes.yousef.summon.modifier.LayoutModifiersTest.testAspectRatioSingleValue[wasmJs, node] PASSED

codes.yousef.summon.modifier.LayoutModifiersTest.testAspectRatioPair[wasmJs, node] PASSED

codes.yousef.summon.modifier.LayoutModifiersTest.testFillMaxWidth[wasmJs, node] PASSED

codes.yousef.summon.modifier.LayoutModifiersTest.testPaddingAll[wasmJs, node] PASSED

codes.yousef.summon.modifier.LayoutModifiersTest.testPaddingVerticalHorizontal[wasmJs, node] PASSED

codes.yousef.summon.modifier.LayoutModifiersTest.testPaddingSides[wasmJs, node] PASSED

codes.yousef.summon.modifier.LayoutModifiersTest.testPaddingOf[wasmJs, node] PASSED

codes.yousef.summon.modifier.LayoutModifiersTest.testMarginAll[wasmJs, node] PASSED

codes.yousef.summon.modifier.LayoutModifiersTest.testMarginVerticalHorizontal[wasmJs, node] PASSED

codes.yousef.summon.modifier.LayoutModifiersTest.testCenterHorizontally[wasmJs, node] PASSED

codes.yousef.summon.modifier.LayoutModifiersTest.testMarginFourSides[wasmJs, node] PASSED

codes.yousef.summon.modifier.LayoutModifiersTest.testMarginSides[wasmJs, node] PASSED

codes.yousef.summon.modifier.LayoutModifiersTest.testMarginOf[wasmJs, node] PASSED

codes.yousef.summon.modifier.LayoutModifiersTest.testInsetShorthand[wasmJs, node] PASSED

codes.yousef.summon.modifier.LayoutModifiersTest.testPositionInset[wasmJs, node] PASSED

codes.yousef.summon.modifier.LayoutModifiersTest.testFlexWrap[wasmJs, node] PASSED

codes.yousef.summon.modifier.LayoutModifiersTest.testFlexGrow[wasmJs, node] PASSED

codes.yousef.summon.modifier.LayoutModifiersTest.testFlexShorthandHelper[wasmJs, node] PASSED

codes.yousef.summon.modifier.LayoutModifiersTest.testFlexShrink[wasmJs, node] PASSED

codes.yousef.summon.modifier.LayoutModifiersTest.testFlexBasis[wasmJs, node] PASSED

codes.yousef.summon.modifier.LayoutModifiersTest.testAlignSelf[wasmJs, node] PASSED

codes.yousef.summon.modifier.LayoutModifiersTest.testAlignContent[wasmJs, node] PASSED

codes.yousef.summon.modifier.LayoutModifiersTest.testJustifyItems[wasmJs, node] PASSED

codes.yousef.summon.modifier.LayoutModifiersTest.testJustifySelf[wasmJs, node] PASSED

codes.yousef.summon.modifier.LayoutModifiersTest.testGridGap[wasmJs, node] PASSED

codes.yousef.summon.modifier.LayoutModifiersTest.testGridArea[wasmJs, node] PASSED

codes.yousef.summon.modifier.LayoutModifiersTest.testGridColumn[wasmJs, node] PASSED

codes.yousef.summon.modifier.ModifierExtTest.testGap[wasmJs, node] PASSED

codes.yousef.summon.modifier.ModifierExtTest.testOpacity[wasmJs, node] PASSED

codes.yousef.summon.modifier.ModifierExtTest.testBorderRadius[wasmJs, node] PASSED

codes.yousef.summon.modifier.ModifierExtTest.testMaxWidth[wasmJs, node] PASSED

codes.yousef.summon.modifier.ModifierExtTest.testPositioning[wasmJs, node] PASSED

codes.yousef.summon.modifier.ModifierExtTest.testDisplay[wasmJs, node] PASSED

codes.yousef.summon.modifier.ModifierExtTest.testFlexBox[wasmJs, node] PASSED

codes.yousef.summon.modifier.ModifierExtTest.testBorder[wasmJs, node] PASSED

codes.yousef.summon.modifier.ModifierExtTest.testOverflow[wasmJs, node] PASSED

codes.yousef.summon.modifier.ModifierExtTest.testFlex[wasmJs, node] PASSED

codes.yousef.summon.modifier.ModifierExtTest.testGrid[wasmJs, node] PASSED

codes.yousef.summon.modifier.ModifierExtTest.testFontWeight[wasmJs, node] PASSED

codes.yousef.summon.modifier.ModifierExtTest.testColor[wasmJs, node] PASSED

codes.yousef.summon.modifier.ModifierExtTest.testSizing[wasmJs, node] PASSED

codes.yousef.summon.modifier.ModifierExtTest.testAttribute[wasmJs, node] PASSED

codes.yousef.summon.modifier.ModifierExtTest.testOnClick[wasmJs, node] PASSED

codes.yousef.summon.modifier.ModifierExtrasTest.testOnClick[wasmJs, node] PASSED

codes.yousef.summon.modifier.ModifierExtrasTest.testPointerEvents[wasmJs, node] PASSED

codes.yousef.summon.modifier.ModifierExtrasTest.testAttributeAndGetAttribute[wasmJs, node] PASSED

codes.yousef.summon.modifier.ModifierTest.testModifierChaining[wasmJs, node] PASSED

codes.yousef.summon.modifier.ModifierTest.testImmutability[wasmJs, node] PASSED

codes.yousef.summon.modifier.ModifierTest.testAttributes[wasmJs, node] PASSED

codes.yousef.summon.modifier.ModifierTest.testFactoryFunction[wasmJs, node] PASSED

codes.yousef.summon.modifier.ModifierUtilsTest.testAttributeModifierAddsCorrectly[wasmJs, node] PASSED

codes.yousef.summon.modifier.ModifierUtilsTest.testGetAttributeRetrievesCorrectly[wasmJs, node] PASSED

codes.yousef.summon.modifier.ModifierUtilsTest.testGetAttributeReturnsNullForNonExistent[wasmJs, node] PASSED

codes.yousef.summon.modifier.ModifierUtilsTest.testAttributeChaining[wasmJs, node] PASSED

codes.yousef.summon.modifier.ModifierUtilsTest.testAttributeOverwriting[wasmJs, node] PASSED

codes.yousef.summon.modifier.PointerEventModifiersTest.testDisablePointerEvents[wasmJs, node] PASSED

codes.yousef.summon.modifier.PointerEventModifiersTest.testEnablePointerEvents[wasmJs, node] PASSED

codes.yousef.summon.modifier.PointerEventModifiersTest.testPointerEventsEnumModifier[wasmJs, node] PASSED

codes.yousef.summon.modifier.PointerEventModifiersTest.testOnClickModifier[wasmJs, node] PASSED

codes.yousef.summon.modifier.PointerEventModifiersTest.testOnMouseEnterModifier[wasmJs, node] PASSED

codes.yousef.summon.modifier.PointerEventModifiersTest.testDraggableModifier[wasmJs, node] PASSED

codes.yousef.summon.modifier.PseudoElementModifiersTest.beforeAddsPseudoLayer[wasmJs, node] PASSED

codes.yousef.summon.modifier.PseudoElementModifiersTest.afterAllowsCustomContent[wasmJs, node] PASSED

codes.yousef.summon.modifier.RowColumnModifiersTest.testVerticalAlignment[wasmJs, node] PASSED

codes.yousef.summon.modifier.RowColumnModifiersTest.testHorizontalAlignment[wasmJs, node] PASSED

codes.yousef.summon.modifier.ShadowConfigTest.testShadowConfigCreate[wasmJs, node] PASSED

codes.yousef.summon.modifier.ShadowConfigTest.testShadowConfigCreateWithInset[wasmJs, node] PASSED

codes.yousef.summon.modifier.ShadowConfigTest.testShadowConfigCreateWithStringColor[wasmJs, node] PASSED

codes.yousef.summon.modifier.ShadowConfigTest.testShadowConfigGlow[wasmJs, node] PASSED

codes.yousef.summon.modifier.ShadowConfigTest.testShadowConfigGlowWithColorObject[wasmJs, node] PASSED

codes.yousef.summon.modifier.ShadowConfigTest.testShadowConfigInnerGlow[wasmJs, node] PASSED

codes.yousef.summon.modifier.ShadowConfigTest.testShadowConfigEquality[wasmJs, node] PASSED

codes.yousef.summon.modifier.ShadowConfigTest.testShadowConfigToString[wasmJs, node] PASSED

codes.yousef.summon.modifier.ShadowConfigTest.testShadowConfigWithZeroValues[wasmJs, node] PASSED

codes.yousef.summon.modifier.ShadowConfigTest.testShadowConfigWithNegativeValues[wasmJs, node] PASSED

codes.yousef.summon.modifier.StylingModifierExtrasTest.testFontStyle[wasmJs, node] PASSED

codes.yousef.summon.modifier.StylingModifierExtrasTest.testTextAlign[wasmJs, node] PASSED

codes.yousef.summon.modifier.StylingModifierExtrasTest.testTextDecoration[wasmJs, node] PASSED

codes.yousef.summon.modifier.StylingModifierExtrasTest.testBoxShadow[wasmJs, node] PASSED

codes.yousef.summon.modifier.StylingModifierExtrasTest.testTransition[wasmJs, node] PASSED

codes.yousef.summon.modifier.StylingModifierExtrasTest.testTransform[wasmJs, node] PASSED

codes.yousef.summon.modifier.StylingModifiersTest.testBackgroundImageModifier[wasmJs, node] PASSED

codes.yousef.summon.modifier.StylingModifiersTest.testBackgroundSizeModifier[wasmJs, node] PASSED

codes.yousef.summon.modifier.StylingModifiersTest.testBackgroundPositionModifier[wasmJs, node] PASSED

codes.yousef.summon.modifier.StylingModifiersTest.testBackgroundRepeatModifier[wasmJs, node] PASSED

codes.yousef.summon.modifier.StylingModifiersTest.testBackgroundClipModifiers[wasmJs, node] PASSED

codes.yousef.summon.modifier.StylingModifiersTest.testBackgroundCombinedModifier[wasmJs, node] PASSED

codes.yousef.summon.modifier.StylingModifiersTest.testBackgroundLayersDsl[wasmJs, node] PASSED

codes.yousef.summon.modifier.StylingModifiersTest.testFilterBuilderDsl[wasmJs, node] PASSED

codes.yousef.summon.modifier.StylingModifiersTest.testMixBlendMode[wasmJs, node] PASSED

codes.yousef.summon.modifier.StylingModifiersTest.testBackgroundBlendModes[wasmJs, node] PASSED

codes.yousef.summon.modifier.StylingModifiersTest.testBackgroundClipTextHelper[wasmJs, node] PASSED

codes.yousef.summon.modifier.StylingModifiersTest.testFilterFunctionOverloads[wasmJs, node] PASSED

codes.yousef.summon.modifier.StylingModifiersTest.testBorderWidthNumberModifier[wasmJs, node] PASSED

codes.yousef.summon.modifier.StylingModifiersTest.testBorderWidthStringModifier[wasmJs, node] PASSED

codes.yousef.summon.modifier.StylingModifiersTest.testBorderWidthSidesModifier[wasmJs, node] PASSED

codes.yousef.summon.modifier.StylingModifiersTest.testBorderStyleEnumModifier[wasmJs, node] PASSED

codes.yousef.summon.modifier.StylingModifiersTest.testBorderStyleStringModifier[wasmJs, node] PASSED

codes.yousef.summon.modifier.StylingModifiersTest.testBorderColorModifier[wasmJs, node] PASSED

codes.yousef.summon.modifier.StylingModifiersTest.testBorderCombinedModifier[wasmJs, node] PASSED

codes.yousef.summon.modifier.StylingModifiersTest.testClipPathModifier[wasmJs, node] PASSED

codes.yousef.summon.modifier.StylingModifiersTest.testClipCircleModifier[wasmJs, node] PASSED

codes.yousef.summon.modifier.StylingModifiersTest.testClipCircleDefaultModifier[wasmJs, node] PASSED

codes.yousef.summon.modifier.StylingModifiersTest.testClipCircleWithCenterModifier[wasmJs, node] PASSED

codes.yousef.summon.modifier.StylingModifiersTest.testClipEllipseModifier[wasmJs, node] PASSED

codes.yousef.summon.modifier.StylingModifiersTest.testClipEllipseDefaultModifier[wasmJs, node] PASSED

codes.yousef.summon.modifier.StylingModifiersTest.testClipEllipseWithCenterModifier[wasmJs, node] PASSED

codes.yousef.summon.modifier.StylingModifiersTest.testClipPolygonListModifier[wasmJs, node] PASSED

codes.yousef.summon.modifier.StylingModifiersTest.testClipPolygonVarargModifier[wasmJs, node] PASSED

codes.yousef.summon.modifier.StylingModifiersTest.testClipInsetModifier[wasmJs, node] PASSED

codes.yousef.summon.modifier.StylingModifiersTest.testClipInsetWithDefaultsModifier[wasmJs, node] PASSED

codes.yousef.summon.modifier.StylingModifiersTest.testClipInsetWithRoundModifier[wasmJs, node] PASSED

codes.yousef.summon.modifier.StylingModifiersTest.testClipTriangleShapes[wasmJs, node] PASSED

codes.yousef.summon.modifier.StylingModifiersTest.testClipComplexShapes[wasmJs, node] PASSED

codes.yousef.summon.modifier.StylingModifiersTest.testClipArrowShapes[wasmJs, node] PASSED

codes.yousef.summon.modifier.StylingModifiersTest.testClipChevronShapes[wasmJs, node] PASSED

codes.yousef.summon.modifier.StylingModifiersTest.testClipMessageBubbleModifier[wasmJs, node] PASSED

codes.yousef.summon.modifier.StylingModifiersTest.testBackdropFilterModifier[wasmJs, node] PASSED

codes.yousef.summon.modifier.StylingModifiersTest.testBackdropBlurModifier[wasmJs, node] PASSED

codes.yousef.summon.modifier.StylingModifiersTest.testBackdropBrightnessModifier[wasmJs, node] PASSED

codes.yousef.summon.modifier.StylingModifiersTest.testBackdropContrastModifier[wasmJs, node] PASSED

codes.yousef.summon.modifier.StylingModifiersTest.testBackdropGrayscaleModifier[wasmJs, node] PASSED

codes.yousef.summon.modifier.StylingModifiersTest.testBackdropHueRotateModifier[wasmJs, node] PASSED

codes.yousef.summon.modifier.StylingModifiersTest.testBackdropInvertModifier[wasmJs, node] PASSED

codes.yousef.summon.modifier.StylingModifiersTest.testBackdropSaturateModifier[wasmJs, node] PASSED

codes.yousef.summon.modifier.StylingModifiersTest.testBackdropSepiaModifier[wasmJs, node] PASSED

codes.yousef.summon.modifier.StylingModifiersTest.testBoxShadowModifier[wasmJs, node] PASSED

codes.yousef.summon.modifier.StylingModifiersTest.testCombineBackdropFiltersModifier[wasmJs, node] PASSED

codes.yousef.summon.modifier.TypedModifiersTest.testFontFamily[wasmJs, node] PASSED

codes.yousef.summon.modifier.TypedModifiersTest.testFontStyle[wasmJs, node] PASSED

codes.yousef.summon.modifier.TypedModifiersTest.testFontStyleEnum[wasmJs, node] PASSED

codes.yousef.summon.modifier.TypedModifiersTest.testFontWeight[wasmJs, node] PASSED

codes.yousef.summon.modifier.TypedModifiersTest.testFontSizeStringOverload[wasmJs, node] PASSED

codes.yousef.summon.modifier.TypedModifiersTest.testTextAlign[wasmJs, node] PASSED

codes.yousef.summon.modifier.TypedModifiersTest.testTextDecoration[wasmJs, node] PASSED

codes.yousef.summon.modifier.TypedModifiersTest.testTextDecorationEnumOverloads[wasmJs, node] PASSED

codes.yousef.summon.modifier.TypedModifiersTest.testWhiteSpace[wasmJs, node] PASSED

codes.yousef.summon.modifier.TypedModifiersTest.testLineHeight[wasmJs, node] PASSED

codes.yousef.summon.modifier.TypedModifiersTest.testLetterSpacing[wasmJs, node] PASSED

codes.yousef.summon.modifier.TypedModifiersTest.testTextTransform[wasmJs, node] PASSED

codes.yousef.summon.modifier.TypedModifiersTest.testObjectFit[wasmJs, node] PASSED

codes.yousef.summon.modifier.TypedModifiersTest.testScrollBehavior[wasmJs, node] PASSED

codes.yousef.summon.modifier.TypedModifiersTest.testScrollbarWidth[wasmJs, node] PASSED

codes.yousef.summon.performance.PerformanceMonitoringTest.testPerformanceMetricsCollection[wasmJs, node] PASSED

codes.yousef.summon.performance.PerformanceMonitoringTest.testWasmPerformanceVsJsTarget[wasmJs, node] STANDARD_OUT
    📊 Complex Component Rendering: JS=145.0ms, WASM=115.0ms
    📊 Large List Rendering: JS=290.0ms, WASM=210.0ms
    📊 State Update Frequency: JS=48.0ms, WASM=32.0ms
    📊 Memory Efficiency: JS=24.0MB, WASM=18.0MB

codes.yousef.summon.performance.PerformanceMonitoringTest.testWasmPerformanceVsJsTarget[wasmJs, node] PASSED

codes.yousef.summon.performance.PerformanceMonitoringTest.testCoreWebVitalsCompliance[wasmJs, node] PASSED

codes.yousef.summon.performance.PerformanceMonitoringTest.testBundleSizeCompliance[wasmJs, node] PASSED

codes.yousef.summon.performance.PerformanceMonitoringTest.testMemoryUsageMonitoring[wasmJs, node] PASSED

codes.yousef.summon.performance.PerformanceMonitoringTest.testPerformanceRegressionDetection[wasmJs, node] PASSED

codes.yousef.summon.performance.PerformanceMonitoringTest.testRealUserMonitoringIntegration[wasmJs, node] PASSED

codes.yousef.summon.performance.PerformanceMonitoringTest.testPerformanceAlertingSystem[wasmJs, node] PASSED

codes.yousef.summon.performance.PerformanceMonitoringTest.testContinuousPerformanceMonitoring[wasmJs, node] PASSED

codes.yousef.summon.performance.PerformanceMonitoringTest.testPerformanceReportGeneration[wasmJs, node] PASSED

codes.yousef.summon.routing.LinkTest.testLinkWithRouter[wasmJs, node] PASSED

codes.yousef.summon.routing.LinkTest.testLinkWithCustomOnClick[wasmJs, node] PASSED

codes.yousef.summon.routing.LinkTest.testLinkWithExternalTarget[wasmJs, node] PASSED

codes.yousef.summon.routing.LinkTest.testLinkWithoutRouter[wasmJs, node] PASSED

codes.yousef.summon.routing.RouterTest.testRouteParamsGetters[wasmJs, node] PASSED

codes.yousef.summon.routing.RouterTest.testRouteParamsTypeConversions[wasmJs, node] PASSED

codes.yousef.summon.routing.RouterTest.testEmptyRouteParams[wasmJs, node] PASSED

codes.yousef.summon.routing.RouterTest.testRouterBuilderImpl[wasmJs, node] PASSED

codes.yousef.summon.runtime.CallbackRegistryTest.registerCallbacksWithinRenderCycle[wasmJs, node] PASSED

codes.yousef.summon.runtime.CallbackRegistryTest.callbacksSurviveBetweenRenderAndExecution[wasmJs, node] PASSED

codes.yousef.summon.runtime.CommonComposerTest.testCommonComposerBasicProperties[wasmJs, node] PASSED

codes.yousef.summon.runtime.CommonComposerTest.testSlotManagement[wasmJs, node] PASSED

codes.yousef.summon.runtime.CommonComposerTest.testCompose[wasmJs, node] PASSED

codes.yousef.summon.runtime.CommonComposerTest.testComposeWithAnnotation[wasmJs, node] PASSED

codes.yousef.summon.runtime.CommonComposerTest.testDispose[wasmJs, node] PASSED

codes.yousef.summon.runtime.CommonComposerTest.testComposeManagerContext[wasmJs, node] PASSED

codes.yousef.summon.runtime.CommonComposerTest.testNestedWithComposer[wasmJs, node] PASSED

codes.yousef.summon.runtime.ComposableDslTest.testComposableDslCanBeAppliedToClass[wasmJs, node] PASSED

codes.yousef.summon.runtime.ComposableTypealiasTest.testComposableTypealiasCanBeApplied[wasmJs, node] PASSED

codes.yousef.summon.runtime.ComposableTypealiasTest.testComposableTypealiasIsInterchangeable[wasmJs, node] PASSED

codes.yousef.summon.runtime.ComposerTest.testNodeManagement[wasmJs, node] PASSED

codes.yousef.summon.runtime.ComposerTest.testGroupManagement[wasmJs, node] PASSED

codes.yousef.summon.runtime.ComposerTest.testSlotManagement[wasmJs, node] PASSED

codes.yousef.summon.runtime.ComposerTest.testValueTracking[wasmJs, node] PASSED

codes.yousef.summon.runtime.ComposerTest.testStateTracking[wasmJs, node] PASSED

codes.yousef.summon.runtime.ComposerTest.testDisposables[wasmJs, node] PASSED

codes.yousef.summon.runtime.ComposerTest.testCompose[wasmJs, node] PASSED

codes.yousef.summon.runtime.CompositionContextLocalsTest.testGetCompositionLocal[wasmJs, node] PASSED

codes.yousef.summon.runtime.CompositionContextTest.testCreateComposition[wasmJs, node] PASSED

codes.yousef.summon.runtime.CompositionContextTest.testCompose[wasmJs, node] PASSED

codes.yousef.summon.runtime.CompositionContextTest.testDispose[wasmJs, node] PASSED

codes.yousef.summon.runtime.CompositionLocalTest.testCompositionLocalWithDefaultValue[wasmJs, node] PASSED

codes.yousef.summon.runtime.CompositionLocalTest.testStaticCompositionLocal[wasmJs, node] PASSED

codes.yousef.summon.runtime.CompositionLocalTest.testLocalFlowContent[wasmJs, node] PASSED

codes.yousef.summon.runtime.CompositionLocalTest.testProvideComposer[wasmJs, node] PASSED

codes.yousef.summon.runtime.EffectsTest.testLaunchedEffect[wasmJs, node] PASSED

codes.yousef.summon.runtime.EffectsTest.testDisposableEffect[wasmJs, node] PASSED

codes.yousef.summon.runtime.EffectsTest.testSideEffect[wasmJs, node] PASSED

codes.yousef.summon.runtime.EffectsTest.testLaunchedEffectWithKey[wasmJs, node] PASSED

codes.yousef.summon.runtime.FormContentTest.testFormContentIsFlowContent[wasmJs, node] PASSED

codes.yousef.summon.runtime.PlatformRendererAccessorTest.testSetAndGetPlatformRenderer[wasmJs, node] PASSED

codes.yousef.summon.runtime.PlatformRendererAccessorTest.testSetPlatformRendererMultipleTimes[wasmJs, node] PASSED

codes.yousef.summon.runtime.PlatformRendererAccessorTest.testRendererFunctionality[wasmJs, node] PASSED

codes.yousef.summon.runtime.PlatformRendererCompositionLocalTest.testLocalPlatformRenderer[wasmJs, node] PASSED

codes.yousef.summon.runtime.PlatformRendererCompositionLocalTest.testGetCurrentRenderer[wasmJs, node] PASSED

codes.yousef.summon.runtime.PlatformRendererContractTest.renderComposableRoot should return non-empty HTML string[wasmJs, node] STANDARD_OUT
    [Summon WASM] PlatformRenderer renderComposableRoot - WASM implementation

codes.yousef.summon.runtime.PlatformRendererContractTest.renderComposableRoot should return non-empty HTML string[wasmJs, node] PASSED

codes.yousef.summon.runtime.PlatformRendererContractTest.renderComposableRootWithHydration should return HTML with hydration markers[wasmJs, node] STANDARD_OUT
    [Summon WASM] PlatformRenderer renderComposableRootWithHydration - WASM implementation

codes.yousef.summon.runtime.PlatformRendererContractTest.renderComposableRootWithHydration should return HTML with hydration markers[wasmJs, node] PASSED

codes.yousef.summon.runtime.PlatformRendererContractTest.hydrateComposableRoot should not throw exception[wasmJs, node] STANDARD_OUT
    [Summon WASM] Starting WASM hydration for root element: test-root
    [Summon WASM] Root element test-root not found, creating fallback
    [Summon WASM] Found existing element: test-btn-hydration -> test-btn-hydration
    [Summon WASM] Found existing element: text-971035504 -> wasm-elem-1
    [Summon WASM] Hydration data script not found
    [Summon WASM] Reattaching 0 event listeners
    [Summon WASM] Hydration marked as complete for: wasm-elem-2
    [Summon WASM] Hydration completed successfully for test-root

codes.yousef.summon.runtime.PlatformRendererContractTest.hydrateComposableRoot should not throw exception[wasmJs, node] PASSED

codes.yousef.summon.runtime.PlatformRendererContractTest.renderText should handle basic text rendering[wasmJs, node] STANDARD_OUT
    [Summon WASM] PlatformRenderer renderComposableRoot - WASM implementation

codes.yousef.summon.runtime.PlatformRendererContractTest.renderText should handle basic text rendering[wasmJs, node] PASSED

codes.yousef.summon.runtime.PlatformRendererContractTest.renderButton should handle basic button rendering[wasmJs, node] STANDARD_OUT
    [Summon WASM] PlatformRenderer renderComposableRoot - WASM implementation

codes.yousef.summon.runtime.PlatformRendererContractTest.renderButton should handle basic button rendering[wasmJs, node] PASSED

codes.yousef.summon.runtime.PlatformRendererContractTest.renderTextField should handle basic input rendering[wasmJs, node] STANDARD_OUT
    [Summon WASM] PlatformRenderer renderComposableRoot - WASM implementation

codes.yousef.summon.runtime.PlatformRendererContractTest.renderTextField should handle basic input rendering[wasmJs, node] PASSED

codes.yousef.summon.runtime.PlatformRendererContractTest.head management methods should work without throwing[wasmJs, node] STANDARD_OUT
    [Summon WASM] Added head element: <title>Test</title>

codes.yousef.summon.runtime.PlatformRendererContractTest.head management methods should work without throwing[wasmJs, node] PASSED

codes.yousef.summon.runtime.PlatformRendererContractTest.layout components should render without throwing[wasmJs, node] STANDARD_OUT
    [Summon WASM] PlatformRenderer renderComposableRoot - WASM implementation

codes.yousef.summon.runtime.PlatformRendererContractTest.layout components should render without throwing[wasmJs, node] PASSED

codes.yousef.summon.runtime.PlatformRendererTest.testRenderText[wasmJs, node] PASSED

codes.yousef.summon.runtime.PlatformRendererTest.testRenderButton[wasmJs, node] PASSED

codes.yousef.summon.runtime.PlatformRendererTest.testRenderTextField[wasmJs, node] PASSED

codes.yousef.summon.runtime.PlatformRendererTest.testRenderComposableRoot[wasmJs, node] PASSED

codes.yousef.summon.runtime.PlatformRendererTest.testLayoutComponents[wasmJs, node] PASSED

codes.yousef.summon.runtime.RecomposerHolderTest.testRecomposerAccess[wasmJs, node] PASSED

codes.yousef.summon.runtime.RecomposerHolderTest.testCurrentRecomposer[wasmJs, node] PASSED

codes.yousef.summon.runtime.RecomposerHolderTest.testCreateComposer[wasmJs, node] PASSED

codes.yousef.summon.runtime.RecomposerSchedulingTest.testRecomposerSchedulesRecomposition[wasmJs, node] PASSED

codes.yousef.summon.runtime.RecomposerSchedulingTest.testStateChangeTriggersScheduledRecomposition[wasmJs, node] STANDARD_OUT
    State value: 0
    State value: 1

codes.yousef.summon.runtime.RecomposerSchedulingTest.testStateChangeTriggersScheduledRecomposition[wasmJs, node] PASSED

codes.yousef.summon.runtime.RecomposerSchedulingTest.testMultipleStateChangesCoalesceIntoSingleRecomposition[wasmJs, node] STANDARD_OUT
    Values: 0, hello
    Values: 2, world

codes.yousef.summon.runtime.RecomposerSchedulingTest.testMultipleStateChangesCoalesceIntoSingleRecomposition[wasmJs, node] PASSED

codes.yousef.summon.runtime.RecomposerTest.testCreateComposer[wasmJs, node] PASSED

codes.yousef.summon.runtime.RecomposerTest.testComposerBasicOperations[wasmJs, node] PASSED

codes.yousef.summon.runtime.RecomposerTest.testComposition[wasmJs, node] PASSED

codes.yousef.summon.runtime.RecomposerTest.testDisposal[wasmJs, node] PASSED

codes.yousef.summon.runtime.RecomposerTest.testGetPendingRecompositions[wasmJs, node] PASSED

codes.yousef.summon.runtime.RememberTest.testRememberBasic[wasmJs, node] PASSED

codes.yousef.summon.runtime.RememberTest.testRememberWithKeys[wasmJs, node] PASSED

codes.yousef.summon.runtime.RememberTest.testRememberMutableStateOf[wasmJs, node] PASSED

codes.yousef.summon.runtime.RememberTest.testDerivedStateOf[wasmJs, node] PASSED

codes.yousef.summon.runtime.RememberTest.testDerivedStateOfWithDependencies[wasmJs, node] PASSED

codes.yousef.summon.runtime.SimpleRecompositionTest.testMutableStateListOf[wasmJs, node] PASSED

codes.yousef.summon.runtime.SimpleRecompositionTest.testComposerStartRestartableGroup[wasmJs, node] PASSED

codes.yousef.summon.runtime.SimpleRecompositionTest.testComposerKey[wasmJs, node] PASSED

codes.yousef.summon.runtime.StateTest.testRuntimeMutableStateTypeAlias[wasmJs, node] PASSED

codes.yousef.summon.runtime.StateTest.testMutableStateOf[wasmJs, node] PASSED

codes.yousef.summon.runtime.StateTest.testStateInvokeOperator[wasmJs, node] PASSED

codes.yousef.summon.runtime.StateTest.testRuntimeMutableStateInvokeOperator[wasmJs, node] PASSED

codes.yousef.summon.runtime.StateTest.testStateInteroperability[wasmJs, node] PASSED

codes.yousef.summon.runtime.PlatformRendererWasmTest.wasmRenderer should initialize when available[wasmJs, node] PASSED

codes.yousef.summon.runtime.PlatformRendererWasmTest.composableHandling should work when implemented[wasmJs, node] PASSED

codes.yousef.summon.runtime.PlatformRendererWasmTest.domOperations should work when implemented[wasmJs, node] PASSED

codes.yousef.summon.runtime.PlatformRendererWasmTest.eventRegistration should work when implemented[wasmJs, node] PASSED

codes.yousef.summon.runtime.PlatformRendererWasmTest.memoryOptimization should work when implemented[wasmJs, node] PASSED

codes.yousef.summon.runtime.PlatformRendererWasmTest.performanceMeasurement should work when implemented[wasmJs, node] PASSED

codes.yousef.summon.runtime.SimpleWasmTests.testWasmPlatformDetection[wasmJs, node] PASSED

codes.yousef.summon.runtime.SimpleWasmTests.testWasmRendererBasics[wasmJs, node] PASSED

codes.yousef.summon.runtime.SimpleWasmTests.testWasmDOMOperations[wasmJs, node] PASSED

codes.yousef.summon.runtime.SimpleWasmTests.testWasmEventHandling[wasmJs, node] PASSED

codes.yousef.summon.runtime.SimpleWasmTests.testWasmMemoryManagement[wasmJs, node] PASSED

codes.yousef.summon.runtime.WasmDOMAPIContractTest.domAPI should be available when implemented[wasmJs, node] PASSED

codes.yousef.summon.runtime.WasmDOMAPIContractTest.elementCreation should work when implemented[wasmJs, node] PASSED

codes.yousef.summon.runtime.WasmDOMAPIContractTest.attributeManipulation should work when implemented[wasmJs, node] PASSED

codes.yousef.summon.runtime.WasmDOMAPIContractTest.eventBinding should work when implemented[wasmJs, node] PASSED

codes.yousef.summon.runtime.WasmDOMAPIContractTest.performanceOptimization should work when implemented[wasmJs, node] PASSED

codes.yousef.summon.runtime.WasmEventSystemContractTest.registerHandler should work when implemented[wasmJs, node] PASSED

codes.yousef.summon.runtime.WasmEventSystemContractTest.unregisterHandler should work when implemented[wasmJs, node] PASSED

codes.yousef.summon.runtime.WasmEventSystemContractTest.batchEventRegistration should work when implemented[wasmJs, node] PASSED

codes.yousef.summon.runtime.WasmEventSystemContractTest.memoryManagement should work when implemented[wasmJs, node] PASSED

codes.yousef.summon.runtime.WasmEventSystemContractTest.typeChecking should work when implemented[wasmJs, node] PASSED

codes.yousef.summon.security.AuthenticationTest.testSimpleAuthentication[wasmJs, node] PASSED

codes.yousef.summon.security.AuthenticationTest.testSimpleAuthenticationWithPrincipal[wasmJs, node] PASSED

codes.yousef.summon.security.AuthenticationTest.testUsernamePasswordCredentials[wasmJs, node] PASSED

codes.yousef.summon.security.AuthenticationTest.testJwtCredentials[wasmJs, node] PASSED

codes.yousef.summon.security.AuthenticationTest.testOAuth2Credentials[wasmJs, node] PASSED

codes.yousef.summon.security.AuthenticationTest.testAuthenticationResultSuccess[wasmJs, node] PASSED

codes.yousef.summon.security.AuthenticationTest.testAuthenticationResultFailure[wasmJs, node] PASSED

codes.yousef.summon.security.JwtAuthenticationProviderTest.testAuthenticateWithUsernamePassword[wasmJs, node] PASSED

codes.yousef.summon.security.JwtAuthenticationProviderTest.testAuthenticateWithJwtToken[wasmJs, node] PASSED

codes.yousef.summon.security.JwtAuthenticationProviderTest.testAuthenticateWithUnsupportedCredentials[wasmJs, node] PASSED

codes.yousef.summon.security.JwtAuthenticationProviderTest.testRefreshWithJwtToken[wasmJs, node] PASSED

codes.yousef.summon.security.JwtAuthenticationProviderTest.testRefreshWithoutRefreshToken[wasmJs, node] PASSED

codes.yousef.summon.security.JwtAuthenticationProviderTest.testRefreshWithUnsupportedCredentials[wasmJs, node] PASSED

codes.yousef.summon.security.JwtAuthenticationProviderTest.testInvalidate[wasmJs, node] PASSED

codes.yousef.summon.security.PrincipalTest.testPrincipalImplementation[wasmJs, node] PASSED

codes.yousef.summon.security.PrincipalTest.testRoleValueClass[wasmJs, node] PASSED

codes.yousef.summon.security.PrincipalTest.testPermissionValueClass[wasmJs, node] PASSED

codes.yousef.summon.security.PrincipalTest.testRoleSetOperations[wasmJs, node] PASSED

codes.yousef.summon.security.PrincipalTest.testPermissionSetOperations[wasmJs, node] PASSED

codes.yousef.summon.security.SecurityContextTest.testGetAuthenticationWhenEmpty[wasmJs, node] PASSED

codes.yousef.summon.security.SecurityContextTest.testIsAuthenticatedWhenEmpty[wasmJs, node] PASSED

codes.yousef.summon.security.SecurityContextTest.testGetPrincipalWhenEmpty[wasmJs, node] PASSED

codes.yousef.summon.security.SecurityContextTest.testWithAuthentication[wasmJs, node] PASSED

codes.yousef.summon.security.SecurityContextTest.testWithAuthenticationNested[wasmJs, node] PASSED

codes.yousef.summon.security.SecurityContextTest.testHasRole[wasmJs, node] PASSED

codes.yousef.summon.security.SecurityContextTest.testHasPermission[wasmJs, node] PASSED

codes.yousef.summon.security.TokenResponseTest.testTokenResponseCreation[wasmJs, node] PASSED

codes.yousef.summon.security.TokenResponseTest.testTokenResponseWithDefaultValues[wasmJs, node] PASSED

codes.yousef.summon.security.TokenResponseTest.testTokenResponseEquality[wasmJs, node] PASSED

codes.yousef.summon.security.TokenResponseTest.testTokenResponseInequality[wasmJs, node] PASSED

codes.yousef.summon.security.TokenResponseTest.testTokenResponseCopy[wasmJs, node] PASSED

codes.yousef.summon.seo.SeoValidationTest.testMetaTagsPreservation[wasmJs, node] PASSED

codes.yousef.summon.seo.SeoValidationTest.testOpenGraphMetaTags[wasmJs, node] PASSED

codes.yousef.summon.seo.SeoValidationTest.testTwitterCardMetaTags[wasmJs, node] PASSED

codes.yousef.summon.seo.SeoValidationTest.testStructuredDataCompliance[wasmJs, node] PASSED

codes.yousef.summon.seo.SeoValidationTest.testSemanticHtmlStructure[wasmJs, node] PASSED

codes.yousef.summon.seo.SeoValidationTest.testUrlStructureAndNavigation[wasmJs, node] PASSED

codes.yousef.summon.seo.SeoValidationTest.testPageLoadPerformanceForSEO[wasmJs, node] PASSED

codes.yousef.summon.seo.SeoValidationTest.testMobileOptimization[wasmJs, node] PASSED

codes.yousef.summon.seo.SeoValidationTest.testContentQualityAndRelevance[wasmJs, node] PASSED

codes.yousef.summon.seo.SeoValidationTest.testRobotsAndIndexing[wasmJs, node] PASSED

codes.yousef.summon.seo.SeoValidationTest.testInternationalizationSEO[wasmJs, node] PASSED

codes.yousef.summon.seo.SeoValidationTest.testSSRHydrationSEOImpact[wasmJs, node] PASSED

codes.yousef.summon.seo.SeoValidationTest.testSecurityAndSEO[wasmJs, node] PASSED

codes.yousef.summon.ssr.HydrationManagerContractTest.serializeHydrationContext should return valid JSON[wasmJs, node] STANDARD_OUT
    [HydrationManager] Serializing hydration context for component: div
    [HydrationManager] Created hydration context with 1 markers

codes.yousef.summon.ssr.HydrationManagerContractTest.serializeHydrationContext should return valid JSON[wasmJs, node] PASSED

codes.yousef.summon.ssr.HydrationManagerContractTest.deserializeAndMatch should handle valid JSON context[wasmJs, node] STANDARD_OUT
    [HydrationManager] Deserializing context data: {
        "componentTree": {"type": "div", "children": []},
        "stateData": {},
        "hydrationMarkers":...
    [HydrationManager] Successfully deserialized and matched hydration context

codes.yousef.summon.ssr.HydrationManagerContractTest.deserializeAndMatch should handle valid JSON context[wasmJs, node] PASSED

codes.yousef.summon.ssr.HydrationManagerContractTest.deserializeAndMatch should handle invalid JSON gracefully[wasmJs, node] STANDARD_OUT
    [HydrationManager] Deserializing context data: invalid json content...
    [HydrationManager ERROR] Error deserializing hydration context: Invalid JSON: missing required fields

codes.yousef.summon.ssr.HydrationManagerContractTest.deserializeAndMatch should handle invalid JSON gracefully[wasmJs, node] PASSED

codes.yousef.summon.ssr.HydrationManagerContractTest.validateTreeCompatibility should return true for matching trees[wasmJs, node] STANDARD_OUT
    [HydrationManager] Validating tree compatibility: server=div, client=div
    [HydrationManager] Tree compatibility result: true

codes.yousef.summon.ssr.HydrationManagerContractTest.validateTreeCompatibility should return true for matching trees[wasmJs, node] PASSED

codes.yousef.summon.ssr.HydrationManagerContractTest.validateTreeCompatibility should return false for incompatible trees[wasmJs, node] STANDARD_OUT
    [HydrationManager] Validating tree compatibility: server=div, client=span
    [HydrationManager] Tree compatibility result: false

codes.yousef.summon.ssr.HydrationManagerContractTest.validateTreeCompatibility should return false for incompatible trees[wasmJs, node] PASSED

codes.yousef.summon.ssr.HydrationManagerContractTest.hydration context should preserve state data[wasmJs, node] STANDARD_OUT
    [HydrationManager] Serializing hydration context for component: div
    [HydrationManager] Created hydration context with 1 markers

codes.yousef.summon.ssr.HydrationManagerContractTest.hydration context should preserve state data[wasmJs, node] PASSED

codes.yousef.summon.ssr.HydrationManagerContractTest.hydration markers should be unique and traceable[wasmJs, node] STANDARD_OUT
    [HydrationManager] Serializing hydration context for component: div
    [HydrationManager] Created hydration context with 1 markers

codes.yousef.summon.ssr.HydrationManagerContractTest.hydration markers should be unique and traceable[wasmJs, node] PASSED

codes.yousef.summon.ssr.ServerSideRenderingTest.testHtmlBuilder[wasmJs, node] PASSED

codes.yousef.summon.ssr.ServerSideRenderingTest.testRenderContext[wasmJs, node] PASSED

codes.yousef.summon.ssr.ServerSideRenderingTest.testSeoMetadata[wasmJs, node] PASSED

codes.yousef.summon.ssr.ServerSideRenderingTest.testOpenGraphMetadata[wasmJs, node] PASSED

codes.yousef.summon.ssr.ServerSideRenderingTest.testTwitterCardMetadata[wasmJs, node] PASSED

codes.yousef.summon.ssr.ServerSideRenderingTest.testHydrationStrategy[wasmJs, node] PASSED

codes.yousef.summon.ssr.ServerSideRenderingTest.testServerSideRenderUtils[wasmJs, node] PASSED

codes.yousef.summon.state.FlowBindingTest.testFlowCollectionRegistry[wasmJs, node] PASSED

codes.yousef.summon.state.FlowBindingTest.testStateFlowToState[wasmJs, node] PASSED

codes.yousef.summon.state.SimpleDerivedStateTest.testSimpleDerivedState[wasmJs, node] PASSED

codes.yousef.summon.state.SimpleDerivedStateTest.testProduceStateInitialValue[wasmJs, node] PASSED

codes.yousef.summon.state.SimpleDerivedStateTest.testCollectAsStateBasic[wasmJs, node] PASSED

codes.yousef.summon.state.StateTest.testPropertyDelegation[wasmJs, node] PASSED

codes.yousef.summon.state.StateTest.testRememberWithPropertyDelegation[wasmJs, node] PASSED

codes.yousef.summon.test.HydrationMirrorTest.testDeterministicRendering[wasmJs, node] STANDARD_OUT
    [Summon WASM] PlatformRenderer renderComposableRoot - WASM implementation

codes.yousef.summon.test.HydrationMirrorTest.testDeterministicRendering[wasmJs, node] FAILED
    AssertionError at file:///home/yousef/Projects/kmp/summon/build/wasm/packages/summon-summon-core-test/kotlin/summon-summon-core-test.uninstantiated.mjs:19

codes.yousef.summon.test.PropertyBasedRenderingTest.renderingArbitraryComponentTreesShouldNotCrash[wasmJs, node] STANDARD_OUT
    [Summon WASM] PlatformRenderer renderComposableRoot - WASM implementation
    [Summon WASM] PlatformRenderer renderComposableRoot - WASM implementation
    [Summon WASM] PlatformRenderer renderComposableRoot - WASM implementation
    [Summon WASM] PlatformRenderer renderComposableRoot - WASM implementation
    [Summon WASM] PlatformRenderer renderComposableRoot - WASM implementation
    [Summon WASM] PlatformRenderer renderComposableRoot - WASM implementation
    [Summon WASM] PlatformRenderer renderComposableRoot - WASM implementation
    [Summon WASM] PlatformRenderer renderComposableRoot - WASM implementation
    [Summon WASM] PlatformRenderer renderComposableRoot - WASM implementation
    [Summon WASM] PlatformRenderer renderComposableRoot - WASM implementation
    [Summon WASM] PlatformRenderer renderComposableRoot - WASM implementation
    [Summon WASM] PlatformRenderer renderComposableRoot - WASM implementation
    [Summon WASM] PlatformRenderer renderComposableRoot - WASM implementation
    [Summon WASM] PlatformRenderer renderComposableRoot - WASM implementation
    [Summon WASM] PlatformRenderer renderComposableRoot - WASM implementation
    [Summon WASM] PlatformRenderer renderComposableRoot - WASM implementation
    [Summon WASM] PlatformRenderer renderComposableRoot - WASM implementation
    [Summon WASM] PlatformRenderer renderComposableRoot - WASM implementation
    [Summon WASM] PlatformRenderer renderComposableRoot - WASM implementation
    [Summon WASM] PlatformRenderer renderComposableRoot - WASM implementation
    [Summon WASM] PlatformRenderer renderComposableRoot - WASM implementation
    [Summon WASM] PlatformRenderer renderComposableRoot - WASM implementation
    [Summon WASM] PlatformRenderer renderComposableRoot - WASM implementation
    [Summon WASM] PlatformRenderer renderComposableRoot - WASM implementation
    [Summon WASM] PlatformRenderer renderComposableRoot - WASM implementation
    [Summon WASM] PlatformRenderer renderComposableRoot - WASM implementation
    [Summon WASM] PlatformRenderer renderComposableRoot - WASM implementation
    [Summon WASM] PlatformRenderer renderComposableRoot - WASM implementation
    [Summon WASM] PlatformRenderer renderComposableRoot - WASM implementation
    [Summon WASM] PlatformRenderer renderComposableRoot - WASM implementation
    [Summon WASM] PlatformRenderer renderComposableRoot - WASM implementation
    [Summon WASM] PlatformRenderer renderComposableRoot - WASM implementation
    [Summon WASM] PlatformRenderer renderComposableRoot - WASM implementation
    [Summon WASM] PlatformRenderer renderComposableRoot - WASM implementation
    [Summon WASM] PlatformRenderer renderComposableRoot - WASM implementation
    [Summon WASM] PlatformRenderer renderComposableRoot - WASM implementation
    [Summon WASM] PlatformRenderer renderComposableRoot - WASM implementation
    [Summon WASM] PlatformRenderer renderComposableRoot - WASM implementation
    [Summon WASM] PlatformRenderer renderComposableRoot - WASM implementation
    [Summon WASM] PlatformRenderer renderComposableRoot - WASM implementation
    [Summon WASM] PlatformRenderer renderComposableRoot - WASM implementation
    [Summon WASM] PlatformRenderer renderComposableRoot - WASM implementation
    [Summon WASM] PlatformRenderer renderComposableRoot - WASM implementation
    [Summon WASM] PlatformRenderer renderComposableRoot - WASM implementation
    [Summon WASM] PlatformRenderer renderComposableRoot - WASM implementation
    [Summon WASM] PlatformRenderer renderComposableRoot - WASM implementation
    [Summon WASM] PlatformRenderer renderComposableRoot - WASM implementation
    [Summon WASM] PlatformRenderer renderComposableRoot - WASM implementation
    [Summon WASM] PlatformRenderer renderComposableRoot - WASM implementation
    [Summon WASM] PlatformRenderer renderComposableRoot - WASM implementation
    [Summon WASM] PlatformRenderer renderComposableRoot - WASM implementation
    [Summon WASM] PlatformRenderer renderComposableRoot - WASM implementation
    [Summon WASM] PlatformRenderer renderComposableRoot - WASM implementation
    [Summon WASM] PlatformRenderer renderComposableRoot - WASM implementation
    [Summon WASM] PlatformRenderer renderComposableRoot - WASM implementation
    [Summon WASM] PlatformRenderer renderComposableRoot - WASM implementation
    [Summon WASM] PlatformRenderer renderComposableRoot - WASM implementation
    [Summon WASM] PlatformRenderer renderComposableRoot - WASM implementation
    [Summon WASM] PlatformRenderer renderComposableRoot - WASM implementation
    [Summon WASM] PlatformRenderer renderComposableRoot - WASM implementation
    [Summon WASM] PlatformRenderer renderComposableRoot - WASM implementation
    [Summon WASM] PlatformRenderer renderComposableRoot - WASM implementation
    [Summon WASM] PlatformRenderer renderComposableRoot - WASM implementation
    [Summon WASM] PlatformRenderer renderComposableRoot - WASM implementation
    [Summon WASM] PlatformRenderer renderComposableRoot - WASM implementation
    [Summon WASM] PlatformRenderer renderComposableRoot - WASM implementation
    [Summon WASM] PlatformRenderer renderComposableRoot - WASM implementation
    [Summon WASM] PlatformRenderer renderComposableRoot - WASM implementation
    [Summon WASM] PlatformRenderer renderComposableRoot - WASM implementation
    [Summon WASM] PlatformRenderer renderComposableRoot - WASM implementation
    [Summon WASM] PlatformRenderer renderComposableRoot - WASM implementation
    [Summon WASM] PlatformRenderer renderComposableRoot - WASM implementation
    [Summon WASM] PlatformRenderer renderComposableRoot - WASM implementation
    [Summon WASM] PlatformRenderer renderComposableRoot - WASM implementation
    [Summon WASM] PlatformRenderer renderComposableRoot - WASM implementation
    [Summon WASM] PlatformRenderer renderComposableRoot - WASM implementation
    [Summon WASM] PlatformRenderer renderComposableRoot - WASM implementation
    [Summon WASM] PlatformRenderer renderComposableRoot - WASM implementation
    [Summon WASM] PlatformRenderer renderComposableRoot - WASM implementation
    [Summon WASM] PlatformRenderer renderComposableRoot - WASM implementation
    [Summon WASM] PlatformRenderer renderComposableRoot - WASM implementation
    [Summon WASM] PlatformRenderer renderComposableRoot - WASM implementation
    [Summon WASM] PlatformRenderer renderComposableRoot - WASM implementation
    [Summon WASM] PlatformRenderer renderComposableRoot - WASM implementation
    [Summon WASM] PlatformRenderer renderComposableRoot - WASM implementation
    [Summon WASM] PlatformRenderer renderComposableRoot - WASM implementation
    [Summon WASM] PlatformRenderer renderComposableRoot - WASM implementation
    [Summon WASM] PlatformRenderer renderComposableRoot - WASM implementation
    [Summon WASM] PlatformRenderer renderComposableRoot - WASM implementation
    [Summon WASM] PlatformRenderer renderComposableRoot - WASM implementation
    [Summon WASM] PlatformRenderer renderComposableRoot - WASM implementation
    [Summon WASM] PlatformRenderer renderComposableRoot - WASM implementation
    [Summon WASM] PlatformRenderer renderComposableRoot - WASM implementation
    [Summon WASM] PlatformRenderer renderComposableRoot - WASM implementation
    [Summon WASM] PlatformRenderer renderComposableRoot - WASM implementation
    [Summon WASM] PlatformRenderer renderComposableRoot - WASM implementation
    [Summon WASM] PlatformRenderer renderComposableRoot - WASM implementation
    [Summon WASM] PlatformRenderer renderComposableRoot - WASM implementation
    [Summon WASM] PlatformRenderer renderComposableRoot - WASM implementation
    [Summon WASM] PlatformRenderer renderComposableRoot - WASM implementation
    [Summon WASM] PlatformRenderer renderComposableRoot - WASM implementation
    [Summon WASM] PlatformRenderer renderComposableRoot - WASM implementation
    [Summon WASM] PlatformRenderer renderComposableRoot - WASM implementation
    [Summon WASM] PlatformRenderer renderComposableRoot - WASM implementation
    [Summon WASM] PlatformRenderer renderComposableRoot - WASM implementation
    [Summon WASM] PlatformRenderer renderComposableRoot - WASM implementation
    [Summon WASM] PlatformRenderer renderComposableRoot - WASM implementation
    [Summon WASM] PlatformRenderer renderComposableRoot - WASM implementation
    [Summon WASM] PlatformRenderer renderComposableRoot - WASM implementation
    [Summon WASM] PlatformRenderer renderComposableRoot - WASM implementation
    [Summon WASM] PlatformRenderer renderComposableRoot - WASM implementation
    [Summon WASM] PlatformRenderer renderComposableRoot - WASM implementation
    [Summon WASM] PlatformRenderer renderComposableRoot - WASM implementation
    [Summon WASM] PlatformRenderer renderComposableRoot - WASM implementation
    [Summon WASM] PlatformRenderer renderComposableRoot - WASM implementation
    [Summon WASM] PlatformRenderer renderComposableRoot - WASM implementation
    [Summon WASM] PlatformRenderer renderComposableRoot - WASM implementation
    [Summon WASM] PlatformRenderer renderComposableRoot - WASM implementation
    [Summon WASM] PlatformRenderer renderComposableRoot - WASM implementation
    [Summon WASM] PlatformRenderer renderComposableRoot - WASM implementation
    [Summon WASM] PlatformRenderer renderComposableRoot - WASM implementation
    [Summon WASM] PlatformRenderer renderComposableRoot - WASM implementation
    [Summon WASM] PlatformRenderer renderComposableRoot - WASM implementation
    [Summon WASM] PlatformRenderer renderComposableRoot - WASM implementation
    [Summon WASM] PlatformRenderer renderComposableRoot - WASM implementation
    [Summon WASM] PlatformRenderer renderComposableRoot - WASM implementation
    [Summon WASM] PlatformRenderer renderComposableRoot - WASM implementation
    [Summon WASM] PlatformRenderer renderComposableRoot - WASM implementation
    [Summon WASM] PlatformRenderer renderComposableRoot - WASM implementation
    [Summon WASM] PlatformRenderer renderComposableRoot - WASM implementation
    [Summon WASM] PlatformRenderer renderComposableRoot - WASM implementation
    [Summon WASM] PlatformRenderer renderComposableRoot - WASM implementation
    [Summon WASM] PlatformRenderer renderComposableRoot - WASM implementation
    [Summon WASM] PlatformRenderer renderComposableRoot - WASM implementation
    [Summon WASM] PlatformRenderer renderComposableRoot - WASM implementation
    [Summon WASM] PlatformRenderer renderComposableRoot - WASM implementation
    [Summon WASM] PlatformRenderer renderComposableRoot - WASM implementation
    [Summon WASM] PlatformRenderer renderComposableRoot - WASM implementation
    [Summon WASM] PlatformRenderer renderComposableRoot - WASM implementation
    [Summon WASM] PlatformRenderer renderComposableRoot - WASM implementation
    [Summon WASM] PlatformRenderer renderComposableRoot - WASM implementation
    [Summon WASM] PlatformRenderer renderComposableRoot - WASM implementation
    [Summon WASM] PlatformRenderer renderComposableRoot - WASM implementation
    [Summon WASM] PlatformRenderer renderComposableRoot - WASM implementation
    [Summon WASM] PlatformRenderer renderComposableRoot - WASM implementation
    [Summon WASM] PlatformRenderer renderComposableRoot - WASM implementation
    [Summon WASM] PlatformRenderer renderComposableRoot - WASM implementation
    [Summon WASM] PlatformRenderer renderComposableRoot - WASM implementation
    [Summon WASM] PlatformRenderer renderComposableRoot - WASM implementation
    [Summon WASM] PlatformRenderer renderComposableRoot - WASM implementation
    [Summon WASM] PlatformRenderer renderComposableRoot - WASM implementation
    [Summon WASM] PlatformRenderer renderComposableRoot - WASM implementation
    [Summon WASM] PlatformRenderer renderComposableRoot - WASM implementation
    [Summon WASM] PlatformRenderer renderComposableRoot - WASM implementation
    [Summon WASM] PlatformRenderer renderComposableRoot - WASM implementation
    [Summon WASM] PlatformRenderer renderComposableRoot - WASM implementation
    [Summon WASM] PlatformRenderer renderComposableRoot - WASM implementation
    [Summon WASM] PlatformRenderer renderComposableRoot - WASM implementation
    [Summon WASM] PlatformRenderer renderComposableRoot - WASM implementation
    [Summon WASM] PlatformRenderer renderComposableRoot - WASM implementation
    [Summon WASM] PlatformRenderer renderComposableRoot - WASM implementation
    [Summon WASM] PlatformRenderer renderComposableRoot - WASM implementation
    [Summon WASM] PlatformRenderer renderComposableRoot - WASM implementation
    [Summon WASM] PlatformRenderer renderComposableRoot - WASM implementation
    [Summon WASM] PlatformRenderer renderComposableRoot - WASM implementation
    [Summon WASM] PlatformRenderer renderComposableRoot - WASM implementation
    [Summon WASM] PlatformRenderer renderComposableRoot - WASM implementation
    [Summon WASM] PlatformRenderer renderComposableRoot - WASM implementation
    [Summon WASM] PlatformRenderer renderComposableRoot - WASM implementation
    [Summon WASM] PlatformRenderer renderComposableRoot - WASM implementation
    [Summon WASM] PlatformRenderer renderComposableRoot - WASM implementation
    [Summon WASM] PlatformRenderer renderComposableRoot - WASM implementation
    [Summon WASM] PlatformRenderer renderComposableRoot - WASM implementation
    [Summon WASM] PlatformRenderer renderComposableRoot - WASM implementation
    [Summon WASM] PlatformRenderer renderComposableRoot - WASM implementation
    [Summon WASM] PlatformRenderer renderComposableRoot - WASM implementation
    [Summon WASM] PlatformRenderer renderComposableRoot - WASM implementation
    [Summon WASM] PlatformRenderer renderComposableRoot - WASM implementation
    [Summon WASM] PlatformRenderer renderComposableRoot - WASM implementation
    [Summon WASM] PlatformRenderer renderComposableRoot - WASM implementation
    [Summon WASM] PlatformRenderer renderComposableRoot - WASM implementation
    [Summon WASM] PlatformRenderer renderComposableRoot - WASM implementation
    [Summon WASM] PlatformRenderer renderComposableRoot - WASM implementation
    [Summon WASM] PlatformRenderer renderComposableRoot - WASM implementation
    [Summon WASM] PlatformRenderer renderComposableRoot - WASM implementation
    [Summon WASM] PlatformRenderer renderComposableRoot - WASM implementation
    [Summon WASM] PlatformRenderer renderComposableRoot - WASM implementation
    [Summon WASM] PlatformRenderer renderComposableRoot - WASM implementation
    [Summon WASM] PlatformRenderer renderComposableRoot - WASM implementation
    [Summon WASM] PlatformRenderer renderComposableRoot - WASM implementation
    [Summon WASM] PlatformRenderer renderComposableRoot - WASM implementation
    [Summon WASM] PlatformRenderer renderComposableRoot - WASM implementation
    [Summon WASM] PlatformRenderer renderComposableRoot - WASM implementation
    [Summon WASM] PlatformRenderer renderComposableRoot - WASM implementation
    [Summon WASM] PlatformRenderer renderComposableRoot - WASM implementation
    [Summon WASM] PlatformRenderer renderComposableRoot - WASM implementation
    [Summon WASM] PlatformRenderer renderComposableRoot - WASM implementation
    [Summon WASM] PlatformRenderer renderComposableRoot - WASM implementation
    [Summon WASM] PlatformRenderer renderComposableRoot - WASM implementation
    [Summon WASM] PlatformRenderer renderComposableRoot - WASM implementation
    [Summon WASM] PlatformRenderer renderComposableRoot - WASM implementation
    [Summon WASM] PlatformRenderer renderComposableRoot - WASM implementation
    [Summon WASM] PlatformRenderer renderComposableRoot - WASM implementation
    [Summon WASM] PlatformRenderer renderComposableRoot - WASM implementation
    [Summon WASM] PlatformRenderer renderComposableRoot - WASM implementation
    [Summon WASM] PlatformRenderer renderComposableRoot - WASM implementation
    [Summon WASM] PlatformRenderer renderComposableRoot - WASM implementation
    [Summon WASM] PlatformRenderer renderComposableRoot - WASM implementation
    [Summon WASM] PlatformRenderer renderComposableRoot - WASM implementation
    [Summon WASM] PlatformRenderer renderComposableRoot - WASM implementation
    [Summon WASM] PlatformRenderer renderComposableRoot - WASM implementation
    [Summon WASM] PlatformRenderer renderComposableRoot - WASM implementation
    [Summon WASM] PlatformRenderer renderComposableRoot - WASM implementation
    [Summon WASM] PlatformRenderer renderComposableRoot - WASM implementation
    [Summon WASM] PlatformRenderer renderComposableRoot - WASM implementation
    [Summon WASM] PlatformRenderer renderComposableRoot - WASM implementation
    [Summon WASM] PlatformRenderer renderComposableRoot - WASM implementation
    [Summon WASM] PlatformRenderer renderComposableRoot - WASM implementation
    [Summon WASM] PlatformRenderer renderComposableRoot - WASM implementation
    [Summon WASM] PlatformRenderer renderComposableRoot - WASM implementation
    [Summon WASM] PlatformRenderer renderComposableRoot - WASM implementation
    [Summon WASM] PlatformRenderer renderComposableRoot - WASM implementation
    [Summon WASM] PlatformRenderer renderComposableRoot - WASM implementation
    [Summon WASM] PlatformRenderer renderComposableRoot - WASM implementation
    [Summon WASM] PlatformRenderer renderComposableRoot - WASM implementation
    [Summon WASM] PlatformRenderer renderComposableRoot - WASM implementation
    [Summon WASM] PlatformRenderer renderComposableRoot - WASM implementation
    [Summon WASM] PlatformRenderer renderComposableRoot - WASM implementation
    [Summon WASM] PlatformRenderer renderComposableRoot - WASM implementation
    [Summon WASM] PlatformRenderer renderComposableRoot - WASM implementation
    [Summon WASM] PlatformRenderer renderComposableRoot - WASM implementation
    [Summon WASM] PlatformRenderer renderComposableRoot - WASM implementation
    [Summon WASM] PlatformRenderer renderComposableRoot - WASM implementation
    [Summon WASM] PlatformRenderer renderComposableRoot - WASM implementation
    [Summon WASM] PlatformRenderer renderComposableRoot - WASM implementation
    [Summon WASM] PlatformRenderer renderComposableRoot - WASM implementation
    [Summon WASM] PlatformRenderer renderComposableRoot - WASM implementation
    [Summon WASM] PlatformRenderer renderComposableRoot - WASM implementation
    [Summon WASM] PlatformRenderer renderComposableRoot - WASM implementation
    [Summon WASM] PlatformRenderer renderComposableRoot - WASM implementation
    [Summon WASM] PlatformRenderer renderComposableRoot - WASM implementation
    [Summon WASM] PlatformRenderer renderComposableRoot - WASM implementation
    [Summon WASM] PlatformRenderer renderComposableRoot - WASM implementation
    [Summon WASM] PlatformRenderer renderComposableRoot - WASM implementation
    [Summon WASM] PlatformRenderer renderComposableRoot - WASM implementation
    [Summon WASM] PlatformRenderer renderComposableRoot - WASM implementation
    [Summon WASM] PlatformRenderer renderComposableRoot - WASM implementation
    [Summon WASM] PlatformRenderer renderComposableRoot - WASM implementation
    [Summon WASM] PlatformRenderer renderComposableRoot - WASM implementation
    [Summon WASM] PlatformRenderer renderComposableRoot - WASM implementation
    [Summon WASM] PlatformRenderer renderComposableRoot - WASM implementation
    [Summon WASM] PlatformRenderer renderComposableRoot - WASM implementation
    [Summon WASM] PlatformRenderer renderComposableRoot - WASM implementation
    [Summon WASM] PlatformRenderer renderComposableRoot - WASM implementation
    [Summon WASM] PlatformRenderer renderComposableRoot - WASM implementation
    [Summon WASM] PlatformRenderer renderComposableRoot - WASM implementation
    [Summon WASM] PlatformRenderer renderComposableRoot - WASM implementation
    [Summon WASM] PlatformRenderer renderComposableRoot - WASM implementation
    [Summon WASM] PlatformRenderer renderComposableRoot - WASM implementation
    [Summon WASM] PlatformRenderer renderComposableRoot - WASM implementation
    [Summon WASM] PlatformRenderer renderComposableRoot - WASM implementation
    [Summon WASM] PlatformRenderer renderComposableRoot - WASM implementation
    [Summon WASM] PlatformRenderer renderComposableRoot - WASM implementation
    [Summon WASM] PlatformRenderer renderComposableRoot - WASM implementation
    [Summon WASM] PlatformRenderer renderComposableRoot - WASM implementation
    [Summon WASM] PlatformRenderer renderComposableRoot - WASM implementation
    [Summon WASM] PlatformRenderer renderComposableRoot - WASM implementation
    [Summon WASM] PlatformRenderer renderComposableRoot - WASM implementation
    [Summon WASM] PlatformRenderer renderComposableRoot - WASM implementation
    [Summon WASM] PlatformRenderer renderComposableRoot - WASM implementation
    [Summon WASM] PlatformRenderer renderComposableRoot - WASM implementation
    [Summon WASM] PlatformRenderer renderComposableRoot - WASM implementation
    [Summon WASM] PlatformRenderer renderComposableRoot - WASM implementation
    [Summon WASM] PlatformRenderer renderComposableRoot - WASM implementation
    [Summon WASM] PlatformRenderer renderComposableRoot - WASM implementation
    [Summon WASM] PlatformRenderer renderComposableRoot - WASM implementation
    [Summon WASM] PlatformRenderer renderComposableRoot - WASM implementation
    [Summon WASM] PlatformRenderer renderComposableRoot - WASM implementation
    [Summon WASM] PlatformRenderer renderComposableRoot - WASM implementation
    [Summon WASM] PlatformRenderer renderComposableRoot - WASM implementation
    [Summon WASM] PlatformRenderer renderComposableRoot - WASM implementation
    [Summon WASM] PlatformRenderer renderComposableRoot - WASM implementation
    [Summon WASM] PlatformRenderer renderComposableRoot - WASM implementation
    [Summon WASM] PlatformRenderer renderComposableRoot - WASM implementation
    [Summon WASM] PlatformRenderer renderComposableRoot - WASM implementation
    [Summon WASM] PlatformRenderer renderComposableRoot - WASM implementation
    [Summon WASM] PlatformRenderer renderComposableRoot - WASM implementation
    [Summon WASM] PlatformRenderer renderComposableRoot - WASM implementation
    [Summon WASM] PlatformRenderer renderComposableRoot - WASM implementation
    [Summon WASM] PlatformRenderer renderComposableRoot - WASM implementation
    [Summon WASM] PlatformRenderer renderComposableRoot - WASM implementation
    [Summon WASM] PlatformRenderer renderComposableRoot - WASM implementation
    [Summon WASM] PlatformRenderer renderComposableRoot - WASM implementation
    [Summon WASM] PlatformRenderer renderComposableRoot - WASM implementation
    [Summon WASM] PlatformRenderer renderComposableRoot - WASM implementation
    [Summon WASM] PlatformRenderer renderComposableRoot - WASM implementation
    [Summon WASM] PlatformRenderer renderComposableRoot - WASM implementation
    [Summon WASM] PlatformRenderer renderComposableRoot - WASM implementation
    [Summon WASM] PlatformRenderer renderComposableRoot - WASM implementation
    [Summon WASM] PlatformRenderer renderComposableRoot - WASM implementation
    [Summon WASM] PlatformRenderer renderComposableRoot - WASM implementation
    [Summon WASM] PlatformRenderer renderComposableRoot - WASM implementation
    [Summon WASM] PlatformRenderer renderComposableRoot - WASM implementation
    [Summon WASM] PlatformRenderer renderComposableRoot - WASM implementation
    [Summon WASM] PlatformRenderer renderComposableRoot - WASM implementation
    [Summon WASM] PlatformRenderer renderComposableRoot - WASM implementation
    [Summon WASM] PlatformRenderer renderComposableRoot - WASM implementation
    [Summon WASM] PlatformRenderer renderComposableRoot - WASM implementation
    [Summon WASM] PlatformRenderer renderComposableRoot - WASM implementation
    [Summon WASM] PlatformRenderer renderComposableRoot - WASM implementation
    [Summon WASM] PlatformRenderer renderComposableRoot - WASM implementation
    [Summon WASM] PlatformRenderer renderComposableRoot - WASM implementation
    [Summon WASM] PlatformRenderer renderComposableRoot - WASM implementation
    [Summon WASM] PlatformRenderer renderComposableRoot - WASM implementation
    [Summon WASM] PlatformRenderer renderComposableRoot - WASM implementation
    [Summon WASM] PlatformRenderer renderComposableRoot - WASM implementation
    [Summon WASM] PlatformRenderer renderComposableRoot - WASM implementation
    [Summon WASM] PlatformRenderer renderComposableRoot - WASM implementation
    [Summon WASM] PlatformRenderer renderComposableRoot - WASM implementation
    [Summon WASM] PlatformRenderer renderComposableRoot - WASM implementation
    [Summon WASM] PlatformRenderer renderComposableRoot - WASM implementation
    [Summon WASM] PlatformRenderer renderComposableRoot - WASM implementation
    [Summon WASM] PlatformRenderer renderComposableRoot - WASM implementation
    [Summon WASM] PlatformRenderer renderComposableRoot - WASM implementation
    [Summon WASM] PlatformRenderer renderComposableRoot - WASM implementation
    [Summon WASM] PlatformRenderer renderComposableRoot - WASM implementation
    [Summon WASM] PlatformRenderer renderComposableRoot - WASM implementation
    [Summon WASM] PlatformRenderer renderComposableRoot - WASM implementation
    [Summon WASM] PlatformRenderer renderComposableRoot - WASM implementation
    [Summon WASM] PlatformRenderer renderComposableRoot - WASM implementation
    [Summon WASM] PlatformRenderer renderComposableRoot - WASM implementation
    [Summon WASM] PlatformRenderer renderComposableRoot - WASM implementation
    [Summon WASM] PlatformRenderer renderComposableRoot - WASM implementation
    [Summon WASM] PlatformRenderer renderComposableRoot - WASM implementation
    [Summon WASM] PlatformRenderer renderComposableRoot - WASM implementation
    [Summon WASM] PlatformRenderer renderComposableRoot - WASM implementation
    [Summon WASM] PlatformRenderer renderComposableRoot - WASM implementation
    [Summon WASM] PlatformRenderer renderComposableRoot - WASM implementation
    [Summon WASM] PlatformRenderer renderComposableRoot - WASM implementation
    [Summon WASM] PlatformRenderer renderComposableRoot - WASM implementation
    [Summon WASM] PlatformRenderer renderComposableRoot - WASM implementation
    [Summon WASM] PlatformRenderer renderComposableRoot - WASM implementation
    [Summon WASM] PlatformRenderer renderComposableRoot - WASM implementation
    [Summon WASM] PlatformRenderer renderComposableRoot - WASM implementation
    [Summon WASM] PlatformRenderer renderComposableRoot - WASM implementation
    [Summon WASM] PlatformRenderer renderComposableRoot - WASM implementation
    [Summon WASM] PlatformRenderer renderComposableRoot - WASM implementation
    [Summon WASM] PlatformRenderer renderComposableRoot - WASM implementation
    [Summon WASM] PlatformRenderer renderComposableRoot - WASM implementation
    [Summon WASM] PlatformRenderer renderComposableRoot - WASM implementation
    [Summon WASM] PlatformRenderer renderComposableRoot - WASM implementation
    [Summon WASM] PlatformRenderer renderComposableRoot - WASM implementation
    [Summon WASM] PlatformRenderer renderComposableRoot - WASM implementation
    [Summon WASM] PlatformRenderer renderComposableRoot - WASM implementation
    [Summon WASM] PlatformRenderer renderComposableRoot - WASM implementation
    [Summon WASM] PlatformRenderer renderComposableRoot - WASM implementation
    [Summon WASM] PlatformRenderer renderComposableRoot - WASM implementation
    [Summon WASM] PlatformRenderer renderComposableRoot - WASM implementation
    [Summon WASM] PlatformRenderer renderComposableRoot - WASM implementation
    [Summon WASM] PlatformRenderer renderComposableRoot - WASM implementation
    [Summon WASM] PlatformRenderer renderComposableRoot - WASM implementation
    [Summon WASM] PlatformRenderer renderComposableRoot - WASM implementation
    [Summon WASM] PlatformRenderer renderComposableRoot - WASM implementation
    [Summon WASM] PlatformRenderer renderComposableRoot - WASM implementation
    [Summon WASM] PlatformRenderer renderComposableRoot - WASM implementation
    [Summon WASM] PlatformRenderer renderComposableRoot - WASM implementation
    [Summon WASM] PlatformRenderer renderComposableRoot - WASM implementation
    [Summon WASM] PlatformRenderer renderComposableRoot - WASM implementation
    [Summon WASM] PlatformRenderer renderComposableRoot - WASM implementation
    [Summon WASM] PlatformRenderer renderComposableRoot - WASM implementation
    [Summon WASM] PlatformRenderer renderComposableRoot - WASM implementation
    [Summon WASM] PlatformRenderer renderComposableRoot - WASM implementation
    [Summon WASM] PlatformRenderer renderComposableRoot - WASM implementation
    [Summon WASM] PlatformRenderer renderComposableRoot - WASM implementation
    [Summon WASM] PlatformRenderer renderComposableRoot - WASM implementation
    [Summon WASM] PlatformRenderer renderComposableRoot - WASM implementation
    [Summon WASM] PlatformRenderer renderComposableRoot - WASM implementation
    [Summon WASM] PlatformRenderer renderComposableRoot - WASM implementation
    [Summon WASM] PlatformRenderer renderComposableRoot - WASM implementation
    [Summon WASM] PlatformRenderer renderComposableRoot - WASM implementation
    [Summon WASM] PlatformRenderer renderComposableRoot - WASM implementation
    [Summon WASM] PlatformRenderer renderComposableRoot - WASM implementation
    [Summon WASM] PlatformRenderer renderComposableRoot - WASM implementation
    [Summon WASM] PlatformRenderer renderComposableRoot - WASM implementation
    [Summon WASM] PlatformRenderer renderComposableRoot - WASM implementation
    [Summon WASM] PlatformRenderer renderComposableRoot - WASM implementation
    [Summon WASM] PlatformRenderer renderComposableRoot - WASM implementation
    [Summon WASM] PlatformRenderer renderComposableRoot - WASM implementation
    [Summon WASM] PlatformRenderer renderComposableRoot - WASM implementation
    [Summon WASM] PlatformRenderer renderComposableRoot - WASM implementation
    [Summon WASM] PlatformRenderer renderComposableRoot - WASM implementation
    [Summon WASM] PlatformRenderer renderComposableRoot - WASM implementation
    [Summon WASM] PlatformRenderer renderComposableRoot - WASM implementation
    [Summon WASM] PlatformRenderer renderComposableRoot - WASM implementation
    [Summon WASM] PlatformRenderer renderComposableRoot - WASM implementation
    [Summon WASM] PlatformRenderer renderComposableRoot - WASM implementation
    [Summon WASM] PlatformRenderer renderComposableRoot - WASM implementation
    [Summon WASM] PlatformRenderer renderComposableRoot - WASM implementation
    [Summon WASM] PlatformRenderer renderComposableRoot - WASM implementation
    [Summon WASM] PlatformRenderer renderComposableRoot - WASM implementation
    [Summon WASM] PlatformRenderer renderComposableRoot - WASM implementation
    [Summon WASM] PlatformRenderer renderComposableRoot - WASM implementation
    [Summon WASM] PlatformRenderer renderComposableRoot - WASM implementation
    [Summon WASM] PlatformRenderer renderComposableRoot - WASM implementation
    [Summon WASM] PlatformRenderer renderComposableRoot - WASM implementation
    [Summon WASM] PlatformRenderer renderComposableRoot - WASM implementation
    [Summon WASM] PlatformRenderer renderComposableRoot - WASM implementation
    [Summon WASM] PlatformRenderer renderComposableRoot - WASM implementation
    [Summon WASM] PlatformRenderer renderComposableRoot - WASM implementation
    [Summon WASM] PlatformRenderer renderComposableRoot - WASM implementation
    [Summon WASM] PlatformRenderer renderComposableRoot - WASM implementation
    [Summon WASM] PlatformRenderer renderComposableRoot - WASM implementation
    [Summon WASM] PlatformRenderer renderComposableRoot - WASM implementation
    [Summon WASM] PlatformRenderer renderComposableRoot - WASM implementation
    [Summon WASM] PlatformRenderer renderComposableRoot - WASM implementation
    [Summon WASM] PlatformRenderer renderComposableRoot - WASM implementation
    [Summon WASM] PlatformRenderer renderComposableRoot - WASM implementation
    [Summon WASM] PlatformRenderer renderComposableRoot - WASM implementation
    [Summon WASM] PlatformRenderer renderComposableRoot - WASM implementation
    [Summon WASM] PlatformRenderer renderComposableRoot - WASM implementation
    [Summon WASM] PlatformRenderer renderComposableRoot - WASM implementation
    [Summon WASM] PlatformRenderer renderComposableRoot - WASM implementation
    [Summon WASM] PlatformRenderer renderComposableRoot - WASM implementation
    [Summon WASM] PlatformRenderer renderComposableRoot - WASM implementation
    [Summon WASM] PlatformRenderer renderComposableRoot - WASM implementation
    [Summon WASM] PlatformRenderer renderComposableRoot - WASM implementation
    [Summon WASM] PlatformRenderer renderComposableRoot - WASM implementation
    [Summon WASM] PlatformRenderer renderComposableRoot - WASM implementation
    [Summon WASM] PlatformRenderer renderComposableRoot - WASM implementation
    [Summon WASM] PlatformRenderer renderComposableRoot - WASM implementation
    [Summon WASM] PlatformRenderer renderComposableRoot - WASM implementation
    [Summon WASM] PlatformRenderer renderComposableRoot - WASM implementation
    [Summon WASM] PlatformRenderer renderComposableRoot - WASM implementation
    [Summon WASM] PlatformRenderer renderComposableRoot - WASM implementation
    [Summon WASM] PlatformRenderer renderComposableRoot - WASM implementation
    [Summon WASM] PlatformRenderer renderComposableRoot - WASM implementation
    [Summon WASM] PlatformRenderer renderComposableRoot - WASM implementation
    [Summon WASM] PlatformRenderer renderComposableRoot - WASM implementation
    [Summon WASM] PlatformRenderer renderComposableRoot - WASM implementation
    [Summon WASM] PlatformRenderer renderComposableRoot - WASM implementation
    [Summon WASM] PlatformRenderer renderComposableRoot - WASM implementation
    [Summon WASM] PlatformRenderer renderComposableRoot - WASM implementation
    [Summon WASM] PlatformRenderer renderComposableRoot - WASM implementation
    [Summon WASM] PlatformRenderer renderComposableRoot - WASM implementation
    [Summon WASM] PlatformRenderer renderComposableRoot - WASM implementation
    [Summon WASM] PlatformRenderer renderComposableRoot - WASM implementation
    [Summon WASM] PlatformRenderer renderComposableRoot - WASM implementation
    [Summon WASM] PlatformRenderer renderComposableRoot - WASM implementation
    [Summon WASM] PlatformRenderer renderComposableRoot - WASM implementation
    [Summon WASM] PlatformRenderer renderComposableRoot - WASM implementation
    [Summon WASM] PlatformRenderer renderComposableRoot - WASM implementation
    [Summon WASM] PlatformRenderer renderComposableRoot - WASM implementation
    [Summon WASM] PlatformRenderer renderComposableRoot - WASM implementation
    [Summon WASM] PlatformRenderer renderComposableRoot - WASM implementation
    [Summon WASM] PlatformRenderer renderComposableRoot - WASM implementation
    [Summon WASM] PlatformRenderer renderComposableRoot - WASM implementation
    [Summon WASM] PlatformRenderer renderComposableRoot - WASM implementation
    [Summon WASM] PlatformRenderer renderComposableRoot - WASM implementation
    [Summon WASM] PlatformRenderer renderComposableRoot - WASM implementation
    [Summon WASM] PlatformRenderer renderComposableRoot - WASM implementation
    [Summon WASM] PlatformRenderer renderComposableRoot - WASM implementation
    [Summon WASM] PlatformRenderer renderComposableRoot - WASM implementation
    [Summon WASM] PlatformRenderer renderComposableRoot - WASM implementation
    [Summon WASM] PlatformRenderer renderComposableRoot - WASM implementation
    [Summon WASM] PlatformRenderer renderComposableRoot - WASM implementation
    [Summon WASM] PlatformRenderer renderComposableRoot - WASM implementation
    [Summon WASM] PlatformRenderer renderComposableRoot - WASM implementation
    [Summon WASM] PlatformRenderer renderComposableRoot - WASM implementation
    [Summon WASM] PlatformRenderer renderComposableRoot - WASM implementation
    [Summon WASM] PlatformRenderer renderComposableRoot - WASM implementation
    [Summon WASM] PlatformRenderer renderComposableRoot - WASM implementation
    [Summon WASM] PlatformRenderer renderComposableRoot - WASM implementation
    [Summon WASM] PlatformRenderer renderComposableRoot - WASM implementation
    [Summon WASM] PlatformRenderer renderComposableRoot - WASM implementation
    [Summon WASM] PlatformRenderer renderComposableRoot - WASM implementation
    [Summon WASM] PlatformRenderer renderComposableRoot - WASM implementation
    [Summon WASM] PlatformRenderer renderComposableRoot - WASM implementation
    [Summon WASM] PlatformRenderer renderComposableRoot - WASM implementation
    [Summon WASM] PlatformRenderer renderComposableRoot - WASM implementation
    [Summon WASM] PlatformRenderer renderComposableRoot - WASM implementation
    [Summon WASM] PlatformRenderer renderComposableRoot - WASM implementation
    [Summon WASM] PlatformRenderer renderComposableRoot - WASM implementation
    [Summon WASM] PlatformRenderer renderComposableRoot - WASM implementation
    [Summon WASM] PlatformRenderer renderComposableRoot - WASM implementation
    [Summon WASM] PlatformRenderer renderComposableRoot - WASM implementation
    [Summon WASM] PlatformRenderer renderComposableRoot - WASM implementation
    [Summon WASM] PlatformRenderer renderComposableRoot - WASM implementation
    [Summon WASM] PlatformRenderer renderComposableRoot - WASM implementation
    [Summon WASM] PlatformRenderer renderComposableRoot - WASM implementation
    [Summon WASM] PlatformRenderer renderComposableRoot - WASM implementation
    [Summon WASM] PlatformRenderer renderComposableRoot - WASM implementation
    [Summon WASM] PlatformRenderer renderComposableRoot - WASM implementation
    [Summon WASM] PlatformRenderer renderComposableRoot - WASM implementation
    [Summon WASM] PlatformRenderer renderComposableRoot - WASM implementation
    [Summon WASM] PlatformRenderer renderComposableRoot - WASM implementation
    [Summon WASM] PlatformRenderer renderComposableRoot - WASM implementation
    [Summon WASM] PlatformRenderer renderComposableRoot - WASM implementation
    [Summon WASM] PlatformRenderer renderComposableRoot - WASM implementation
    [Summon WASM] PlatformRenderer renderComposableRoot - WASM implementation
    [Summon WASM] PlatformRenderer renderComposableRoot - WASM implementation
    [Summon WASM] PlatformRenderer renderComposableRoot - WASM implementation
    [Summon WASM] PlatformRenderer renderComposableRoot - WASM implementation
    [Summon WASM] PlatformRenderer renderComposableRoot - WASM implementation
    [Summon WASM] PlatformRenderer renderComposableRoot - WASM implementation
    [Summon WASM] PlatformRenderer renderComposableRoot - WASM implementation
    [Summon WASM] PlatformRenderer renderComposableRoot - WASM implementation
    [Summon WASM] PlatformRenderer renderComposableRoot - WASM implementation
    [Summon WASM] PlatformRenderer renderComposableRoot - WASM implementation
    [Summon WASM] PlatformRenderer renderComposableRoot - WASM implementation
    [Summon WASM] PlatformRenderer renderComposableRoot - WASM implementation
    [Summon WASM] PlatformRenderer renderComposableRoot - WASM implementation
    [Summon WASM] PlatformRenderer renderComposableRoot - WASM implementation
    [Summon WASM] PlatformRenderer renderComposableRoot - WASM implementation
    [Summon WASM] PlatformRenderer renderComposableRoot - WASM implementation
    [Summon WASM] PlatformRenderer renderComposableRoot - WASM implementation
    [Summon WASM] PlatformRenderer renderComposableRoot - WASM implementation
    [Summon WASM] PlatformRenderer renderComposableRoot - WASM implementation
    [Summon WASM] PlatformRenderer renderComposableRoot - WASM implementation
    [Summon WASM] PlatformRenderer renderComposableRoot - WASM implementation
    [Summon WASM] PlatformRenderer renderComposableRoot - WASM implementation
    [Summon WASM] PlatformRenderer renderComposableRoot - WASM implementation
    [Summon WASM] PlatformRenderer renderComposableRoot - WASM implementation
    [Summon WASM] PlatformRenderer renderComposableRoot - WASM implementation
    [Summon WASM] PlatformRenderer renderComposableRoot - WASM implementation
    [Summon WASM] PlatformRenderer renderComposableRoot - WASM implementation
    [Summon WASM] PlatformRenderer renderComposableRoot - WASM implementation
    [Summon WASM] PlatformRenderer renderComposableRoot - WASM implementation
    [Summon WASM] PlatformRenderer renderComposableRoot - WASM implementation
    [Summon WASM] PlatformRenderer renderComposableRoot - WASM implementation
    [Summon WASM] PlatformRenderer renderComposableRoot - WASM implementation
    [Summon WASM] PlatformRenderer renderComposableRoot - WASM implementation
    [Summon WASM] PlatformRenderer renderComposableRoot - WASM implementation
    [Summon WASM] PlatformRenderer renderComposableRoot - WASM implementation
    [Summon WASM] PlatformRenderer renderComposableRoot - WASM implementation
    [Summon WASM] PlatformRenderer renderComposableRoot - WASM implementation
    [Summon WASM] PlatformRenderer renderComposableRoot - WASM implementation
    [Summon WASM] PlatformRenderer renderComposableRoot - WASM implementation
    [Summon WASM] PlatformRenderer renderComposableRoot - WASM implementation
    [Summon WASM] PlatformRenderer renderComposableRoot - WASM implementation
    [Summon WASM] PlatformRenderer renderComposableRoot - WASM implementation
    [Summon WASM] PlatformRenderer renderComposableRoot - WASM implementation
    [Summon WASM] PlatformRenderer renderComposableRoot - WASM implementation
    [Summon WASM] PlatformRenderer renderComposableRoot - WASM implementation
    [Summon WASM] PlatformRenderer renderComposableRoot - WASM implementation
    [Summon WASM] PlatformRenderer renderComposableRoot - WASM implementation
    [Summon WASM] PlatformRenderer renderComposableRoot - WASM implementation
    [Summon WASM] PlatformRenderer renderComposableRoot - WASM implementation
    [Summon WASM] PlatformRenderer renderComposableRoot - WASM implementation
    [Summon WASM] PlatformRenderer renderComposableRoot - WASM implementation
    [Summon WASM] PlatformRenderer renderComposableRoot - WASM implementation
    [Summon WASM] PlatformRenderer renderComposableRoot - WASM implementation
    [Summon WASM] PlatformRenderer renderComposableRoot - WASM implementation
    [Summon WASM] PlatformRenderer renderComposableRoot - WASM implementation
    [Summon WASM] PlatformRenderer renderComposableRoot - WASM implementation
    [Summon WASM] PlatformRenderer renderComposableRoot - WASM implementation
    [Summon WASM] PlatformRenderer renderComposableRoot - WASM implementation
    [Summon WASM] PlatformRenderer renderComposableRoot - WASM implementation
    [Summon WASM] PlatformRenderer renderComposableRoot - WASM implementation
    [Summon WASM] PlatformRenderer renderComposableRoot - WASM implementation
    [Summon WASM] PlatformRenderer renderComposableRoot - WASM implementation
    [Summon WASM] PlatformRenderer renderComposableRoot - WASM implementation
    [Summon WASM] PlatformRenderer renderComposableRoot - WASM implementation
    [Summon WASM] PlatformRenderer renderComposableRoot - WASM implementation
    [Summon WASM] PlatformRenderer renderComposableRoot - WASM implementation
    [Summon WASM] PlatformRenderer renderComposableRoot - WASM implementation
    [Summon WASM] PlatformRenderer renderComposableRoot - WASM implementation
    [Summon WASM] PlatformRenderer renderComposableRoot - WASM implementation
    [Summon WASM] PlatformRenderer renderComposableRoot - WASM implementation
    [Summon WASM] PlatformRenderer renderComposableRoot - WASM implementation
    [Summon WASM] PlatformRenderer renderComposableRoot - WASM implementation
    [Summon WASM] PlatformRenderer renderComposableRoot - WASM implementation
    [Summon WASM] PlatformRenderer renderComposableRoot - WASM implementation
    [Summon WASM] PlatformRenderer renderComposableRoot - WASM implementation
    [Summon WASM] PlatformRenderer renderComposableRoot - WASM implementation
    [Summon WASM] PlatformRenderer renderComposableRoot - WASM implementation
    [Summon WASM] PlatformRenderer renderComposableRoot - WASM implementation
    [Summon WASM] PlatformRenderer renderComposableRoot - WASM implementation
    [Summon WASM] PlatformRenderer renderComposableRoot - WASM implementation
    [Summon WASM] PlatformRenderer renderComposableRoot - WASM implementation
    [Summon WASM] PlatformRenderer renderComposableRoot - WASM implementation
    [Summon WASM] PlatformRenderer renderComposableRoot - WASM implementation
    [Summon WASM] PlatformRenderer renderComposableRoot - WASM implementation
    [Summon WASM] PlatformRenderer renderComposableRoot - WASM implementation
    [Summon WASM] PlatformRenderer renderComposableRoot - WASM implementation
    [Summon WASM] PlatformRenderer renderComposableRoot - WASM implementation
    [Summon WASM] PlatformRenderer renderComposableRoot - WASM implementation
    [Summon WASM] PlatformRenderer renderComposableRoot - WASM implementation
    [Summon WASM] PlatformRenderer renderComposableRoot - WASM implementation
    [Summon WASM] PlatformRenderer renderComposableRoot - WASM implementation
    [Summon WASM] PlatformRenderer renderComposableRoot - WASM implementation
    [Summon WASM] PlatformRenderer renderComposableRoot - WASM implementation
    [Summon WASM] PlatformRenderer renderComposableRoot - WASM implementation
    [Summon WASM] PlatformRenderer renderComposableRoot - WASM implementation
    [Summon WASM] PlatformRenderer renderComposableRoot - WASM implementation
    [Summon WASM] PlatformRenderer renderComposableRoot - WASM implementation
    [Summon WASM] PlatformRenderer renderComposableRoot - WASM implementation
    [Summon WASM] PlatformRenderer renderComposableRoot - WASM implementation
    [Summon WASM] PlatformRenderer renderComposableRoot - WASM implementation
    [Summon WASM] PlatformRenderer renderComposableRoot - WASM implementation
    [Summon WASM] PlatformRenderer renderComposableRoot - WASM implementation
    [Summon WASM] PlatformRenderer renderComposableRoot - WASM implementation
    [Summon WASM] PlatformRenderer renderComposableRoot - WASM implementation
    [Summon WASM] PlatformRenderer renderComposableRoot - WASM implementation
    [Summon WASM] PlatformRenderer renderComposableRoot - WASM implementation
    [Summon WASM] PlatformRenderer renderComposableRoot - WASM implementation
    [Summon WASM] PlatformRenderer renderComposableRoot - WASM implementation
    [Summon WASM] PlatformRenderer renderComposableRoot - WASM implementation
    [Summon WASM] PlatformRenderer renderComposableRoot - WASM implementation
    [Summon WASM] PlatformRenderer renderComposableRoot - WASM implementation
    [Summon WASM] PlatformRenderer renderComposableRoot - WASM implementation
    [Summon WASM] PlatformRenderer renderComposableRoot - WASM implementation
    [Summon WASM] PlatformRenderer renderComposableRoot - WASM implementation
    [Summon WASM] PlatformRenderer renderComposableRoot - WASM implementation
    [Summon WASM] PlatformRenderer renderComposableRoot - WASM implementation
    [Summon WASM] PlatformRenderer renderComposableRoot - WASM implementation
    [Summon WASM] PlatformRenderer renderComposableRoot - WASM implementation
    [Summon WASM] PlatformRenderer renderComposableRoot - WASM implementation
    [Summon WASM] PlatformRenderer renderComposableRoot - WASM implementation
    [Summon WASM] PlatformRenderer renderComposableRoot - WASM implementation
    [Summon WASM] PlatformRenderer renderComposableRoot - WASM implementation
    [Summon WASM] PlatformRenderer renderComposableRoot - WASM implementation
    [Summon WASM] PlatformRenderer renderComposableRoot - WASM implementation
    [Summon WASM] PlatformRenderer renderComposableRoot - WASM implementation
    [Summon WASM] PlatformRenderer renderComposableRoot - WASM implementation
    [Summon WASM] PlatformRenderer renderComposableRoot - WASM implementation
    [Summon WASM] PlatformRenderer renderComposableRoot - WASM implementation
    [Summon WASM] PlatformRenderer renderComposableRoot - WASM implementation
    [Summon WASM] PlatformRenderer renderComposableRoot - WASM implementation
    [Summon WASM] PlatformRenderer renderComposableRoot - WASM implementation
    [Summon WASM] PlatformRenderer renderComposableRoot - WASM implementation
    [Summon WASM] PlatformRenderer renderComposableRoot - WASM implementation
    [Summon WASM] PlatformRenderer renderComposableRoot - WASM implementation
    [Summon WASM] PlatformRenderer renderComposableRoot - WASM implementation
    [Summon WASM] PlatformRenderer renderComposableRoot - WASM implementation
    [Summon WASM] PlatformRenderer renderComposableRoot - WASM implementation
    [Summon WASM] PlatformRenderer renderComposableRoot - WASM implementation
    [Summon WASM] PlatformRenderer renderComposableRoot - WASM implementation
    [Summon WASM] PlatformRenderer renderComposableRoot - WASM implementation
    [Summon WASM] PlatformRenderer renderComposableRoot - WASM implementation
    [Summon WASM] PlatformRenderer renderComposableRoot - WASM implementation
    [Summon WASM] PlatformRenderer renderComposableRoot - WASM implementation
    [Summon WASM] PlatformRenderer renderComposableRoot - WASM implementation
    [Summon WASM] PlatformRenderer renderComposableRoot - WASM implementation
    [Summon WASM] PlatformRenderer renderComposableRoot - WASM implementation
    [Summon WASM] PlatformRenderer renderComposableRoot - WASM implementation
    [Summon WASM] PlatformRenderer renderComposableRoot - WASM implementation
    [Summon WASM] PlatformRenderer renderComposableRoot - WASM implementation
    [Summon WASM] PlatformRenderer renderComposableRoot - WASM implementation
    [Summon WASM] PlatformRenderer renderComposableRoot - WASM implementation
    [Summon WASM] PlatformRenderer renderComposableRoot - WASM implementation
    [Summon WASM] PlatformRenderer renderComposableRoot - WASM implementation
    [Summon WASM] PlatformRenderer renderComposableRoot - WASM implementation
    [Summon WASM] PlatformRenderer renderComposableRoot - WASM implementation
    [Summon WASM] PlatformRenderer renderComposableRoot - WASM implementation
    [Summon WASM] PlatformRenderer renderComposableRoot - WASM implementation
    [Summon WASM] PlatformRenderer renderComposableRoot - WASM implementation
    [Summon WASM] PlatformRenderer renderComposableRoot - WASM implementation
    [Summon WASM] PlatformRenderer renderComposableRoot - WASM implementation
    [Summon WASM] PlatformRenderer renderComposableRoot - WASM implementation
    [Summon WASM] PlatformRenderer renderComposableRoot - WASM implementation
    [Summon WASM] PlatformRenderer renderComposableRoot - WASM implementation
    [Summon WASM] PlatformRenderer renderComposableRoot - WASM implementation
    [Summon WASM] PlatformRenderer renderComposableRoot - WASM implementation
    [Summon WASM] PlatformRenderer renderComposableRoot - WASM implementation
    [Summon WASM] PlatformRenderer renderComposableRoot - WASM implementation
    [Summon WASM] PlatformRenderer renderComposableRoot - WASM implementation
    [Summon WASM] PlatformRenderer renderComposableRoot - WASM implementation
    [Summon WASM] PlatformRenderer renderComposableRoot - WASM implementation
    [Summon WASM] PlatformRenderer renderComposableRoot - WASM implementation
    [Summon WASM] PlatformRenderer renderComposableRoot - WASM implementation
    [Summon WASM] PlatformRenderer renderComposableRoot - WASM implementation
    [Summon WASM] PlatformRenderer renderComposableRoot - WASM implementation
    [Summon WASM] PlatformRenderer renderComposableRoot - WASM implementation
    [Summon WASM] PlatformRenderer renderComposableRoot - WASM implementation
    [Summon WASM] PlatformRenderer renderComposableRoot - WASM implementation
    [Summon WASM] PlatformRenderer renderComposableRoot - WASM implementation
    [Summon WASM] PlatformRenderer renderComposableRoot - WASM implementation
    [Summon WASM] PlatformRenderer renderComposableRoot - WASM implementation
    [Summon WASM] PlatformRenderer renderComposableRoot - WASM implementation
    [Summon WASM] PlatformRenderer renderComposableRoot - WASM implementation
    [Summon WASM] PlatformRenderer renderComposableRoot - WASM implementation
    [Summon WASM] PlatformRenderer renderComposableRoot - WASM implementation
    [Summon WASM] PlatformRenderer renderComposableRoot - WASM implementation
    [Summon WASM] PlatformRenderer renderComposableRoot - WASM implementation
    [Summon WASM] PlatformRenderer renderComposableRoot - WASM implementation
    [Summon WASM] PlatformRenderer renderComposableRoot - WASM implementation
    [Summon WASM] PlatformRenderer renderComposableRoot - WASM implementation
    [Summon WASM] PlatformRenderer renderComposableRoot - WASM implementation
    [Summon WASM] PlatformRenderer renderComposableRoot - WASM implementation
    [Summon WASM] PlatformRenderer renderComposableRoot - WASM implementation
    [Summon WASM] PlatformRenderer renderComposableRoot - WASM implementation
    [Summon WASM] PlatformRenderer renderComposableRoot - WASM implementation
    [Summon WASM] PlatformRenderer renderComposableRoot - WASM implementation
    [Summon WASM] PlatformRenderer renderComposableRoot - WASM implementation
    [Summon WASM] PlatformRenderer renderComposableRoot - WASM implementation
    [Summon WASM] PlatformRenderer renderComposableRoot - WASM implementation
    [Summon WASM] PlatformRenderer renderComposableRoot - WASM implementation
    [Summon WASM] PlatformRenderer renderComposableRoot - WASM implementation
    [Summon WASM] PlatformRenderer renderComposableRoot - WASM implementation
    [Summon WASM] PlatformRenderer renderComposableRoot - WASM implementation
    [Summon WASM] PlatformRenderer renderComposableRoot - WASM implementation
    [Summon WASM] PlatformRenderer renderComposableRoot - WASM implementation
    [Summon WASM] PlatformRenderer renderComposableRoot - WASM implementation
    [Summon WASM] PlatformRenderer renderComposableRoot - WASM implementation
    [Summon WASM] PlatformRenderer renderComposableRoot - WASM implementation
    [Summon WASM] PlatformRenderer renderComposableRoot - WASM implementation
    [Summon WASM] PlatformRenderer renderComposableRoot - WASM implementation
    [Summon WASM] PlatformRenderer renderComposableRoot - WASM implementation
    [Summon WASM] PlatformRenderer renderComposableRoot - WASM implementation
    [Summon WASM] PlatformRenderer renderComposableRoot - WASM implementation
    [Summon WASM] PlatformRenderer renderComposableRoot - WASM implementation
    [Summon WASM] PlatformRenderer renderComposableRoot - WASM implementation
    [Summon WASM] PlatformRenderer renderComposableRoot - WASM implementation
    [Summon WASM] PlatformRenderer renderComposableRoot - WASM implementation
    [Summon WASM] PlatformRenderer renderComposableRoot - WASM implementation
    [Summon WASM] PlatformRenderer renderComposableRoot - WASM implementation
    [Summon WASM] PlatformRenderer renderComposableRoot - WASM implementation
    [Summon WASM] PlatformRenderer renderComposableRoot - WASM implementation
    [Summon WASM] PlatformRenderer renderComposableRoot - WASM implementation
    [Summon WASM] PlatformRenderer renderComposableRoot - WASM implementation
    [Summon WASM] PlatformRenderer renderComposableRoot - WASM implementation
    [Summon WASM] PlatformRenderer renderComposableRoot - WASM implementation
    [Summon WASM] PlatformRenderer renderComposableRoot - WASM implementation
    [Summon WASM] PlatformRenderer renderComposableRoot - WASM implementation
    [Summon WASM] PlatformRenderer renderComposableRoot - WASM implementation
    [Summon WASM] PlatformRenderer renderComposableRoot - WASM implementation
    [Summon WASM] PlatformRenderer renderComposableRoot - WASM implementation
    [Summon WASM] PlatformRenderer renderComposableRoot - WASM implementation
    [Summon WASM] PlatformRenderer renderComposableRoot - WASM implementation
    [Summon WASM] PlatformRenderer renderComposableRoot - WASM implementation
    [Summon WASM] PlatformRenderer renderComposableRoot - WASM implementation
    [Summon WASM] PlatformRenderer renderComposableRoot - WASM implementation
    [Summon WASM] PlatformRenderer renderComposableRoot - WASM implementation
    [Summon WASM] PlatformRenderer renderComposableRoot - WASM implementation
    [Summon WASM] PlatformRenderer renderComposableRoot - WASM implementation
    [Summon WASM] PlatformRenderer renderComposableRoot - WASM implementation
    [Summon WASM] PlatformRenderer renderComposableRoot - WASM implementation
    [Summon WASM] PlatformRenderer renderComposableRoot - WASM implementation
    [Summon WASM] PlatformRenderer renderComposableRoot - WASM implementation
    [Summon WASM] PlatformRenderer renderComposableRoot - WASM implementation
    [Summon WASM] PlatformRenderer renderComposableRoot - WASM implementation
    [Summon WASM] PlatformRenderer renderComposableRoot - WASM implementation
    [Summon WASM] PlatformRenderer renderComposableRoot - WASM implementation
    [Summon WASM] PlatformRenderer renderComposableRoot - WASM implementation
    [Summon WASM] PlatformRenderer renderComposableRoot - WASM implementation
    [Summon WASM] PlatformRenderer renderComposableRoot - WASM implementation
    [Summon WASM] PlatformRenderer renderComposableRoot - WASM implementation
    [Summon WASM] PlatformRenderer renderComposableRoot - WASM implementation
    [Summon WASM] PlatformRenderer renderComposableRoot - WASM implementation
    [Summon WASM] PlatformRenderer renderComposableRoot - WASM implementation
    [Summon WASM] PlatformRenderer renderComposableRoot - WASM implementation
    [Summon WASM] PlatformRenderer renderComposableRoot - WASM implementation
    [Summon WASM] PlatformRenderer renderComposableRoot - WASM implementation
    [Summon WASM] PlatformRenderer renderComposableRoot - WASM implementation
    [Summon WASM] PlatformRenderer renderComposableRoot - WASM implementation
    [Summon WASM] PlatformRenderer renderComposableRoot - WASM implementation
    [Summon WASM] PlatformRenderer renderComposableRoot - WASM implementation
    [Summon WASM] PlatformRenderer renderComposableRoot - WASM implementation
    [Summon WASM] PlatformRenderer renderComposableRoot - WASM implementation
    [Summon WASM] PlatformRenderer renderComposableRoot - WASM implementation
    [Summon WASM] PlatformRenderer renderComposableRoot - WASM implementation
    [Summon WASM] PlatformRenderer renderComposableRoot - WASM implementation
    [Summon WASM] PlatformRenderer renderComposableRoot - WASM implementation
    [Summon WASM] PlatformRenderer renderComposableRoot - WASM implementation
    [Summon WASM] PlatformRenderer renderComposableRoot - WASM implementation
    [Summon WASM] PlatformRenderer renderComposableRoot - WASM implementation
    [Summon WASM] PlatformRenderer renderComposableRoot - WASM implementation
    [Summon WASM] PlatformRenderer renderComposableRoot - WASM implementation
    [Summon WASM] PlatformRenderer renderComposableRoot - WASM implementation
    [Summon WASM] PlatformRenderer renderComposableRoot - WASM implementation
    [Summon WASM] PlatformRenderer renderComposableRoot - WASM implementation
    [Summon WASM] PlatformRenderer renderComposableRoot - WASM implementation
    [Summon WASM] PlatformRenderer renderComposableRoot - WASM implementation
    [Summon WASM] PlatformRenderer renderComposableRoot - WASM implementation
    [Summon WASM] PlatformRenderer renderComposableRoot - WASM implementation
    [Summon WASM] PlatformRenderer renderComposableRoot - WASM implementation
    [Summon WASM] PlatformRenderer renderComposableRoot - WASM implementation
    [Summon WASM] PlatformRenderer renderComposableRoot - WASM implementation
    [Summon WASM] PlatformRenderer renderComposableRoot - WASM implementation
    [Summon WASM] PlatformRenderer renderComposableRoot - WASM implementation
    [Summon WASM] PlatformRenderer renderComposableRoot - WASM implementation
    [Summon WASM] PlatformRenderer renderComposableRoot - WASM implementation
    [Summon WASM] PlatformRenderer renderComposableRoot - WASM implementation
    [Summon WASM] PlatformRenderer renderComposableRoot - WASM implementation
    [Summon WASM] PlatformRenderer renderComposableRoot - WASM implementation
    [Summon WASM] PlatformRenderer renderComposableRoot - WASM implementation
    [Summon WASM] PlatformRenderer renderComposableRoot - WASM implementation
    [Summon WASM] PlatformRenderer renderComposableRoot - WASM implementation
    [Summon WASM] PlatformRenderer renderComposableRoot - WASM implementation
    [Summon WASM] PlatformRenderer renderComposableRoot - WASM implementation
    [Summon WASM] PlatformRenderer renderComposableRoot - WASM implementation
    [Summon WASM] PlatformRenderer renderComposableRoot - WASM implementation
    [Summon WASM] PlatformRenderer renderComposableRoot - WASM implementation
    [Summon WASM] PlatformRenderer renderComposableRoot - WASM implementation
    [Summon WASM] PlatformRenderer renderComposableRoot - WASM implementation
    [Summon WASM] PlatformRenderer renderComposableRoot - WASM implementation
    [Summon WASM] PlatformRenderer renderComposableRoot - WASM implementation
    [Summon WASM] PlatformRenderer renderComposableRoot - WASM implementation
    [Summon WASM] PlatformRenderer renderComposableRoot - WASM implementation
    [Summon WASM] PlatformRenderer renderComposableRoot - WASM implementation
    [Summon WASM] PlatformRenderer renderComposableRoot - WASM implementation
    [Summon WASM] PlatformRenderer renderComposableRoot - WASM implementation
    [Summon WASM] PlatformRenderer renderComposableRoot - WASM implementation
    [Summon WASM] PlatformRenderer renderComposableRoot - WASM implementation
    [Summon WASM] PlatformRenderer renderComposableRoot - WASM implementation
    [Summon WASM] PlatformRenderer renderComposableRoot - WASM implementation
    [Summon WASM] PlatformRenderer renderComposableRoot - WASM implementation
    [Summon WASM] PlatformRenderer renderComposableRoot - WASM implementation
    [Summon WASM] PlatformRenderer renderComposableRoot - WASM implementation
    [Summon WASM] PlatformRenderer renderComposableRoot - WASM implementation
    [Summon WASM] PlatformRenderer renderComposableRoot - WASM implementation
    [Summon WASM] PlatformRenderer renderComposableRoot - WASM implementation
    [Summon WASM] PlatformRenderer renderComposableRoot - WASM implementation
    [Summon WASM] PlatformRenderer renderComposableRoot - WASM implementation
    [Summon WASM] PlatformRenderer renderComposableRoot - WASM implementation
    [Summon WASM] PlatformRenderer renderComposableRoot - WASM implementation
    [Summon WASM] PlatformRenderer renderComposableRoot - WASM implementation
    [Summon WASM] PlatformRenderer renderComposableRoot - WASM implementation
    [Summon WASM] PlatformRenderer renderComposableRoot - WASM implementation
    [Summon WASM] PlatformRenderer renderComposableRoot - WASM implementation
    [Summon WASM] PlatformRenderer renderComposableRoot - WASM implementation
    [Summon WASM] PlatformRenderer renderComposableRoot - WASM implementation
    [Summon WASM] PlatformRenderer renderComposableRoot - WASM implementation
    [Summon WASM] PlatformRenderer renderComposableRoot - WASM implementation
    [Summon WASM] PlatformRenderer renderComposableRoot - WASM implementation
    [Summon WASM] PlatformRenderer renderComposableRoot - WASM implementation
    [Summon WASM] PlatformRenderer renderComposableRoot - WASM implementation
    [Summon WASM] PlatformRenderer renderComposableRoot - WASM implementation
    [Summon WASM] PlatformRenderer renderComposableRoot - WASM implementation
    [Summon WASM] PlatformRenderer renderComposableRoot - WASM implementation
    [Summon WASM] PlatformRenderer renderComposableRoot - WASM implementation
    [Summon WASM] PlatformRenderer renderComposableRoot - WASM implementation
    [Summon WASM] PlatformRenderer renderComposableRoot - WASM implementation
    [Summon WASM] PlatformRenderer renderComposableRoot - WASM implementation
    [Summon WASM] PlatformRenderer renderComposableRoot - WASM implementation
    [Summon WASM] PlatformRenderer renderComposableRoot - WASM implementation
    [Summon WASM] PlatformRenderer renderComposableRoot - WASM implementation
    [Summon WASM] PlatformRenderer renderComposableRoot - WASM implementation
    [Summon WASM] PlatformRenderer renderComposableRoot - WASM implementation
    [Summon WASM] PlatformRenderer renderComposableRoot - WASM implementation
    [Summon WASM] PlatformRenderer renderComposableRoot - WASM implementation
    [Summon WASM] PlatformRenderer renderComposableRoot - WASM implementation
    [Summon WASM] PlatformRenderer renderComposableRoot - WASM implementation
    [Summon WASM] PlatformRenderer renderComposableRoot - WASM implementation
    [Summon WASM] PlatformRenderer renderComposableRoot - WASM implementation
    [Summon WASM] PlatformRenderer renderComposableRoot - WASM implementation
    [Summon WASM] PlatformRenderer renderComposableRoot - WASM implementation
    [Summon WASM] PlatformRenderer renderComposableRoot - WASM implementation
    [Summon WASM] PlatformRenderer renderComposableRoot - WASM implementation
    [Summon WASM] PlatformRenderer renderComposableRoot - WASM implementation
    [Summon WASM] PlatformRenderer renderComposableRoot - WASM implementation
    [Summon WASM] PlatformRenderer renderComposableRoot - WASM implementation
    [Summon WASM] PlatformRenderer renderComposableRoot - WASM implementation
    [Summon WASM] PlatformRenderer renderComposableRoot - WASM implementation
    [Summon WASM] PlatformRenderer renderComposableRoot - WASM implementation
    [Summon WASM] PlatformRenderer renderComposableRoot - WASM implementation
    [Summon WASM] PlatformRenderer renderComposableRoot - WASM implementation
    [Summon WASM] PlatformRenderer renderComposableRoot - WASM implementation
    [Summon WASM] PlatformRenderer renderComposableRoot - WASM implementation
    [Summon WASM] PlatformRenderer renderComposableRoot - WASM implementation
    [Summon WASM] PlatformRenderer renderComposableRoot - WASM implementation
    [Summon WASM] PlatformRenderer renderComposableRoot - WASM implementation
    [Summon WASM] PlatformRenderer renderComposableRoot - WASM implementation
    [Summon WASM] PlatformRenderer renderComposableRoot - WASM implementation
    [Summon WASM] PlatformRenderer renderComposableRoot - WASM implementation
    [Summon WASM] PlatformRenderer renderComposableRoot - WASM implementation
    [Summon WASM] PlatformRenderer renderComposableRoot - WASM implementation
    [Summon WASM] PlatformRenderer renderComposableRoot - WASM implementation
    [Summon WASM] PlatformRenderer renderComposableRoot - WASM implementation
    [Summon WASM] PlatformRenderer renderComposableRoot - WASM implementation
    [Summon WASM] PlatformRenderer renderComposableRoot - WASM implementation
    [Summon WASM] PlatformRenderer renderComposableRoot - WASM implementation
    [Summon WASM] PlatformRenderer renderComposableRoot - WASM implementation
    [Summon WASM] PlatformRenderer renderComposableRoot - WASM implementation
    [Summon WASM] PlatformRenderer renderComposableRoot - WASM implementation
    [Summon WASM] PlatformRenderer renderComposableRoot - WASM implementation
    [Summon WASM] PlatformRenderer renderComposableRoot - WASM implementation
    [Summon WASM] PlatformRenderer renderComposableRoot - WASM implementation
    [Summon WASM] PlatformRenderer renderComposableRoot - WASM implementation
    [Summon WASM] PlatformRenderer renderComposableRoot - WASM implementation
    [Summon WASM] PlatformRenderer renderComposableRoot - WASM implementation
    [Summon WASM] PlatformRenderer renderComposableRoot - WASM implementation
    [Summon WASM] PlatformRenderer renderComposableRoot - WASM implementation
    [Summon WASM] PlatformRenderer renderComposableRoot - WASM implementation
    [Summon WASM] PlatformRenderer renderComposableRoot - WASM implementation
    [Summon WASM] PlatformRenderer renderComposableRoot - WASM implementation
    [Summon WASM] PlatformRenderer renderComposableRoot - WASM implementation
    [Summon WASM] PlatformRenderer renderComposableRoot - WASM implementation
    [Summon WASM] PlatformRenderer renderComposableRoot - WASM implementation
    [Summon WASM] PlatformRenderer renderComposableRoot - WASM implementation
    [Summon WASM] PlatformRenderer renderComposableRoot - WASM implementation
    [Summon WASM] PlatformRenderer renderComposableRoot - WASM implementation
    [Summon WASM] PlatformRenderer renderComposableRoot - WASM implementation
    [Summon WASM] PlatformRenderer renderComposableRoot - WASM implementation
    [Summon WASM] PlatformRenderer renderComposableRoot - WASM implementation
    [Summon WASM] PlatformRenderer renderComposableRoot - WASM implementation
    [Summon WASM] PlatformRenderer renderComposableRoot - WASM implementation
    [Summon WASM] PlatformRenderer renderComposableRoot - WASM implementation
    [Summon WASM] PlatformRenderer renderComposableRoot - WASM implementation
    [Summon WASM] PlatformRenderer renderComposableRoot - WASM implementation
    [Summon WASM] PlatformRenderer renderComposableRoot - WASM implementation
    [Summon WASM] PlatformRenderer renderComposableRoot - WASM implementation
    [Summon WASM] PlatformRenderer renderComposableRoot - WASM implementation
    [Summon WASM] PlatformRenderer renderComposableRoot - WASM implementation
    [Summon WASM] PlatformRenderer renderComposableRoot - WASM implementation
    [Summon WASM] PlatformRenderer renderComposableRoot - WASM implementation
    [Summon WASM] PlatformRenderer renderComposableRoot - WASM implementation
    [Summon WASM] PlatformRenderer renderComposableRoot - WASM implementation
    [Summon WASM] PlatformRenderer renderComposableRoot - WASM implementation
    [Summon WASM] PlatformRenderer renderComposableRoot - WASM implementation
    [Summon WASM] PlatformRenderer renderComposableRoot - WASM implementation
    [Summon WASM] PlatformRenderer renderComposableRoot - WASM implementation
    [Summon WASM] PlatformRenderer renderComposableRoot - WASM implementation
    [Summon WASM] PlatformRenderer renderComposableRoot - WASM implementation
    [Summon WASM] PlatformRenderer renderComposableRoot - WASM implementation
    [Summon WASM] PlatformRenderer renderComposableRoot - WASM implementation
    [Summon WASM] PlatformRenderer renderComposableRoot - WASM implementation
    [Summon WASM] PlatformRenderer renderComposableRoot - WASM implementation
    [Summon WASM] PlatformRenderer renderComposableRoot - WASM implementation
    [Summon WASM] PlatformRenderer renderComposableRoot - WASM implementation
    [Summon WASM] PlatformRenderer renderComposableRoot - WASM implementation
    [Summon WASM] PlatformRenderer renderComposableRoot - WASM implementation
    [Summon WASM] PlatformRenderer renderComposableRoot - WASM implementation
    [Summon WASM] PlatformRenderer renderComposableRoot - WASM implementation
    [Summon WASM] PlatformRenderer renderComposableRoot - WASM implementation
    [Summon WASM] PlatformRenderer renderComposableRoot - WASM implementation
    [Summon WASM] PlatformRenderer renderComposableRoot - WASM implementation
    [Summon WASM] PlatformRenderer renderComposableRoot - WASM implementation
    [Summon WASM] PlatformRenderer renderComposableRoot - WASM implementation
    [Summon WASM] PlatformRenderer renderComposableRoot - WASM implementation
    [Summon WASM] PlatformRenderer renderComposableRoot - WASM implementation
    [Summon WASM] PlatformRenderer renderComposableRoot - WASM implementation
    [Summon WASM] PlatformRenderer renderComposableRoot - WASM implementation
    [Summon WASM] PlatformRenderer renderComposableRoot - WASM implementation
    [Summon WASM] PlatformRenderer renderComposableRoot - WASM implementation
    [Summon WASM] PlatformRenderer renderComposableRoot - WASM implementation
    [Summon WASM] PlatformRenderer renderComposableRoot - WASM implementation
    [Summon WASM] PlatformRenderer renderComposableRoot - WASM implementation
    [Summon WASM] PlatformRenderer renderComposableRoot - WASM implementation
    [Summon WASM] PlatformRenderer renderComposableRoot - WASM implementation
    [Summon WASM] PlatformRenderer renderComposableRoot - WASM implementation
    [Summon WASM] PlatformRenderer renderComposableRoot - WASM implementation
    [Summon WASM] PlatformRenderer renderComposableRoot - WASM implementation
    [Summon WASM] PlatformRenderer renderComposableRoot - WASM implementation
    [Summon WASM] PlatformRenderer renderComposableRoot - WASM implementation
    [Summon WASM] PlatformRenderer renderComposableRoot - WASM implementation
    [Summon WASM] PlatformRenderer renderComposableRoot - WASM implementation
    [Summon WASM] PlatformRenderer renderComposableRoot - WASM implementation
    [Summon WASM] PlatformRenderer renderComposableRoot - WASM implementation
    [Summon WASM] PlatformRenderer renderComposableRoot - WASM implementation
    [Summon WASM] PlatformRenderer renderComposableRoot - WASM implementation
    [Summon WASM] PlatformRenderer renderComposableRoot - WASM implementation
    [Summon WASM] PlatformRenderer renderComposableRoot - WASM implementation
    [Summon WASM] PlatformRenderer renderComposableRoot - WASM implementation
    [Summon WASM] PlatformRenderer renderComposableRoot - WASM implementation
    [Summon WASM] PlatformRenderer renderComposableRoot - WASM implementation
    [Summon WASM] PlatformRenderer renderComposableRoot - WASM implementation
    [Summon WASM] PlatformRenderer renderComposableRoot - WASM implementation
    [Summon WASM] PlatformRenderer renderComposableRoot - WASM implementation
    [Summon WASM] PlatformRenderer renderComposableRoot - WASM implementation
    [Summon WASM] PlatformRenderer renderComposableRoot - WASM implementation
    [Summon WASM] PlatformRenderer renderComposableRoot - WASM implementation
    [Summon WASM] PlatformRenderer renderComposableRoot - WASM implementation
    [Summon WASM] PlatformRenderer renderComposableRoot - WASM implementation
    [Summon WASM] PlatformRenderer renderComposableRoot - WASM implementation
    [Summon WASM] PlatformRenderer renderComposableRoot - WASM implementation
    [Summon WASM] PlatformRenderer renderComposableRoot - WASM implementation
    [Summon WASM] PlatformRenderer renderComposableRoot - WASM implementation
    [Summon WASM] PlatformRenderer renderComposableRoot - WASM implementation
    [Summon WASM] PlatformRenderer renderComposableRoot - WASM implementation
    [Summon WASM] PlatformRenderer renderComposableRoot - WASM implementation
    [Summon WASM] PlatformRenderer renderComposableRoot - WASM implementation
    [Summon WASM] PlatformRenderer renderComposableRoot - WASM implementation
    [Summon WASM] PlatformRenderer renderComposableRoot - WASM implementation
    [Summon WASM] PlatformRenderer renderComposableRoot - WASM implementation
    [Summon WASM] PlatformRenderer renderComposableRoot - WASM implementation
    [Summon WASM] PlatformRenderer renderComposableRoot - WASM implementation
    [Summon WASM] PlatformRenderer renderComposableRoot - WASM implementation
    [Summon WASM] PlatformRenderer renderComposableRoot - WASM implementation
    [Summon WASM] PlatformRenderer renderComposableRoot - WASM implementation
    [Summon WASM] PlatformRenderer renderComposableRoot - WASM implementation
    [Summon WASM] PlatformRenderer renderComposableRoot - WASM implementation
    [Summon WASM] PlatformRenderer renderComposableRoot - WASM implementation
    [Summon WASM] PlatformRenderer renderComposableRoot - WASM implementation
    [Summon WASM] PlatformRenderer renderComposableRoot - WASM implementation
    [Summon WASM] PlatformRenderer renderComposableRoot - WASM implementation
    [Summon WASM] PlatformRenderer renderComposableRoot - WASM implementation
    [Summon WASM] PlatformRenderer renderComposableRoot - WASM implementation
    [Summon WASM] PlatformRenderer renderComposableRoot - WASM implementation
    [Summon WASM] PlatformRenderer renderComposableRoot - WASM implementation
    [Summon WASM] PlatformRenderer renderComposableRoot - WASM implementation
    [Summon WASM] PlatformRenderer renderComposableRoot - WASM implementation
    [Summon WASM] PlatformRenderer renderComposableRoot - WASM implementation
    [Summon WASM] PlatformRenderer renderComposableRoot - WASM implementation
    [Summon WASM] PlatformRenderer renderComposableRoot - WASM implementation
    [Summon WASM] PlatformRenderer renderComposableRoot - WASM implementation
    [Summon WASM] PlatformRenderer renderComposableRoot - WASM implementation
    [Summon WASM] PlatformRenderer renderComposableRoot - WASM implementation
    [Summon WASM] PlatformRenderer renderComposableRoot - WASM implementation
    [Summon WASM] PlatformRenderer renderComposableRoot - WASM implementation

codes.yousef.summon.test.PropertyBasedRenderingTest.renderingArbitraryComponentTreesShouldNotCrash[wasmJs, node] PASSED

codes.yousef.summon.test.HydrationTest.testHydration[wasmJs, node] STANDARD_OUT
    [Summon WASM] Starting WASM hydration for root element: app
    [Summon WASM] Found root element for hydration: app
    [Summon WASM] Found existing element: test-btn-hydration -> test-btn-hydration
    [Summon WASM] Found existing element: text-971035504 -> wasm-elem-1
    [Summon WASM] Hydration data script not found
    [Summon WASM] createOrReuseElement: Starting for div with ID div-1123
    [Summon WASM] createOrReuseElement: No element found in recomposition cache for: div-1123
    [Summon WASM] createFreshElement: Creating new div element with ID div-1123
    [Summon WASM] createFreshElement: Created element type: WasmDOMElementWrapper
    [Summon WASM] createFreshElement: New element validation successful
    [Summon WASM] createFreshElement: Created and cached new element: div-1123
    [Summon WASM] createOrReuseElement: Starting for span with ID text--1753687320
    [Summon WASM] createOrReuseElement: No element found in recomposition cache for: text--1753687320
    [Summon WASM] createFreshElement: Creating new span element with ID text--1753687320
    [Summon WASM] createFreshElement: Created element type: WasmDOMElementWrapper
    [Summon WASM] createFreshElement: New element validation successful
    [Summon WASM] createFreshElement: Created and cached new element: text--1753687320
    [Summon WASM] Appending/Registering Text element wasm-elem-6 to container
    [Summon WASM] Appending element wasm-elem-6 to container wasm-elem-5
    [Summon WASM] Appending NEW Div element wasm-elem-5 to container
    [Summon WASM] Appending element wasm-elem-5 to container app
    [Summon WASM] Reattaching 0 event listeners
    [Summon WASM] Hydration marked as complete for: app
    [Summon WASM] Hydration completed successfully for app
    DEBUG: Attribute: wasm
    DEBUG: InnerHTML: <div id="wasm-elem-5" class="summon-div summon-component"><span id="wasm-elem-6" data-text="Hello Hydration" class="summon-text summon-component">Hello Hydration</span></div>

codes.yousef.summon.test.HydrationTest.testHydration[wasmJs, node] PASSED

codes.yousef.summon.theme.ColorSystemTest.testThemeModeManagement[wasmJs, node] PASSED

codes.yousef.summon.theme.ColorSystemTest.testSystemDarkModeManagement[wasmJs, node] PASSED

codes.yousef.summon.theme.ColorSystemTest.testColorPaletteForMode[wasmJs, node] PASSED

codes.yousef.summon.theme.ColorSystemTest.testGetColor[wasmJs, node] PASSED

codes.yousef.summon.theme.ColorSystemTest.testWithAlpha[wasmJs, node] PASSED

codes.yousef.summon.theme.ColorSystemTest.testLightenDarken[wasmJs, node] PASSED

codes.yousef.summon.theme.ColorSystemTest.testLuminanceAndContrast[wasmJs, node] PASSED

codes.yousef.summon.theme.ColorSystemTest.testAccessibilityChecks[wasmJs, node] PASSED

codes.yousef.summon.theme.ColorSystemTest.testColorBlindnessSimulation[wasmJs, node] PASSED

codes.yousef.summon.theme.ColorSystemTest.testFindContrastColor[wasmJs, node] PASSED

codes.yousef.summon.theme.MediaQueryTest.testBreakpoints[wasmJs, node] PASSED

codes.yousef.summon.theme.MediaQueryTest.testMinWidthMediaQuery[wasmJs, node] PASSED

codes.yousef.summon.theme.MediaQueryTest.testMaxWidthMediaQuery[wasmJs, node] PASSED

codes.yousef.summon.theme.MediaQueryTest.testMinHeightMediaQuery[wasmJs, node] PASSED

codes.yousef.summon.theme.MediaQueryTest.testMaxHeightMediaQuery[wasmJs, node] PASSED

codes.yousef.summon.theme.MediaQueryTest.testBetweenWidthMediaQuery[wasmJs, node] PASSED

codes.yousef.summon.theme.MediaQueryTest.testMobileMediaQuery[wasmJs, node] PASSED

codes.yousef.summon.theme.MediaQueryTest.testTabletMediaQuery[wasmJs, node] PASSED

codes.yousef.summon.theme.MediaQueryTest.testDesktopMediaQuery[wasmJs, node] PASSED

codes.yousef.summon.theme.MediaQueryTest.testOrientationMediaQuery[wasmJs, node] PASSED

codes.yousef.summon.theme.MediaQueryTest.testDarkModeMediaQuery[wasmJs, node] PASSED

codes.yousef.summon.theme.MediaQueryTest.testLightModeMediaQuery[wasmJs, node] PASSED

codes.yousef.summon.theme.MediaQueryTest.testReducedMotionMediaQuery[wasmJs, node] PASSED

codes.yousef.summon.theme.MediaQueryTest.testMediaQueryModifierAnd[wasmJs, node] PASSED

codes.yousef.summon.theme.MediaQueryTest.testResponsiveExtensionSingle[wasmJs, node] PASSED

codes.yousef.summon.theme.MediaQueryTest.testResponsiveExtensionMultiple[wasmJs, node] PASSED

codes.yousef.summon.theme.ThemeManagerTest.testGetTypography[wasmJs, node] PASSED

codes.yousef.summon.theme.ThemeManagerTest.testSetAndGetTypography[wasmJs, node] PASSED

codes.yousef.summon.theme.ThemeManagerTest.testDefaultThemeConfiguration[wasmJs, node] PASSED

codes.yousef.summon.theme.ThemeTest.testTextStyleCreation[wasmJs, node] PASSED

codes.yousef.summon.theme.ThemeTest.testThemeConfigCreation[wasmJs, node] PASSED

codes.yousef.summon.theme.ThemeTest.testThemeSetAndGet[wasmJs, node] PASSED

codes.yousef.summon.theme.ThemeTest.testThemeGetters[wasmJs, node] PASSED

codes.yousef.summon.theme.ThemeTest.testCreateTheme[wasmJs, node] PASSED

codes.yousef.summon.theme.ThemeTest.testThemeColorFunctions[wasmJs, node] PASSED

codes.yousef.summon.theme.ThemeTest.testThemeSpacingFunctions[wasmJs, node] PASSED

codes.yousef.summon.theme.ThemeTest.testThemeBorderRadiusFunctions[wasmJs, node] PASSED

codes.yousef.summon.theme.ThemeTest.testThemeElevationFunctions[wasmJs, node] PASSED

codes.yousef.summon.theme.ThemeTest.testPredefinedThemes[wasmJs, node] PASSED

codes.yousef.summon.validation.AllValidatorsTest.testRequiredValidator[wasmJs, node] PASSED

codes.yousef.summon.validation.AllValidatorsTest.testEmailValidator[wasmJs, node] PASSED

codes.yousef.summon.validation.AllValidatorsTest.testMinLengthValidator[wasmJs, node] PASSED

codes.yousef.summon.validation.AllValidatorsTest.testMaxLengthValidator[wasmJs, node] PASSED

codes.yousef.summon.validation.AllValidatorsTest.testPatternValidator[wasmJs, node] PASSED

codes.yousef.summon.validation.AllValidatorsTest.testCustomValidator[wasmJs, node] PASSED

codes.yousef.summon.validation.AllValidatorsTest.testValidateBoolean[wasmJs, node] PASSED

codes.yousef.summon.validation.AllValidatorsTest.testCustomErrorMessage[wasmJs, node] PASSED

codes.yousef.summon.validation.RequiredValidatorTest.testValidateWithNonEmptyValue[wasmJs, node] PASSED

codes.yousef.summon.validation.RequiredValidatorTest.testValidateWithEmptyValue[wasmJs, node] PASSED

codes.yousef.summon.validation.RequiredValidatorTest.testValidateWithWhitespaceOnly[wasmJs, node] PASSED

codes.yousef.summon.validation.RequiredValidatorTest.testValidateWithSingleCharacter[wasmJs, node] PASSED

codes.yousef.summon.validation.RequiredValidatorTest.testValidateWithSpecialCharacters[wasmJs, node] PASSED

codes.yousef.summon.validation.RequiredValidatorTest.testValidateWithNumbers[wasmJs, node] PASSED

codes.yousef.summon.validation.RequiredValidatorTest.testValidateWithMixedContent[wasmJs, node] PASSED

codes.yousef.summon.validation.RequiredValidatorTest.testDifferentErrorMessages[wasmJs, node] PASSED

codes.yousef.summon.validation.ValidationResultTest.testValidResult[wasmJs, node] PASSED

codes.yousef.summon.validation.ValidationResultTest.testInvalidResult[wasmJs, node] PASSED

codes.yousef.summon.validation.ValidationResultTest.testInvalidResultWithNullErrorMessage[wasmJs, node] PASSED

codes.yousef.summon.validation.ValidationResultTest.testEquality[wasmJs, node] PASSED

codes.yousef.summon.validation.ValidationResultTest.testInequality[wasmJs, node] PASSED

codes.yousef.summon.validation.ValidationResultTest.testCopy[wasmJs, node] PASSED

codes.yousef.summon.validation.ValidationResultTest.testCopyWithDifferentValidity[wasmJs, node] PASSED

codes.yousef.summon.integration.WasmDOMIntegrationTest.button click should trigger recomposition without errors[wasmJs, node] STANDARD_OUT
    [Summon WASM] summon-wasm-init.js not loaded; bridge functions may be missing.
    [Summon WASM] WASM PlatformRenderer initialized with root: test-root
    [Summon WASM] createOrReuseElement: Starting for div with ID column-1
    [Summon WASM] createOrReuseElement: No element found in recomposition cache for: column-1
    [Summon WASM] createFreshElement: Creating new div element with ID column-1
    [Summon WASM] createFreshElement: Created element type: WasmDOMElementWrapper
    [Summon WASM] createFreshElement: New element validation successful
    [Summon WASM] createFreshElement: Created and cached new element: column-1
    [Summon WASM] Column Step 1: Setting class attribute for column-1
    [Summon WASM] Column Step 1: SUCCESS - Class attribute set
    [Summon WASM] Column Step 2: Getting native element ID for column-1
    [Summon WASM] Column Step 2: SUCCESS - Got element ID: wasm-elem-10
    [Summon WASM] Column Step 3: Applying flexbox layout for wasm-elem-10
    [Summon WASM] Column Step 3: SUCCESS - Flexbox layout applied
    [Summon WASM] Column Step 4: Applying modifier to element wasm-elem-10
    [Summon WASM] Column Step 4: SUCCESS - Modifier applied
    [Summon WASM] Column Step 5: Setting up container context for wasm-elem-10
    [Summon WASM] Column Step 5a: Inside container context
    [Summon WASM] Column Step 5b: Executing content block directly (no extension receiver)
    [Summon WASM] createOrReuseElement: Starting for span with ID text--307420549
    [Summon WASM] createOrReuseElement: No element found in recomposition cache for: text--307420549
    [Summon WASM] createFreshElement: Creating new span element with ID text--307420549
    [Summon WASM] createFreshElement: Created element type: WasmDOMElementWrapper
    [Summon WASM] createFreshElement: New element validation successful
    [Summon WASM] createFreshElement: Created and cached new element: text--307420549
    [Summon WASM] Appending/Registering Text element wasm-elem-11 to container
    [Summon WASM] Appending element wasm-elem-11 to container wasm-elem-10
    [Summon WASM] renderButton called, onClick = WasmDOMIntegrationTest$button click should trigger recomposition without errors$CounterApp$lambda$lambda@1858772129
    [Summon WASM] createOrReuseElement: Starting for button with ID button-increment-59f4d867
    [Summon WASM] createOrReuseElement: No element found in recomposition cache for: button-increment-59f4d867
    [Summon WASM] createFreshElement: Creating new button element with ID button-increment-59f4d867
    [Summon WASM] createFreshElement: Created element type: WasmDOMElementWrapper
    [Summon WASM] createFreshElement: New element validation successful
    [Summon WASM] createFreshElement: Created and cached new element: button-increment-59f4d867
    [Summon WASM] attachEventListenerWithHydration called: eventType=click, elementId=wasm-elem-12, isHydrating=false
    [Summon WASM] [Summon WASM] Registering event callback: evh-1-eec81ff1
    [Summon WASM] Successfully registered click handler for wasm-elem-12 with ID: evh-1-eec81ff1
    [Summon WASM] createOrReuseElement: Starting for span with ID text-664316751
    [Summon WASM] createOrReuseElement: No element found in recomposition cache for: text-664316751
    [Summon WASM] createFreshElement: Creating new span element with ID text-664316751
    [Summon WASM] createFreshElement: Created element type: WasmDOMElementWrapper
    [Summon WASM] createFreshElement: New element validation successful
    [Summon WASM] createFreshElement: Created and cached new element: text-664316751
    [Summon WASM] Appending/Registering Text element wasm-elem-13 to container
    [Summon WASM] Appending element wasm-elem-13 to container wasm-elem-12
    [Summon WASM] Appending/Registering Button element wasm-elem-12 to container
    [Summon WASM] Appending element wasm-elem-12 to container wasm-elem-10
    [Summon WASM] Column Step 5c: Content block completed successfully
    [Summon WASM] Column Step 5: SUCCESS - Container context completed
    [Summon WASM] Column Step 6: Appending/Registering Column element wasm-elem-10 to container
    [Summon WASM] Appending element wasm-elem-10 to container wasm-elem-8
    [Summon WASM] Column Step 6: SUCCESS - Element appended/registered
    [Summon WASM] createOrReuseElement: Starting for div with ID column-2
    [Summon WASM] createOrReuseElement: No element found in recomposition cache for: column-2
    [Summon WASM] createFreshElement: Creating new div element with ID column-2
    [Summon WASM] createFreshElement: Created element type: WasmDOMElementWrapper
    [Summon WASM] createFreshElement: New element validation successful
    [Summon WASM] createFreshElement: Created and cached new element: column-2
    [Summon WASM] Column Step 1: Setting class attribute for column-2
    [Summon WASM] Column Step 1: SUCCESS - Class attribute set
    [Summon WASM] Column Step 2: Getting native element ID for column-2
    [Summon WASM] Column Step 2: SUCCESS - Got element ID: wasm-elem-14
    [Summon WASM] Column Step 3: Applying flexbox layout for wasm-elem-14
    [Summon WASM] Column Step 3: SUCCESS - Flexbox layout applied
    [Summon WASM] Column Step 4: Applying modifier to element wasm-elem-14
    [Summon WASM] Column Step 4: SUCCESS - Modifier applied
    [Summon WASM] Column Step 5: Setting up container context for wasm-elem-14
    [Summon WASM] Column Step 5a: Inside container context
    [Summon WASM] Column Step 5b: Executing content block directly (no extension receiver)
    [Summon WASM] createOrReuseElement: Starting for span with ID text--307420549
    [Summon WASM] createOrReuseElement: Found cached element type: WasmDOMElementWrapper
    [Summon WASM] createOrReuseElement: Reusing valid recomposition element: text--307420549
    [Summon WASM] Appending/Registering Text element wasm-elem-11 to container
    [Summon WASM] Element wasm-elem-11 already placed in this recomposition, skipping
    [Summon WASM] renderButton called, onClick = WasmDOMIntegrationTest$button click should trigger recomposition without errors$CounterApp$lambda$lambda@1571484427
    [Summon WASM] createOrReuseElement: Starting for button with ID button-increment-59f4d867
    [Summon WASM] createOrReuseElement: Found cached element type: WasmDOMElementWrapper
    [Summon WASM] createOrReuseElement: Reusing valid recomposition element: button-increment-59f4d867
    [Summon WASM] attachEventListenerWithHydration called: eventType=click, elementId=wasm-elem-12, isHydrating=false
    [Summon WASM] [Summon WASM] Registering event callback: evh-2-eec81ff1
    [Summon WASM] Successfully registered click handler for wasm-elem-12 with ID: evh-2-eec81ff1
    [Summon WASM] createOrReuseElement: Starting for span with ID text-664316751
    [Summon WASM] createOrReuseElement: Found cached element type: WasmDOMElementWrapper
    [Summon WASM] createOrReuseElement: Reusing valid recomposition element: text-664316751
    [Summon WASM] Appending/Registering Text element wasm-elem-13 to container
    [Summon WASM] Element wasm-elem-13 already placed in this recomposition, skipping
    [Summon WASM] Appending/Registering Button element wasm-elem-12 to container
    [Summon WASM] Element wasm-elem-12 already placed in this recomposition, skipping
    [Summon WASM] Column Step 5c: Content block completed successfully
    [Summon WASM] Column Step 5: SUCCESS - Container context completed
    [Summon WASM] Column Step 6: Appending/Registering Column element wasm-elem-14 to container
    [Summon WASM] Appending element wasm-elem-14 to container wasm-elem-8
    [Summon WASM] Column Step 6: SUCCESS - Element appended/registered

codes.yousef.summon.integration.WasmDOMIntegrationTest.button click should trigger recomposition without errors[wasmJs, node] PASSED

codes.yousef.summon.integration.WasmDOMIntegrationTest.renderer should handle element cache validation failures gracefully[wasmJs, node] STANDARD_OUT
    [Summon WASM] WASM PlatformRenderer initialized with root: test-root
    [Summon WASM] renderButton called, onClick = WasmDOMIntegrationTest$renderer should handle element cache validation failures gracefully$SimpleButton$lambda@1733191202
    [Summon WASM] createOrReuseElement: Starting for button with ID button-test-button-1f716018
    [Summon WASM] createOrReuseElement: No element found in recomposition cache for: button-test-button-1f716018
    [Summon WASM] createFreshElement: Creating new button element with ID button-test-button-1f716018
    [Summon WASM] createFreshElement: Created element type: WasmDOMElementWrapper
    [Summon WASM] createFreshElement: New element validation successful
    [Summon WASM] createFreshElement: Created and cached new element: button-test-button-1f716018
    [Summon WASM] attachEventListenerWithHydration called: eventType=click, elementId=wasm-elem-15, isHydrating=false
    [Summon WASM] [Summon WASM] Registering event callback: evh-1-8d7ad1b4
    [Summon WASM] Successfully registered click handler for wasm-elem-15 with ID: evh-1-8d7ad1b4
    [Summon WASM] createOrReuseElement: Starting for span with ID text--52889984
    [Summon WASM] createOrReuseElement: No element found in recomposition cache for: text--52889984
    [Summon WASM] createFreshElement: Creating new span element with ID text--52889984
    [Summon WASM] createFreshElement: Created element type: WasmDOMElementWrapper
    [Summon WASM] createFreshElement: New element validation successful
    [Summon WASM] createFreshElement: Created and cached new element: text--52889984
    [Summon WASM] Appending/Registering Text element wasm-elem-16 to container
    [Summon WASM] Appending element wasm-elem-16 to container wasm-elem-15
    [Summon WASM] Appending/Registering Button element wasm-elem-15 to container
    [Summon WASM] Appending element wasm-elem-15 to container test-root
    [Summon WASM] renderButton called, onClick = WasmDOMIntegrationTest$renderer should handle element cache validation failures gracefully$SimpleButton$lambda@1733191202
    [Summon WASM] createOrReuseElement: Starting for button with ID button-test-button-1f716018
    [Summon WASM] createOrReuseElement: Found cached element type: WasmDOMElementWrapper
    [Summon WASM] createOrReuseElement: Reusing valid recomposition element: button-test-button-1f716018
    [Summon WASM] attachEventListenerWithHydration called: eventType=click, elementId=wasm-elem-15, isHydrating=false
    [Summon WASM] [Summon WASM] Registering event callback: evh-2-8d7ad1b4
    [Summon WASM] Successfully registered click handler for wasm-elem-15 with ID: evh-2-8d7ad1b4
    [Summon WASM] createOrReuseElement: Starting for span with ID text--52889984
    [Summon WASM] createOrReuseElement: Found cached element type: WasmDOMElementWrapper
    [Summon WASM] createOrReuseElement: Reusing valid recomposition element: text--52889984
    [Summon WASM] Appending/Registering Text element wasm-elem-16 to container
    [Summon WASM] Element wasm-elem-16 already placed in this recomposition, skipping
    [Summon WASM] Appending/Registering Button element wasm-elem-15 to container
    [Summon WASM] Element wasm-elem-15 already placed in this recomposition, skipping

codes.yousef.summon.integration.WasmDOMIntegrationTest.renderer should handle element cache validation failures gracefully[wasmJs, node] PASSED

codes.yousef.summon.integration.WasmDOMIntegrationTest.wasmDOMIntegration should work when implemented[wasmJs, node] PASSED

codes.yousef.summon.integration.WasmDOMIntegrationTest.elementManipulation should work when implemented[wasmJs, node] PASSED

codes.yousef.summon.integration.WasmDOMIntegrationTest.eventHandling should work when implemented[wasmJs, node] PASSED

codes.yousef.summon.integration.WasmDOMIntegrationTest.performanceOptimization should work when implemented[wasmJs, node] PASSED

codes.yousef.summon.integration.WasmDOMIntegrationTest.composableRendering should work when implemented[wasmJs, node] PASSED

codes.yousef.summon.integration.WasmDOMIntegrationTest.todo buttons mutate list as expected[wasmJs, node] SKIPPED

codes.yousef.summon.integration.WasmHydrationTest.wasmHydration should work when implemented[wasmJs, node] PASSED

codes.yousef.summon.integration.WasmHydrationTest.ssrToWasmTransition should work when implemented[wasmJs, node] PASSED

codes.yousef.summon.integration.WasmHydrationTest.statePreservation should work when implemented[wasmJs, node] PASSED

codes.yousef.summon.integration.WasmHydrationTest.composableHydration should work when implemented[wasmJs, node] PASSED

codes.yousef.summon.integration.WasmHydrationTest.asyncHydration should work when implemented[wasmJs, node] PASSED

codes.yousef.summon.web.SharedWebCodeTest.testWebMainCodeAccessible[wasmJs, node] PASSED

codes.yousef.summon.web.SharedWebCodeTest.testWebDOMInterfacesAvailable[wasmJs, node] PASSED

codes.yousef.summon.web.SharedWebCodeTest.testWebDOMUtilsAvailable[wasmJs, node] PASSED

> Task :summon-core:wasmJsNodeTest

963 tests completed, 1 failed, 1 skipped

> Task :summon-core:wasmJsNodeTest FAILED

FAILURE: Build failed with an exception.

* What went wrong:
Execution failed for task ':summon-core:wasmJsNodeTest'.
> There were failing tests. See the report at: file:///home/yousef/Projects/kmp/summon/summon-core/build/reports/tests/wasmJsNodeTest/index.html

* Try:
> Run with --scan to get full insights.

BUILD FAILED in 6s
20 actionable tasks: 3 executed, 17 up-to-date
